******************************************************************************
                  TI ARM Linker PC v20.2.7                     
******************************************************************************
>> Linked Tue Jun  4 22:47:10 2024

OUTPUT FILE NAME:   <lab3_part3.out>
ENTRY POINT SYMBOL: "_c_int00_noargs"  address: 20008789


MEMORY CONFIGURATION

         name            origin    length      used     unused   attr    fill
----------------------  --------  ---------  --------  --------  ----  --------
  SRAM_CODE             20004000   00013000  00005412  0000dbee  RW X
  SRAM_DATA             20017000   00019000  00000aa9  00018557  RW X


SEGMENT ALLOCATION MAP

run origin  load origin   length   init length attrs members
----------  ----------- ---------- ----------- ----- -------
20004000    20004000    00005418   00005418    r-x
  20004000    20004000    00000400   00000400    r-- .intvecs
  20004400    20004400    000047ce   000047ce    r-x .text
  20008bd0    20008bd0    000007cc   000007cc    r-- .const
  200093a0    200093a0    00000078   00000078    r-- .cinit
20017000    20017000    000009ac   00000000    rw-
  20017000    20017000    00000800   00000000    rw- .sysmem
  20017800    20017800    00000135   00000000    rw- .bss
  20017938    20017938    00000074   00000000    rw- .data
2002ff00    2002ff00    00000100   00000000    rw-
  2002ff00    2002ff00    00000100   00000000    rw- .stack


SECTION ALLOCATION MAP

 output                                  attributes/
section   page    origin      length       input sections
--------  ----  ----------  ----------   ----------------
.intvecs   0    20004000    00000400     
                  20004000    00000400     startup_ccs.obj (.intvecs)

.init_array 
*          0    20004000    00000000     UNINITIALIZED

.text      0    20004400    000047ce     
                  20004400    00000a80     Adafruit_GFX.obj (.text)
                  20004e80    00000a4e     rtsv7M4_T_le_eabi.lib : _printfi.c.obj (.text:__TI_printfi)
                  200058ce    00000002                           : _lock.c.obj (.text:_nop)
                  200058d0    000008b0     main.obj (.text)
                  20006180    000004a2     Adafruit_OLED.obj (.text)
                  20006622    00000002     rtsv7M4_T_le_eabi.lib : div0.asm.obj (.text)
                  20006624    0000027c     uart_if.obj (.text)
                  200068a0    00000268     rtsv7M4_T_le_eabi.lib : _printfi.c.obj (.text:_pconv_a)
                  20006b08    000001cc                           : _printfi.c.obj (.text:_pconv_g)
                  20006cd4    000001b6                           : fd_add_t2.asm.obj (.text)
                  20006e8a    00000002     --HOLE-- [fill = 0]
                  20006e8c    00000178     driverlib.a : prcm.obj (.text:PRCMCC3200MCUInit)
                  20007004    0000013c     rtsv7M4_T_le_eabi.lib : _printfi.c.obj (.text:_pconv_e)
                  20007140    00000136                           : fd_div_t2.asm.obj (.text)
                  20007276    00000002     --HOLE-- [fill = 0]
                  20007278    00000128     pin_mux_config.obj (.text)
                  200073a0    00000120     rtsv7M4_T_le_eabi.lib : _printfi.c.obj (.text:fcvt)
                  200074c0    00000100                           : memory.c.obj (.text:aligned_alloc)
                  200075c0    000000fc                           : fd_mul_t2.asm.obj (.text)
                  200076bc    000000e4                           : memory.c.obj (.text:free)
                  200077a0    000000e4                           : memory.c.obj (.text:realloc)
                  20007884    000000d0                           : s_scalbn.c.obj (.text:scalbn)
                  20007954    000000b1                           : _printfi.c.obj (.text:_ltostr)
                  20007a05    00000003     --HOLE-- [fill = 0]
                  20007a08    000000a8     driverlib.a : interrupt.obj (.text:IntEnable)
                  20007ab0    000000a0                 : spi.obj (.text:SPIConfigSetExpClk)
                  20007b50    0000009c     rtsv7M4_T_le_eabi.lib : memcpy_t2.asm.obj (.text)
                  20007bec    00000096                           : ull_div_t2.asm.obj (.text)
                  20007c82    00000002     --HOLE-- [fill = 0]
                  20007c84    00000094     driverlib.a : prcm.obj (.text:PRCMPeripheralClockGet)
                  20007d18    00000088                 : pin.obj (.text:PinConfigSet)
                  20007da0    00000086     rtsv7M4_T_le_eabi.lib : fd_cmp_t2.asm.obj (.text:__aeabi_cdcmple)
                  20007e26    00000086                           : fd_cmp_t2.asm.obj (.text:__aeabi_cdrcmple)
                  20007eac    00000082     driverlib.a : gpio.obj (.text:GPIOIntTypeSet)
                  20007f2e    0000007a     rtsv7M4_T_le_eabi.lib : memset_t2.asm.obj (.text)
                  20007fa8    00000076     driverlib.a : uart.obj (.text:UARTConfigSetExpClk)
                  2000801e    00000002     --HOLE-- [fill = 0]
                  20008020    00000070     rtsv7M4_T_le_eabi.lib : memory.c.obj (.text:split)
                  20008090    0000006e                           : _printfi.c.obj (.text:_mcpy)
                  200080fe    00000068                           : copy_decompress_lzss.c.obj (.text:decompress:lzss:__TI_decompress_lzss)
                  20008166    00000002     --HOLE-- [fill = 0]
                  20008168    0000005c                           : s_frexp.c.obj (.text:frexp)
                  200081c4    00000058     driverlib.a : prcm.obj (.text:PRCMPeripheralReset)
                  2000821c    00000056     rtsv7M4_T_le_eabi.lib : _printfi.c.obj (.text:_pconv_f)
                  20008272    00000054                           : _ltoa.c.obj (.text:__TI_ltoa)
                  200082c6    00000052                           : _printfi.c.obj (.text:_ecpy)
                  20008318    0000004c                           : atoi.c.obj (.text:atoi)
                  20008364    00000048     driverlib.a : gpio.obj (.text:GPIOGetIntNumber)
                  200083ac    00000048     rtsv7M4_T_le_eabi.lib : fd_toi_t2.asm.obj (.text)
                  200083f4    00000044     driverlib.a : uart.obj (.text:UARTIntNumberGet)
                  20008438    00000044     rtsv7M4_T_le_eabi.lib : autoinit.c.obj (.text:__TI_auto_init_nobinit_nopinit:__TI_auto_init_nobinit_nopinit)
                  2000847c    00000040     driverlib.a : pin.obj (.text:PinModeSet)
                  200084bc    00000040     rtsv7M4_T_le_eabi.lib : vsnprintf.c.obj (.text:vsnprintf)
                  200084fc    0000003e                           : _printfi.c.obj (.text:_fcpy)
                  2000853a    00000002     --HOLE-- [fill = 0]
                  2000853c    0000003c     driverlib.a : prcm.obj (.text:PRCMPeripheralClkEnable)
                  20008578    00000036                 : gpio.obj (.text:GPIODirModeSet)
                  200085ae    00000030                 : pin.obj (.text:PinTypeGPIO)
                  200085de    00000002     --HOLE-- [fill = 0]
                  200085e0    00000030                 : uart.obj (.text:UARTDisable)
                  20008610    00000030     rtsv7M4_T_le_eabi.lib : vsnprintf.c.obj (.text:_outs)
                  20008640    0000002e                           : i_tofd_t2.asm.obj (.text)
                  2000866e    0000002e                           : strncat.c.obj (.text:strncat)
                  2000869c    0000002c     driverlib.a : prcm.obj (.text:PRCMSysResetCauseGet)
                  200086c8    00000028                 : prcm.obj (.text:PRCMPeripheralClkDisable)
                  200086f0    00000028     rtsv7M4_T_le_eabi.lib : memory.c.obj (.text:free_list_insert)
                  20008718    00000028                           : memmov.c.obj (.text:memmove)
                  20008740    00000024     driverlib.a : uart.obj (.text:UARTCharPutNonBlocking)
                  20008764    00000024                 : uart.obj (.text:UARTEnable)
                  20008788    00000024     rtsv7M4_T_le_eabi.lib : boot_cortex_m.c.obj (.text:_c_int00_noargs:_c_int00_noargs)
                  200087ac    00000022     driverlib.a : gpio.obj (.text:GPIOIntStatus)
                  200087ce    00000022                 : spi.obj (.text:SPIReset)
                  200087f0    00000020                 : gpio.obj (.text:GPIOPinWrite)
                  20008810    00000020                 : interrupt.obj (.text:IntRegister)
                  20008830    00000020                 : spi.obj (.text:SPIDataGet)
                  20008850    0000001e                 : gpio.obj (.text:GPIOIntRegister)
                  2000886e    0000001e                 : spi.obj (.text:SPIDataPut)
                  2000888c    0000001e                 : uart.obj (.text:UARTCharPut)
                  200088aa    0000001e                 : uart.obj (.text:UARTIntRegister)
                  200088c8    0000001e                 : uart.obj (.text:UARTIntStatus)
                  200088e6    00000002     --HOLE-- [fill = 0]
                  200088e8    0000001c                 : systick.obj (.text:SysTickIntRegister)
                  20008904    0000001c                 : uart.obj (.text:UARTCharGetNonBlocking)
                  20008920    0000001c     rtsv7M4_T_le_eabi.lib : copy_zero_init.c.obj (.text:decompress:ZI:__TI_zero_init_nomemset:__TI_zero_init_nomemset)
                  2000893c    0000001c                           : memory.c.obj (.text:free_list_remove)
                  20008958    0000001c                           : memccpy.c.obj (.text:memccpy)
                  20008974    0000001a     driverlib.a : gpio.obj (.text:GPIOIntEnable)
                  2000898e    0000001a                 : pin.obj (.text:PinTypeSPI)
                  200089a8    0000001a                 : pin.obj (.text:PinTypeUART)
                  200089c2    00000018                 : spi.obj (.text:SPICSDisable)
                  200089da    00000018                 : spi.obj (.text:SPICSEnable)
                  200089f2    00000018                 : spi.obj (.text:SPIEnable)
                  20008a0a    00000002     --HOLE-- [fill = 0]
                  20008a0c    00000018                 : systick.obj (.text:SysTickPeriodSet)
                  20008a24    00000018                 : uart.obj (.text:UARTCharsAvail)
                  20008a3c    00000018                 : uart.obj (.text:UARTIntEnable)
                  20008a54    00000018     rtsv7M4_T_le_eabi.lib : vsnprintf.c.obj (.text:_outc)
                  20008a6c    00000018                           : ll_mul_t2.asm.obj (.text)
                  20008a84    00000016     driverlib.a : prcm.obj (.text:PRCMHIBRegRead)
                  20008a9a    00000016                 : prcm.obj (.text:PRCMHIBRegWrite)
                  20008ab0    00000016     rtsv7M4_T_le_eabi.lib : strchr.c.obj (.text:strchr)
                  20008ac6    00000014     driverlib.a : cpu.obj (.text:CPUcpsie)
                  20008ada    00000014                 : gpio.obj (.text:GPIOIntClear)
                  20008aee    00000002     --HOLE-- [fill = 0]
                  20008af0    00000014                 : interrupt.obj (.text:IntVTableBaseSet)
                  20008b04    00000014     rtsv7M4_T_le_eabi.lib : strcpy.c.obj (.text:strcpy)
                  20008b18    00000014                           : strlen.c.obj (.text:strlen)
                  20008b2c    00000012     driverlib.a : uart.obj (.text:UARTIntClear)
                  20008b3e    00000012     rtsv7M4_T_le_eabi.lib : wcslen.c.obj (.text:wcslen)
                  20008b50    00000010     driverlib.a : systick.obj (.text:SysTickEnable)
                  20008b60    00000010                 : systick.obj (.text:SysTickIntEnable)
                  20008b70    0000000e     rtsv7M4_T_le_eabi.lib : copy_decompress_none.c.obj (.text:decompress:none:__TI_decompress_none)
                  20008b7e    0000000e     startup_ccs.obj (.text)
                  20008b8c    0000000c     driverlib.a : systick.obj (.text:SysTickValueGet)
                  20008b98    0000000c     rtsv7M4_T_le_eabi.lib : s_copysign.c.obj (.text:copysign)
                  20008ba4    0000000a     driverlib.a : interrupt.obj (.text:IntMasterEnable)
                  20008bae    00000002     --HOLE-- [fill = 0]
                  20008bb0    00000008     rtsv7M4_T_le_eabi.lib : errno.c.obj (.text:__aeabi_errno_addr)
                  20008bb8    00000008                           : memory.c.obj (.text:malloc)
                  20008bc0    00000006     driverlib.a : utils.obj (.text:UtilsDelay)
                  20008bc6    00000004     rtsv7M4_T_le_eabi.lib : pre_init.c.obj (.text:_system_pre_init)
                  20008bca    00000004                           : exit.c.obj (.text:abort:abort)

.const     0    20008bd0    000007cc     
                  20008bd0    000004fb     Adafruit_GFX.obj (.const:.string:font)
                  200090cb    00000101     rtsv7M4_T_le_eabi.lib : ctype.c.obj (.const:.string:_ctypes_)
                  200091cc    00000100     driverlib.a : pin.obj (.const:g_ulPinToPadMap)
                  200092cc    000000a8                 : prcm.obj (.const:PRCM_PeriphRegsList)
                  20009374    00000018                 : interrupt.obj (.const:g_pulEnRegs)
                  2000938c    00000010                 : uart.obj (.const:g_ppulUARTIntMap)

.cinit     0    200093a0    00000078     
                  200093a0    00000054     (.cinit..data.load) [load image, compression = lzss]
                  200093f4    0000000c     (__TI_handler_table)
                  20009400    00000008     (.cinit..bss.load) [load image, compression = zero_init]
                  20009408    00000010     (__TI_cinit_table)

.sysmem    0    20017000    00000800     UNINITIALIZED
                  20017000    00000010     rtsv7M4_T_le_eabi.lib : memory.c.obj (.sysmem)
                  20017010    000007f0     --HOLE--

.bss       0    20017800    00000135     UNINITIALIZED
                  20017800    00000064     (.common:output)
                  20017864    00000064     (.common:storedOutput)
                  200178c8    00000064     (.common:txBuffer)
                  2001792c    00000004     uart_if.obj (.bss)
                  20017930    00000004     (.common:charCounter)
                  20017934    00000001     (.common:currentChar)

.data      0    20017938    00000074     UNINITIALIZED
                  20017938    00000048     main.obj (.data)
                  20017980    00000015     Adafruit_GFX.obj (.data)
                  20017995    00000003     --HOLE--
                  20017998    00000008     rtsv7M4_T_le_eabi.lib : _lock.c.obj (.data:$O1$$)
                  200179a0    00000008                           : memory.c.obj (.data:$O1$$)
                  200179a8    00000004                           : errno.c.obj (.data)

.stack     0    2002ff00    00000100     UNINITIALIZED
                  2002ff00    00000004     rtsv7M4_T_le_eabi.lib : boot_cortex_m.c.obj (.stack)
                  2002ff04    000000fc     --HOLE--

__llvm_prf_cnts 
*          0    20017000    00000000     UNINITIALIZED

MODULE SUMMARY

       Module                       code    ro data   rw data
       ------                       ----    -------   -------
    .\
       main.obj                     2224    0         377    
       startup_ccs.obj              14      1024      0      
       uart_if.obj                  636     0         4      
       pin_mux_config.obj           296     0         0      
    +--+----------------------------+-------+---------+---------+
       Total:                       3170    1024      381    
                                                             
    .\oled\
       Adafruit_GFX.obj             2688    1275      21     
       Adafruit_OLED.obj            1186    0         0      
    +--+----------------------------+-------+---------+---------+
       Total:                       3874    1275      21     
                                                             
    C:/ti/CC3200SDK_1.5.0/cc3200-sdk/driverlib/ccs/Release/driverlib.a
       prcm.obj                     800     168       0      
       pin.obj                      300     256       0      
       uart.obj                     490     16        0      
       gpio.obj                     398     0         0      
       spi.obj                      328     0         0      
       interrupt.obj                230     24        0      
       systick.obj                  96      0         0      
       cpu.obj                      20      0         0      
       utils.obj                    6       0         0      
    +--+----------------------------+-------+---------+---------+
       Total:                       2668    464       0      
                                                             
    C:\ti\ccs1260\ccs\tools\compiler\ti-cgt-arm_20.2.7.LTS\lib\rtsv7M4_T_le_eabi.lib
       _printfi.c.obj               4835    0         0      
       memory.c.obj                 900     0         8      
       fd_add_t2.asm.obj            438     0         0      
       fd_div_t2.asm.obj            310     0         0      
       fd_cmp_t2.asm.obj            268     0         0      
       ctype.c.obj                  0       257       0      
       fd_mul_t2.asm.obj            252     0         0      
       s_scalbn.c.obj               208     0         0      
       memcpy_t2.asm.obj            156     0         0      
       ull_div_t2.asm.obj           150     0         0      
       vsnprintf.c.obj              136     0         0      
       memset_t2.asm.obj            122     0         0      
       copy_decompress_lzss.c.obj   104     0         0      
       s_frexp.c.obj                92      0         0      
       _ltoa.c.obj                  84      0         0      
       atoi.c.obj                   76      0         0      
       fd_toi_t2.asm.obj            72      0         0      
       autoinit.c.obj               68      0         0      
       i_tofd_t2.asm.obj            46      0         0      
       strncat.c.obj                46      0         0      
       memmov.c.obj                 40      0         0      
       boot_cortex_m.c.obj          36      0         0      
       copy_zero_init.c.obj         28      0         0      
       memccpy.c.obj                28      0         0      
       ll_mul_t2.asm.obj            24      0         0      
       strchr.c.obj                 22      0         0      
       strcpy.c.obj                 20      0         0      
       strlen.c.obj                 20      0         0      
       wcslen.c.obj                 18      0         0      
       copy_decompress_none.c.obj   14      0         0      
       errno.c.obj                  8       0         4      
       s_copysign.c.obj             12      0         0      
       _lock.c.obj                  2       0         8      
       exit.c.obj                   4       0         0      
       pre_init.c.obj               4       0         0      
       div0.asm.obj                 2       0         0      
    +--+----------------------------+-------+---------+---------+
       Total:                       8645    257       20     
                                                             
       Heap:                        0       0         2048   
       Stack:                       0       0         256    
       Linker Generated:            0       120       0      
    +--+----------------------------+-------+---------+---------+
       Grand Total:                 18357   3140      2726   


LINKER GENERATED COPY TABLES

__TI_cinit_table @ 20009408 records: 2, size/record: 8, table size: 16
	.data: load addr=200093a0, load size=00000054 bytes, run addr=20017938, run size=00000074 bytes, compression=lzss
	.bss: load addr=20009400, load size=00000008 bytes, run addr=20017800, run size=00000135 bytes, compression=zero_init


LINKER GENERATED HANDLER TABLE

__TI_handler_table @ 200093f4 records: 3, size/record: 4, table size: 12
	index: 0, handler: __TI_decompress_lzss
	index: 1, handler: __TI_decompress_none
	index: 2, handler: __TI_zero_init


GLOBAL SYMBOLS: SORTED ALPHABETICALLY BY Name 

address   name                          
-------   ----                          
20006209  Adafruit_Init                 
20008bcb  C$$EXIT                       
20008ac7  CPUcpsie                      
20006665  ClearTerm                     
2000637f  Color565                      
200058df  CommitCharacter               
20005a5f  ConfigureUARTInterrupts       
2000666f  Error                         
20008579  GPIODirModeSet                
20008adb  GPIOIntClear                  
20008975  GPIOIntEnable                 
20008851  GPIOIntRegister               
200087ad  GPIOIntStatus                 
20007ead  GPIOIntTypeSet                
200087f1  GPIOPinWrite                  
200066a7  GetCmd                        
20005e05  InitSPI                       
20006625  InitTerm                      
20007a09  IntEnable                     
20008ba5  IntMasterEnable               
20008811  IntRegister                   
20008af1  IntVTableBaseSet              
20006643  Message                       
20004dab  Outstr                        
20006e8d  PRCMCC3200MCUInit             
20008a85  PRCMHIBRegRead                
20008a9b  PRCMHIBRegWrite               
200086c9  PRCMPeripheralClkDisable      
2000853d  PRCMPeripheralClkEnable       
20007c85  PRCMPeripheralClockGet        
200081c5  PRCMPeripheralReset           
2000869d  PRCMSysResetCauseGet          
20007d19  PinConfigSet                  
2000847d  PinModeSet                    
20007279  PinMuxConfig                  
200085af  PinTypeGPIO                   
2000898f  PinTypeSPI                    
200089a9  PinTypeUART                   
20005959  PrintSentMessages             
200067e5  Report                        
20008b7f  ResetISR                      
200089c3  SPICSDisable                  
200089db  SPICSEnable                   
20007ab1  SPIConfigSetExpClk            
20008831  SPIDataGet                    
2000886f  SPIDataPut                    
200089f3  SPIEnable                     
200087cf  SPIReset                      
20008b51  SysTickEnable                 
20008b61  SysTickIntEnable              
200088e9  SysTickIntRegister            
20008a0d  SysTickPeriodSet              
200058d1  SysTickReset                  
20008b8d  SysTickValueGet               
2000674d  TrimSpace                     
20008905  UARTCharGetNonBlocking        
2000888d  UARTCharPut                   
20008741  UARTCharPutNonBlocking        
20008a25  UARTCharsAvail                
20007fa9  UARTConfigSetExpClk           
200085e1  UARTDisable                   
20008765  UARTEnable                    
20008b2d  UARTIntClear                  
20008a3d  UARTIntEnable                 
200059d5  UARTIntHandler                
200088ab  UARTIntRegister               
200088c9  UARTIntStatus                 
20008bc1  UtilsDelay                    
20030000  __STACK_END                   
00000100  __STACK_SIZE                  
00000800  __SYSMEM_SIZE                 
20009408  __TI_CINIT_Base               
20009418  __TI_CINIT_Limit              
200093f4  __TI_Handler_Table_Base       
20009400  __TI_Handler_Table_Limit      
20008439  __TI_auto_init_nobinit_nopinit
200080ff  __TI_decompress_lzss          
20008b71  __TI_decompress_none          
20008273  __TI_ltoa                     
ffffffff  __TI_pprof_out_hndl           
20004e81  __TI_printfi                  
ffffffff  __TI_prof_data_size           
ffffffff  __TI_prof_data_start          
200093a0  __TI_static_base__            
20008921  __TI_zero_init_nomemset       
20007da1  __aeabi_cdcmpeq               
20007da1  __aeabi_cdcmple               
20007e27  __aeabi_cdrcmple              
200083ad  __aeabi_d2iz                  
20006cdf  __aeabi_dadd                  
20007141  __aeabi_ddiv                  
200075c1  __aeabi_dmul                  
20006cd5  __aeabi_dsub                  
20008bb1  __aeabi_errno_addr            
20008641  __aeabi_i2d                   
20006623  __aeabi_idiv0                 
20006623  __aeabi_ldiv0                 
20008a6d  __aeabi_lmul                  
20007f2f  __aeabi_memclr                
20007f2f  __aeabi_memclr4               
20007f2f  __aeabi_memclr8               
20007b51  __aeabi_memcpy                
20007b51  __aeabi_memcpy4               
20007b51  __aeabi_memcpy8               
20007f31  __aeabi_memset                
20007f31  __aeabi_memset4               
20007f31  __aeabi_memset8               
20007bed  __aeabi_uldivmod              
ffffffff  __binit__                     
ffffffff  __c_args__                    
UNDEFED   __mpu_init                    
2002ff00  __stack                       
20017000  __start___llvm_prf_cnts       
20017000  __stop___llvm_prf_cnts        
20008789  _c_int00_noargs               
200090cb  _ctypes_                      
20017998  _lock                         
200058cf  _nop                          
20017000  _sys_memory                   
UNDEFED   _system_post_cinit            
20008bc7  _system_pre_init              
2001799c  _unlock                       
20008bcb  abort                         
200074c1  aligned_alloc                 
20008319  atoi                          
ffffffff  binit                         
20017964  button_eight                  
20017958  button_five                   
20017954  button_four                   
20017970  button_last                   
20017974  button_mute                   
20017968  button_nine                   
20017948  button_one                    
20017960  button_seven                  
2001795c  button_six                    
20017950  button_three                  
2001794c  button_two                    
2001796c  button_zero                   
20017930  charCounter                   
20017940  charX                         
20017944  charY                         
20008b99  copysign                      
20008b99  copysignl                     
20017934  currentChar                   
20017980  cursor_x                      
20017984  cursor_y                      
20017938  dataReceived                  
20004c5f  drawChar                      
20004401  drawCircle                    
20004535  drawCircleHelper              
2000652d  drawFastHLine                 
2000648d  drawFastVLine                 
2000477b  drawLine                      
200065c9  drawPixel                     
20004867  drawRect                      
200048b5  drawRoundRect                 
20004a1d  drawTriangle                  
200179a8  errno                         
20004653  fillCircle                    
2000468d  fillCircleHelper              
200063d7  fillRect                      
200049a3  fillRoundRect                 
200063c1  fillScreen                    
20004a5f  fillTriangle                  
200076bd  free                          
20008169  frexp                         
20008169  frexpl                        
20004000  g_pfnVectors                  
2000633b  goTo                          
20004e5f  height                        
20006607  invert                        
2001793c  lastCmd                       
20007885  ldexp                         
20007885  ldexpl                        
20006021  main                          
20008bb9  malloc                        
200074c1  memalign                      
20008959  memccpy                       
20007b51  memcpy                        
20008719  memmove                       
20007f37  memset                        
20017800  output                        
20005a73  parseForCharacter             
200077a1  realloc                       
20007885  scalbn                        
20007885  scalbnl                       
20004df7  setCursor                     
20004e2f  setTextColor                  
20004e0f  setTextSize                   
20004e47  setTextWrap                   
20017864  storedOutput                  
20008ab1  strchr                        
20008b05  strcpy                        
20008b19  strlen                        
2000866f  strncat                       
20017978  systick_cnt                   
20017990  textbgcolor                   
2001798c  textcolor                     
20017988  textsize                      
200178c8  txBuffer                      
2001797c  txIndex                       
200084bd  vsnprintf                     
20008b3f  wcslen                        
20004e5b  width                         
20017994  wrap                          
20006181  writeCommand                  
200061c5  writeData                     


GLOBAL SYMBOLS: SORTED BY Symbol Address 

address   name                          
-------   ----                          
00000100  __STACK_SIZE                  
00000800  __SYSMEM_SIZE                 
20004000  g_pfnVectors                  
20004401  drawCircle                    
20004535  drawCircleHelper              
20004653  fillCircle                    
2000468d  fillCircleHelper              
2000477b  drawLine                      
20004867  drawRect                      
200048b5  drawRoundRect                 
200049a3  fillRoundRect                 
20004a1d  drawTriangle                  
20004a5f  fillTriangle                  
20004c5f  drawChar                      
20004dab  Outstr                        
20004df7  setCursor                     
20004e0f  setTextSize                   
20004e2f  setTextColor                  
20004e47  setTextWrap                   
20004e5b  width                         
20004e5f  height                        
20004e81  __TI_printfi                  
200058cf  _nop                          
200058d1  SysTickReset                  
200058df  CommitCharacter               
20005959  PrintSentMessages             
200059d5  UARTIntHandler                
20005a5f  ConfigureUARTInterrupts       
20005a73  parseForCharacter             
20005e05  InitSPI                       
20006021  main                          
20006181  writeCommand                  
200061c5  writeData                     
20006209  Adafruit_Init                 
2000633b  goTo                          
2000637f  Color565                      
200063c1  fillScreen                    
200063d7  fillRect                      
2000648d  drawFastVLine                 
2000652d  drawFastHLine                 
200065c9  drawPixel                     
20006607  invert                        
20006623  __aeabi_idiv0                 
20006623  __aeabi_ldiv0                 
20006625  InitTerm                      
20006643  Message                       
20006665  ClearTerm                     
2000666f  Error                         
200066a7  GetCmd                        
2000674d  TrimSpace                     
200067e5  Report                        
20006cd5  __aeabi_dsub                  
20006cdf  __aeabi_dadd                  
20006e8d  PRCMCC3200MCUInit             
20007141  __aeabi_ddiv                  
20007279  PinMuxConfig                  
200074c1  aligned_alloc                 
200074c1  memalign                      
200075c1  __aeabi_dmul                  
200076bd  free                          
200077a1  realloc                       
20007885  ldexp                         
20007885  ldexpl                        
20007885  scalbn                        
20007885  scalbnl                       
20007a09  IntEnable                     
20007ab1  SPIConfigSetExpClk            
20007b51  __aeabi_memcpy                
20007b51  __aeabi_memcpy4               
20007b51  __aeabi_memcpy8               
20007b51  memcpy                        
20007bed  __aeabi_uldivmod              
20007c85  PRCMPeripheralClockGet        
20007d19  PinConfigSet                  
20007da1  __aeabi_cdcmpeq               
20007da1  __aeabi_cdcmple               
20007e27  __aeabi_cdrcmple              
20007ead  GPIOIntTypeSet                
20007f2f  __aeabi_memclr                
20007f2f  __aeabi_memclr4               
20007f2f  __aeabi_memclr8               
20007f31  __aeabi_memset                
20007f31  __aeabi_memset4               
20007f31  __aeabi_memset8               
20007f37  memset                        
20007fa9  UARTConfigSetExpClk           
200080ff  __TI_decompress_lzss          
20008169  frexp                         
20008169  frexpl                        
200081c5  PRCMPeripheralReset           
20008273  __TI_ltoa                     
20008319  atoi                          
200083ad  __aeabi_d2iz                  
20008439  __TI_auto_init_nobinit_nopinit
2000847d  PinModeSet                    
200084bd  vsnprintf                     
2000853d  PRCMPeripheralClkEnable       
20008579  GPIODirModeSet                
200085af  PinTypeGPIO                   
200085e1  UARTDisable                   
20008641  __aeabi_i2d                   
2000866f  strncat                       
2000869d  PRCMSysResetCauseGet          
200086c9  PRCMPeripheralClkDisable      
20008719  memmove                       
20008741  UARTCharPutNonBlocking        
20008765  UARTEnable                    
20008789  _c_int00_noargs               
200087ad  GPIOIntStatus                 
200087cf  SPIReset                      
200087f1  GPIOPinWrite                  
20008811  IntRegister                   
20008831  SPIDataGet                    
20008851  GPIOIntRegister               
2000886f  SPIDataPut                    
2000888d  UARTCharPut                   
200088ab  UARTIntRegister               
200088c9  UARTIntStatus                 
200088e9  SysTickIntRegister            
20008905  UARTCharGetNonBlocking        
20008921  __TI_zero_init_nomemset       
20008959  memccpy                       
20008975  GPIOIntEnable                 
2000898f  PinTypeSPI                    
200089a9  PinTypeUART                   
200089c3  SPICSDisable                  
200089db  SPICSEnable                   
200089f3  SPIEnable                     
20008a0d  SysTickPeriodSet              
20008a25  UARTCharsAvail                
20008a3d  UARTIntEnable                 
20008a6d  __aeabi_lmul                  
20008a85  PRCMHIBRegRead                
20008a9b  PRCMHIBRegWrite               
20008ab1  strchr                        
20008ac7  CPUcpsie                      
20008adb  GPIOIntClear                  
20008af1  IntVTableBaseSet              
20008b05  strcpy                        
20008b19  strlen                        
20008b2d  UARTIntClear                  
20008b3f  wcslen                        
20008b51  SysTickEnable                 
20008b61  SysTickIntEnable              
20008b71  __TI_decompress_none          
20008b7f  ResetISR                      
20008b8d  SysTickValueGet               
20008b99  copysign                      
20008b99  copysignl                     
20008ba5  IntMasterEnable               
20008bb1  __aeabi_errno_addr            
20008bb9  malloc                        
20008bc1  UtilsDelay                    
20008bc7  _system_pre_init              
20008bcb  C$$EXIT                       
20008bcb  abort                         
200090cb  _ctypes_                      
200093a0  __TI_static_base__            
200093f4  __TI_Handler_Table_Base       
20009400  __TI_Handler_Table_Limit      
20009408  __TI_CINIT_Base               
20009418  __TI_CINIT_Limit              
20017000  __start___llvm_prf_cnts       
20017000  __stop___llvm_prf_cnts        
20017000  _sys_memory                   
20017800  output                        
20017864  storedOutput                  
200178c8  txBuffer                      
20017930  charCounter                   
20017934  currentChar                   
20017938  dataReceived                  
2001793c  lastCmd                       
20017940  charX                         
20017944  charY                         
20017948  button_one                    
2001794c  button_two                    
20017950  button_three                  
20017954  button_four                   
20017958  button_five                   
2001795c  button_six                    
20017960  button_seven                  
20017964  button_eight                  
20017968  button_nine                   
2001796c  button_zero                   
20017970  button_last                   
20017974  button_mute                   
20017978  systick_cnt                   
2001797c  txIndex                       
20017980  cursor_x                      
20017984  cursor_y                      
20017988  textsize                      
2001798c  textcolor                     
20017990  textbgcolor                   
20017994  wrap                          
20017998  _lock                         
2001799c  _unlock                       
200179a8  errno                         
2002ff00  __stack                       
20030000  __STACK_END                   
ffffffff  __TI_pprof_out_hndl           
ffffffff  __TI_prof_data_size           
ffffffff  __TI_prof_data_start          
ffffffff  __binit__                     
ffffffff  __c_args__                    
ffffffff  binit                         
UNDEFED   __mpu_init                    
UNDEFED   _system_post_cinit            

[207 symbols]
