<?xml version="1.0" encoding="ISO-8859-1" ?>
<link_info>
   <banner>TI ARM Linker PC v20.2.7.LTS</banner>
   <copyright>Copyright (c) 1996-2018 Texas Instruments Incorporated</copyright>
   <link_time>0x665ffbde</link_time>
   <link_errors>0x0</link_errors>
   <output_file>lab3_part3.out</output_file>
   <entry_point>
      <name>_c_int00_noargs</name>
      <address>0x20008789</address>
   </entry_point>
   <input_file_list>
      <input_file id="fl-2">
         <path>.\</path>
         <kind>object</kind>
         <file>main.obj</file>
         <name>main.obj</name>
      </input_file>
      <input_file id="fl-3">
         <path>.\</path>
         <kind>object</kind>
         <file>pin_mux_config.obj</file>
         <name>pin_mux_config.obj</name>
      </input_file>
      <input_file id="fl-4">
         <path>.\</path>
         <kind>object</kind>
         <file>startup_ccs.obj</file>
         <name>startup_ccs.obj</name>
      </input_file>
      <input_file id="fl-5">
         <path>.\</path>
         <kind>object</kind>
         <file>timer_if.obj</file>
         <name>timer_if.obj</name>
      </input_file>
      <input_file id="fl-6">
         <path>.\</path>
         <kind>object</kind>
         <file>uart_if.obj</file>
         <name>uart_if.obj</name>
      </input_file>
      <input_file id="fl-7">
         <path>.\oled\</path>
         <kind>object</kind>
         <file>Adafruit_GFX.obj</file>
         <name>Adafruit_GFX.obj</name>
      </input_file>
      <input_file id="fl-8">
         <path>.\oled\</path>
         <kind>object</kind>
         <file>Adafruit_OLED.obj</file>
         <name>Adafruit_OLED.obj</name>
      </input_file>
      <input_file id="fl-9">
         <path>.\oled\</path>
         <kind>object</kind>
         <file>oled_test.obj</file>
         <name>oled_test.obj</name>
      </input_file>
      <input_file id="fl-e">
         <kind>object</kind>
         <file>&lt;internal&gt;</file>
         <name>&lt;internal&gt;</name>
      </input_file>
      <input_file id="fl-f">
         <path>C:\ti\CC3200SDK_1.5.0\cc3200-sdk\driverlib\ccs\Release\</path>
         <kind>archive</kind>
         <file>driverlib.a</file>
         <name>gpio.obj</name>
      </input_file>
      <input_file id="fl-10">
         <path>C:\ti\CC3200SDK_1.5.0\cc3200-sdk\driverlib\ccs\Release\</path>
         <kind>archive</kind>
         <file>driverlib.a</file>
         <name>interrupt.obj</name>
      </input_file>
      <input_file id="fl-11">
         <path>C:\ti\CC3200SDK_1.5.0\cc3200-sdk\driverlib\ccs\Release\</path>
         <kind>archive</kind>
         <file>driverlib.a</file>
         <name>pin.obj</name>
      </input_file>
      <input_file id="fl-12">
         <path>C:\ti\CC3200SDK_1.5.0\cc3200-sdk\driverlib\ccs\Release\</path>
         <kind>archive</kind>
         <file>driverlib.a</file>
         <name>prcm.obj</name>
      </input_file>
      <input_file id="fl-13">
         <path>C:\ti\CC3200SDK_1.5.0\cc3200-sdk\driverlib\ccs\Release\</path>
         <kind>archive</kind>
         <file>driverlib.a</file>
         <name>spi.obj</name>
      </input_file>
      <input_file id="fl-14">
         <path>C:\ti\CC3200SDK_1.5.0\cc3200-sdk\driverlib\ccs\Release\</path>
         <kind>archive</kind>
         <file>driverlib.a</file>
         <name>systick.obj</name>
      </input_file>
      <input_file id="fl-15">
         <path>C:\ti\CC3200SDK_1.5.0\cc3200-sdk\driverlib\ccs\Release\</path>
         <kind>archive</kind>
         <file>driverlib.a</file>
         <name>timer.obj</name>
      </input_file>
      <input_file id="fl-16">
         <path>C:\ti\CC3200SDK_1.5.0\cc3200-sdk\driverlib\ccs\Release\</path>
         <kind>archive</kind>
         <file>driverlib.a</file>
         <name>uart.obj</name>
      </input_file>
      <input_file id="fl-17">
         <path>C:\ti\CC3200SDK_1.5.0\cc3200-sdk\driverlib\ccs\Release\</path>
         <kind>archive</kind>
         <file>driverlib.a</file>
         <name>utils.obj</name>
      </input_file>
      <input_file id="fl-18">
         <path>C:\ti\CC3200SDK_1.5.0\cc3200-sdk\driverlib\ccs\Release\</path>
         <kind>archive</kind>
         <file>driverlib.a</file>
         <name>cpu.obj</name>
      </input_file>
      <input_file id="fl-19">
         <path>C:\ti\CC3200SDK_1.5.0\cc3200-sdk\driverlib\ccs\Release\</path>
         <kind>archive</kind>
         <file>driverlib.a</file>
         <name>flash.obj</name>
      </input_file>
      <input_file id="fl-cf">
         <path>C:\ti\ccs1260\ccs\tools\compiler\ti-cgt-arm_20.2.7.LTS\lib\</path>
         <kind>archive</kind>
         <file>rtsv7M4_T_le_eabi.lib</file>
         <name>vsnprintf.c.obj</name>
      </input_file>
      <input_file id="fl-d0">
         <path>C:\ti\ccs1260\ccs\tools\compiler\ti-cgt-arm_20.2.7.LTS\lib\</path>
         <kind>archive</kind>
         <file>rtsv7M4_T_le_eabi.lib</file>
         <name>ll_mul_t2.asm.obj</name>
      </input_file>
      <input_file id="fl-d1">
         <path>C:\ti\ccs1260\ccs\tools\compiler\ti-cgt-arm_20.2.7.LTS\lib\</path>
         <kind>archive</kind>
         <file>rtsv7M4_T_le_eabi.lib</file>
         <name>memcpy_t2.asm.obj</name>
      </input_file>
      <input_file id="fl-d2">
         <path>C:\ti\ccs1260\ccs\tools\compiler\ti-cgt-arm_20.2.7.LTS\lib\</path>
         <kind>archive</kind>
         <file>rtsv7M4_T_le_eabi.lib</file>
         <name>ull_div_t2.asm.obj</name>
      </input_file>
      <input_file id="fl-d3">
         <path>C:\ti\ccs1260\ccs\tools\compiler\ti-cgt-arm_20.2.7.LTS\lib\</path>
         <kind>archive</kind>
         <file>rtsv7M4_T_le_eabi.lib</file>
         <name>copy_zero_init.c.obj</name>
      </input_file>
      <input_file id="fl-d4">
         <path>C:\ti\ccs1260\ccs\tools\compiler\ti-cgt-arm_20.2.7.LTS\lib\</path>
         <kind>archive</kind>
         <file>rtsv7M4_T_le_eabi.lib</file>
         <name>copy_decompress_none.c.obj</name>
      </input_file>
      <input_file id="fl-d5">
         <path>C:\ti\ccs1260\ccs\tools\compiler\ti-cgt-arm_20.2.7.LTS\lib\</path>
         <kind>archive</kind>
         <file>rtsv7M4_T_le_eabi.lib</file>
         <name>copy_decompress_lzss.c.obj</name>
      </input_file>
      <input_file id="fl-d6">
         <path>C:\ti\ccs1260\ccs\tools\compiler\ti-cgt-arm_20.2.7.LTS\lib\</path>
         <kind>archive</kind>
         <file>rtsv7M4_T_le_eabi.lib</file>
         <name>memmov.c.obj</name>
      </input_file>
      <input_file id="fl-d7">
         <path>C:\ti\ccs1260\ccs\tools\compiler\ti-cgt-arm_20.2.7.LTS\lib\</path>
         <kind>archive</kind>
         <file>rtsv7M4_T_le_eabi.lib</file>
         <name>memory.c.obj</name>
      </input_file>
      <input_file id="fl-d8">
         <path>C:\ti\ccs1260\ccs\tools\compiler\ti-cgt-arm_20.2.7.LTS\lib\</path>
         <kind>archive</kind>
         <file>rtsv7M4_T_le_eabi.lib</file>
         <name>strcpy.c.obj</name>
      </input_file>
      <input_file id="fl-d9">
         <path>C:\ti\ccs1260\ccs\tools\compiler\ti-cgt-arm_20.2.7.LTS\lib\</path>
         <kind>archive</kind>
         <file>rtsv7M4_T_le_eabi.lib</file>
         <name>strlen.c.obj</name>
      </input_file>
      <input_file id="fl-da">
         <path>C:\ti\ccs1260\ccs\tools\compiler\ti-cgt-arm_20.2.7.LTS\lib\</path>
         <kind>archive</kind>
         <file>rtsv7M4_T_le_eabi.lib</file>
         <name>strncat.c.obj</name>
      </input_file>
      <input_file id="fl-db">
         <path>C:\ti\ccs1260\ccs\tools\compiler\ti-cgt-arm_20.2.7.LTS\lib\</path>
         <kind>archive</kind>
         <file>rtsv7M4_T_le_eabi.lib</file>
         <name>boot_cortex_m.c.obj</name>
      </input_file>
      <input_file id="fl-dc">
         <path>C:\ti\ccs1260\ccs\tools\compiler\ti-cgt-arm_20.2.7.LTS\lib\</path>
         <kind>archive</kind>
         <file>rtsv7M4_T_le_eabi.lib</file>
         <name>_printfi.c.obj</name>
      </input_file>
      <input_file id="fl-dd">
         <path>C:\ti\ccs1260\ccs\tools\compiler\ti-cgt-arm_20.2.7.LTS\lib\</path>
         <kind>archive</kind>
         <file>rtsv7M4_T_le_eabi.lib</file>
         <name>div0.asm.obj</name>
      </input_file>
      <input_file id="fl-de">
         <path>C:\ti\ccs1260\ccs\tools\compiler\ti-cgt-arm_20.2.7.LTS\lib\</path>
         <kind>archive</kind>
         <file>rtsv7M4_T_le_eabi.lib</file>
         <name>fd_add_t2.asm.obj</name>
      </input_file>
      <input_file id="fl-df">
         <path>C:\ti\ccs1260\ccs\tools\compiler\ti-cgt-arm_20.2.7.LTS\lib\</path>
         <kind>archive</kind>
         <file>rtsv7M4_T_le_eabi.lib</file>
         <name>fd_cmp_t2.asm.obj</name>
      </input_file>
      <input_file id="fl-e0">
         <path>C:\ti\ccs1260\ccs\tools\compiler\ti-cgt-arm_20.2.7.LTS\lib\</path>
         <kind>archive</kind>
         <file>rtsv7M4_T_le_eabi.lib</file>
         <name>fd_div_t2.asm.obj</name>
      </input_file>
      <input_file id="fl-e1">
         <path>C:\ti\ccs1260\ccs\tools\compiler\ti-cgt-arm_20.2.7.LTS\lib\</path>
         <kind>archive</kind>
         <file>rtsv7M4_T_le_eabi.lib</file>
         <name>fd_mul_t2.asm.obj</name>
      </input_file>
      <input_file id="fl-e2">
         <path>C:\ti\ccs1260\ccs\tools\compiler\ti-cgt-arm_20.2.7.LTS\lib\</path>
         <kind>archive</kind>
         <file>rtsv7M4_T_le_eabi.lib</file>
         <name>fd_toi_t2.asm.obj</name>
      </input_file>
      <input_file id="fl-e3">
         <path>C:\ti\ccs1260\ccs\tools\compiler\ti-cgt-arm_20.2.7.LTS\lib\</path>
         <kind>archive</kind>
         <file>rtsv7M4_T_le_eabi.lib</file>
         <name>i_tofd_t2.asm.obj</name>
      </input_file>
      <input_file id="fl-e4">
         <path>C:\ti\ccs1260\ccs\tools\compiler\ti-cgt-arm_20.2.7.LTS\lib\</path>
         <kind>archive</kind>
         <file>rtsv7M4_T_le_eabi.lib</file>
         <name>memset_t2.asm.obj</name>
      </input_file>
      <input_file id="fl-e5">
         <path>C:\ti\ccs1260\ccs\tools\compiler\ti-cgt-arm_20.2.7.LTS\lib\</path>
         <kind>archive</kind>
         <file>rtsv7M4_T_le_eabi.lib</file>
         <name>autoinit.c.obj</name>
      </input_file>
      <input_file id="fl-e6">
         <path>C:\ti\ccs1260\ccs\tools\compiler\ti-cgt-arm_20.2.7.LTS\lib\</path>
         <kind>archive</kind>
         <file>rtsv7M4_T_le_eabi.lib</file>
         <name>pre_init.c.obj</name>
      </input_file>
      <input_file id="fl-e7">
         <path>C:\ti\ccs1260\ccs\tools\compiler\ti-cgt-arm_20.2.7.LTS\lib\</path>
         <kind>archive</kind>
         <file>rtsv7M4_T_le_eabi.lib</file>
         <name>cpy_tbl.c.obj</name>
      </input_file>
      <input_file id="fl-e8">
         <path>C:\ti\ccs1260\ccs\tools\compiler\ti-cgt-arm_20.2.7.LTS\lib\</path>
         <kind>archive</kind>
         <file>rtsv7M4_T_le_eabi.lib</file>
         <name>exit.c.obj</name>
      </input_file>
      <input_file id="fl-e9">
         <path>C:\ti\ccs1260\ccs\tools\compiler\ti-cgt-arm_20.2.7.LTS\lib\</path>
         <kind>archive</kind>
         <file>rtsv7M4_T_le_eabi.lib</file>
         <name>_lock.c.obj</name>
      </input_file>
      <input_file id="fl-ea">
         <path>C:\ti\ccs1260\ccs\tools\compiler\ti-cgt-arm_20.2.7.LTS\lib\</path>
         <kind>archive</kind>
         <file>rtsv7M4_T_le_eabi.lib</file>
         <name>_ltoa.c.obj</name>
      </input_file>
      <input_file id="fl-eb">
         <path>C:\ti\ccs1260\ccs\tools\compiler\ti-cgt-arm_20.2.7.LTS\lib\</path>
         <kind>archive</kind>
         <file>rtsv7M4_T_le_eabi.lib</file>
         <name>args_main.c.obj</name>
      </input_file>
      <input_file id="fl-ec">
         <path>C:\ti\ccs1260\ccs\tools\compiler\ti-cgt-arm_20.2.7.LTS\lib\</path>
         <kind>archive</kind>
         <file>rtsv7M4_T_le_eabi.lib</file>
         <name>atoi.c.obj</name>
      </input_file>
      <input_file id="fl-ed">
         <path>C:\ti\ccs1260\ccs\tools\compiler\ti-cgt-arm_20.2.7.LTS\lib\</path>
         <kind>archive</kind>
         <file>rtsv7M4_T_le_eabi.lib</file>
         <name>ctype.c.obj</name>
      </input_file>
      <input_file id="fl-ee">
         <path>C:\ti\ccs1260\ccs\tools\compiler\ti-cgt-arm_20.2.7.LTS\lib\</path>
         <kind>archive</kind>
         <file>rtsv7M4_T_le_eabi.lib</file>
         <name>memccpy.c.obj</name>
      </input_file>
      <input_file id="fl-ef">
         <path>C:\ti\ccs1260\ccs\tools\compiler\ti-cgt-arm_20.2.7.LTS\lib\</path>
         <kind>archive</kind>
         <file>rtsv7M4_T_le_eabi.lib</file>
         <name>strchr.c.obj</name>
      </input_file>
      <input_file id="fl-f0">
         <path>C:\ti\ccs1260\ccs\tools\compiler\ti-cgt-arm_20.2.7.LTS\lib\</path>
         <kind>archive</kind>
         <file>rtsv7M4_T_le_eabi.lib</file>
         <name>errno.c.obj</name>
      </input_file>
      <input_file id="fl-f1">
         <path>C:\ti\ccs1260\ccs\tools\compiler\ti-cgt-arm_20.2.7.LTS\lib\</path>
         <kind>archive</kind>
         <file>rtsv7M4_T_le_eabi.lib</file>
         <name>wcslen.c.obj</name>
      </input_file>
      <input_file id="fl-f2">
         <path>C:\ti\ccs1260\ccs\tools\compiler\ti-cgt-arm_20.2.7.LTS\lib\</path>
         <kind>archive</kind>
         <file>rtsv7M4_T_le_eabi.lib</file>
         <name>s_frexp.c.obj</name>
      </input_file>
      <input_file id="fl-f3">
         <path>C:\ti\ccs1260\ccs\tools\compiler\ti-cgt-arm_20.2.7.LTS\lib\</path>
         <kind>archive</kind>
         <file>rtsv7M4_T_le_eabi.lib</file>
         <name>s_scalbn.c.obj</name>
      </input_file>
      <input_file id="fl-f4">
         <path>C:\ti\ccs1260\ccs\tools\compiler\ti-cgt-arm_20.2.7.LTS\lib\</path>
         <kind>archive</kind>
         <file>rtsv7M4_T_le_eabi.lib</file>
         <name>s_copysign.c.obj</name>
      </input_file>
   </input_file_list>
   <object_component_list>
      <object_component id="oc-12">
         <name>.intvecs</name>
         <load_address>0x20004000</load_address>
         <run_address>0x20004000</run_address>
         <size>0x400</size>
         <input_file_ref idref="fl-4"/>
      </object_component>
      <object_component id="oc-d1">
         <name>.text</name>
         <load_address>0x20004400</load_address>
         <run_address>0x20004400</run_address>
         <size>0xa80</size>
         <input_file_ref idref="fl-7"/>
      </object_component>
      <object_component id="oc-30d">
         <name>.text:__TI_printfi</name>
         <load_address>0x20004e80</load_address>
         <run_address>0x20004e80</run_address>
         <size>0xa4e</size>
         <input_file_ref idref="fl-dc"/>
      </object_component>
      <object_component id="oc-393">
         <name>.text:_nop</name>
         <load_address>0x200058ce</load_address>
         <run_address>0x200058ce</run_address>
         <size>0x2</size>
         <input_file_ref idref="fl-e9"/>
      </object_component>
      <object_component id="oc-97">
         <name>.text</name>
         <load_address>0x200058d0</load_address>
         <run_address>0x200058d0</run_address>
         <size>0x8b0</size>
         <input_file_ref idref="fl-2"/>
      </object_component>
      <object_component id="oc-127">
         <name>.text</name>
         <load_address>0x20006180</load_address>
         <run_address>0x20006180</run_address>
         <size>0x4a2</size>
         <input_file_ref idref="fl-8"/>
      </object_component>
      <object_component id="oc-252">
         <name>.text</name>
         <load_address>0x20006622</load_address>
         <run_address>0x20006622</run_address>
         <size>0x2</size>
         <input_file_ref idref="fl-dd"/>
      </object_component>
      <object_component id="oc-c5">
         <name>.text</name>
         <load_address>0x20006624</load_address>
         <run_address>0x20006624</run_address>
         <size>0x27c</size>
         <input_file_ref idref="fl-6"/>
      </object_component>
      <object_component id="oc-3d7">
         <name>.text:_pconv_a</name>
         <load_address>0x200068a0</load_address>
         <run_address>0x200068a0</run_address>
         <size>0x268</size>
         <input_file_ref idref="fl-dc"/>
      </object_component>
      <object_component id="oc-3c5">
         <name>.text:_pconv_g</name>
         <load_address>0x20006b08</load_address>
         <run_address>0x20006b08</run_address>
         <size>0x1cc</size>
         <input_file_ref idref="fl-dc"/>
      </object_component>
      <object_component id="oc-447">
         <name>.text</name>
         <load_address>0x20006cd4</load_address>
         <run_address>0x20006cd4</run_address>
         <size>0x1b6</size>
         <input_file_ref idref="fl-de"/>
      </object_component>
      <object_component id="oc-16f">
         <name>.text:PRCMCC3200MCUInit</name>
         <load_address>0x20006e8c</load_address>
         <run_address>0x20006e8c</run_address>
         <size>0x178</size>
         <input_file_ref idref="fl-12"/>
      </object_component>
      <object_component id="oc-3d1">
         <name>.text:_pconv_e</name>
         <load_address>0x20007004</load_address>
         <run_address>0x20007004</run_address>
         <size>0x13c</size>
         <input_file_ref idref="fl-dc"/>
      </object_component>
      <object_component id="oc-42d">
         <name>.text</name>
         <load_address>0x20007140</load_address>
         <run_address>0x20007140</run_address>
         <size>0x136</size>
         <input_file_ref idref="fl-e0"/>
      </object_component>
      <object_component id="oc-18d">
         <name>.text</name>
         <load_address>0x20007278</load_address>
         <run_address>0x20007278</run_address>
         <size>0x128</size>
         <input_file_ref idref="fl-3"/>
      </object_component>
      <object_component id="oc-459">
         <name>.text:fcvt</name>
         <load_address>0x200073a0</load_address>
         <run_address>0x200073a0</run_address>
         <size>0x120</size>
         <input_file_ref idref="fl-dc"/>
      </object_component>
      <object_component id="oc-32d">
         <name>.text:aligned_alloc</name>
         <load_address>0x200074c0</load_address>
         <run_address>0x200074c0</run_address>
         <size>0x100</size>
         <input_file_ref idref="fl-d7"/>
      </object_component>
      <object_component id="oc-428">
         <name>.text</name>
         <load_address>0x200075c0</load_address>
         <run_address>0x200075c0</run_address>
         <size>0xfc</size>
         <input_file_ref idref="fl-e1"/>
      </object_component>
      <object_component id="oc-20e">
         <name>.text:free</name>
         <load_address>0x200076bc</load_address>
         <run_address>0x200076bc</run_address>
         <size>0xe4</size>
         <input_file_ref idref="fl-d7"/>
      </object_component>
      <object_component id="oc-208">
         <name>.text:realloc</name>
         <load_address>0x200077a0</load_address>
         <run_address>0x200077a0</run_address>
         <size>0xe4</size>
         <input_file_ref idref="fl-d7"/>
      </object_component>
      <object_component id="oc-46d">
         <name>.text:scalbn</name>
         <load_address>0x20007884</load_address>
         <run_address>0x20007884</run_address>
         <size>0xd0</size>
         <input_file_ref idref="fl-f3"/>
      </object_component>
      <object_component id="oc-3ba">
         <name>.text:_ltostr</name>
         <load_address>0x20007954</load_address>
         <run_address>0x20007954</run_address>
         <size>0xb1</size>
         <input_file_ref idref="fl-dc"/>
      </object_component>
      <object_component id="oc-169">
         <name>.text:IntEnable</name>
         <load_address>0x20007a08</load_address>
         <run_address>0x20007a08</run_address>
         <size>0xa8</size>
         <input_file_ref idref="fl-10"/>
      </object_component>
      <object_component id="oc-151">
         <name>.text:SPIConfigSetExpClk</name>
         <load_address>0x20007ab0</load_address>
         <run_address>0x20007ab0</run_address>
         <size>0xa0</size>
         <input_file_ref idref="fl-13"/>
      </object_component>
      <object_component id="oc-3d">
         <name>.text</name>
         <load_address>0x20007b50</load_address>
         <run_address>0x20007b50</run_address>
         <size>0x9c</size>
         <input_file_ref idref="fl-d1"/>
      </object_component>
      <object_component id="oc-117">
         <name>.text</name>
         <load_address>0x20007bec</load_address>
         <run_address>0x20007bec</run_address>
         <size>0x96</size>
         <input_file_ref idref="fl-d2"/>
      </object_component>
      <object_component id="oc-14b">
         <name>.text:PRCMPeripheralClockGet</name>
         <load_address>0x20007c84</load_address>
         <run_address>0x20007c84</run_address>
         <size>0x94</size>
         <input_file_ref idref="fl-12"/>
      </object_component>
      <object_component id="oc-384">
         <name>.text:PinConfigSet</name>
         <load_address>0x20007d18</load_address>
         <run_address>0x20007d18</run_address>
         <size>0x88</size>
         <input_file_ref idref="fl-11"/>
      </object_component>
      <object_component id="oc-3c0">
         <name>.text:__aeabi_cdcmple</name>
         <load_address>0x20007da0</load_address>
         <run_address>0x20007da0</run_address>
         <size>0x86</size>
         <input_file_ref idref="fl-df"/>
      </object_component>
      <object_component id="oc-432">
         <name>.text:__aeabi_cdrcmple</name>
         <load_address>0x20007e26</load_address>
         <run_address>0x20007e26</run_address>
         <size>0x86</size>
         <input_file_ref idref="fl-df"/>
      </object_component>
      <object_component id="oc-199">
         <name>.text:GPIOIntTypeSet</name>
         <load_address>0x20007eac</load_address>
         <run_address>0x20007eac</run_address>
         <size>0x82</size>
         <input_file_ref idref="fl-f"/>
      </object_component>
      <object_component id="oc-8b">
         <name>.text</name>
         <load_address>0x20007f2e</load_address>
         <run_address>0x20007f2e</run_address>
         <size>0x7a</size>
         <input_file_ref idref="fl-e4"/>
      </object_component>
      <object_component id="oc-1ea">
         <name>.text:UARTConfigSetExpClk</name>
         <load_address>0x20007fa8</load_address>
         <run_address>0x20007fa8</run_address>
         <size>0x76</size>
         <input_file_ref idref="fl-16"/>
      </object_component>
      <object_component id="oc-33a">
         <name>.text:split</name>
         <load_address>0x20008020</load_address>
         <run_address>0x20008020</run_address>
         <size>0x70</size>
         <input_file_ref idref="fl-d7"/>
      </object_component>
      <object_component id="oc-452">
         <name>.text:_mcpy</name>
         <load_address>0x20008090</load_address>
         <run_address>0x20008090</run_address>
         <size>0x6e</size>
         <input_file_ref idref="fl-dc"/>
      </object_component>
      <object_component id="oc-15">
         <name>.text:decompress:lzss:__TI_decompress_lzss</name>
         <load_address>0x200080fe</load_address>
         <run_address>0x200080fe</run_address>
         <size>0x68</size>
         <input_file_ref idref="fl-d5"/>
      </object_component>
      <object_component id="oc-467">
         <name>.text:frexp</name>
         <load_address>0x20008168</load_address>
         <run_address>0x20008168</run_address>
         <size>0x5c</size>
         <input_file_ref idref="fl-f2"/>
      </object_component>
      <object_component id="oc-13f">
         <name>.text:PRCMPeripheralReset</name>
         <load_address>0x200081c4</load_address>
         <run_address>0x200081c4</run_address>
         <size>0x58</size>
         <input_file_ref idref="fl-12"/>
      </object_component>
      <object_component id="oc-3cb">
         <name>.text:_pconv_f</name>
         <load_address>0x2000821c</load_address>
         <run_address>0x2000821c</run_address>
         <size>0x56</size>
         <input_file_ref idref="fl-dc"/>
      </object_component>
      <object_component id="oc-43c">
         <name>.text:__TI_ltoa</name>
         <load_address>0x20008272</load_address>
         <run_address>0x20008272</run_address>
         <size>0x54</size>
         <input_file_ref idref="fl-ea"/>
      </object_component>
      <object_component id="oc-44c">
         <name>.text:_ecpy</name>
         <load_address>0x200082c6</load_address>
         <run_address>0x200082c6</run_address>
         <size>0x52</size>
         <input_file_ref idref="fl-dc"/>
      </object_component>
      <object_component id="oc-3b4">
         <name>.text:atoi</name>
         <load_address>0x20008318</load_address>
         <run_address>0x20008318</run_address>
         <size>0x4c</size>
         <input_file_ref idref="fl-ec"/>
      </object_component>
      <object_component id="oc-2d0">
         <name>.text:GPIOGetIntNumber</name>
         <load_address>0x20008364</load_address>
         <run_address>0x20008364</run_address>
         <size>0x48</size>
         <input_file_ref idref="fl-f"/>
      </object_component>
      <object_component id="oc-437">
         <name>.text</name>
         <load_address>0x200083ac</load_address>
         <run_address>0x200083ac</run_address>
         <size>0x48</size>
         <input_file_ref idref="fl-e2"/>
      </object_component>
      <object_component id="oc-239">
         <name>.text:UARTIntNumberGet</name>
         <load_address>0x200083f4</load_address>
         <run_address>0x200083f4</run_address>
         <size>0x44</size>
         <input_file_ref idref="fl-16"/>
      </object_component>
      <object_component id="oc-1b8">
         <name>.text:__TI_auto_init_nobinit_nopinit:__TI_auto_init_nobinit_nopinit</name>
         <load_address>0x20008438</load_address>
         <run_address>0x20008438</run_address>
         <size>0x44</size>
         <input_file_ref idref="fl-e5"/>
      </object_component>
      <object_component id="oc-2b1">
         <name>.text:PinModeSet</name>
         <load_address>0x2000847c</load_address>
         <run_address>0x2000847c</run_address>
         <size>0x40</size>
         <input_file_ref idref="fl-11"/>
      </object_component>
      <object_component id="oc-1f6">
         <name>.text:vsnprintf</name>
         <load_address>0x200084bc</load_address>
         <run_address>0x200084bc</run_address>
         <size>0x40</size>
         <input_file_ref idref="fl-cf"/>
      </object_component>
      <object_component id="oc-45f">
         <name>.text:_fcpy</name>
         <load_address>0x200084fc</load_address>
         <run_address>0x200084fc</run_address>
         <size>0x3e</size>
         <input_file_ref idref="fl-dc"/>
      </object_component>
      <object_component id="oc-139">
         <name>.text:PRCMPeripheralClkEnable</name>
         <load_address>0x2000853c</load_address>
         <run_address>0x2000853c</run_address>
         <size>0x3c</size>
         <input_file_ref idref="fl-12"/>
      </object_component>
      <object_component id="oc-2bd">
         <name>.text:GPIODirModeSet</name>
         <load_address>0x20008578</load_address>
         <run_address>0x20008578</run_address>
         <size>0x36</size>
         <input_file_ref idref="fl-f"/>
      </object_component>
      <object_component id="oc-2b7">
         <name>.text:PinTypeGPIO</name>
         <load_address>0x200085ae</load_address>
         <run_address>0x200085ae</run_address>
         <size>0x30</size>
         <input_file_ref idref="fl-11"/>
      </object_component>
      <object_component id="oc-2ff">
         <name>.text:UARTDisable</name>
         <load_address>0x200085e0</load_address>
         <run_address>0x200085e0</run_address>
         <size>0x30</size>
         <input_file_ref idref="fl-16"/>
      </object_component>
      <object_component id="oc-313">
         <name>.text:_outs</name>
         <load_address>0x20008610</load_address>
         <run_address>0x20008610</run_address>
         <size>0x30</size>
         <input_file_ref idref="fl-cf"/>
      </object_component>
      <object_component id="oc-442">
         <name>.text</name>
         <load_address>0x20008640</load_address>
         <run_address>0x20008640</run_address>
         <size>0x2e</size>
         <input_file_ref idref="fl-e3"/>
      </object_component>
      <object_component id="oc-cb">
         <name>.text:strncat</name>
         <load_address>0x2000866e</load_address>
         <run_address>0x2000866e</run_address>
         <size>0x2e</size>
         <input_file_ref idref="fl-da"/>
      </object_component>
      <object_component id="oc-293">
         <name>.text:PRCMSysResetCauseGet</name>
         <load_address>0x2000869c</load_address>
         <run_address>0x2000869c</run_address>
         <size>0x2c</size>
         <input_file_ref idref="fl-12"/>
      </object_component>
      <object_component id="oc-2a5">
         <name>.text:PRCMPeripheralClkDisable</name>
         <load_address>0x200086c8</load_address>
         <run_address>0x200086c8</run_address>
         <size>0x28</size>
         <input_file_ref idref="fl-12"/>
      </object_component>
      <object_component id="oc-341">
         <name>.text:free_list_insert</name>
         <load_address>0x200086f0</load_address>
         <run_address>0x200086f0</run_address>
         <size>0x28</size>
         <input_file_ref idref="fl-d7"/>
      </object_component>
      <object_component id="oc-1fc">
         <name>.text:memmove</name>
         <load_address>0x20008718</load_address>
         <run_address>0x20008718</run_address>
         <size>0x28</size>
         <input_file_ref idref="fl-d6"/>
      </object_component>
      <object_component id="oc-f5">
         <name>.text:UARTCharPutNonBlocking</name>
         <load_address>0x20008740</load_address>
         <run_address>0x20008740</run_address>
         <size>0x24</size>
         <input_file_ref idref="fl-16"/>
      </object_component>
      <object_component id="oc-305">
         <name>.text:UARTEnable</name>
         <load_address>0x20008764</load_address>
         <run_address>0x20008764</run_address>
         <size>0x24</size>
         <input_file_ref idref="fl-16"/>
      </object_component>
      <object_component id="oc-5b">
         <name>.text:_c_int00_noargs:_c_int00_noargs</name>
         <load_address>0x20008788</load_address>
         <run_address>0x20008788</run_address>
         <size>0x24</size>
         <input_file_ref idref="fl-db"/>
      </object_component>
      <object_component id="oc-12d">
         <name>.text:GPIOIntStatus</name>
         <load_address>0x200087ac</load_address>
         <run_address>0x200087ac</run_address>
         <size>0x22</size>
         <input_file_ref idref="fl-f"/>
      </object_component>
      <object_component id="oc-145">
         <name>.text:SPIReset</name>
         <load_address>0x200087ce</load_address>
         <run_address>0x200087ce</run_address>
         <size>0x22</size>
         <input_file_ref idref="fl-13"/>
      </object_component>
      <object_component id="oc-25b">
         <name>.text:GPIOPinWrite</name>
         <load_address>0x200087f0</load_address>
         <run_address>0x200087f0</run_address>
         <size>0x20</size>
         <input_file_ref idref="fl-f"/>
      </object_component>
      <object_component id="oc-23f">
         <name>.text:IntRegister</name>
         <load_address>0x20008810</load_address>
         <run_address>0x20008810</run_address>
         <size>0x20</size>
         <input_file_ref idref="fl-10"/>
      </object_component>
      <object_component id="oc-26d">
         <name>.text:SPIDataGet</name>
         <load_address>0x20008830</load_address>
         <run_address>0x20008830</run_address>
         <size>0x20</size>
         <input_file_ref idref="fl-13"/>
      </object_component>
      <object_component id="oc-193">
         <name>.text:GPIOIntRegister</name>
         <load_address>0x20008850</load_address>
         <run_address>0x20008850</run_address>
         <size>0x1e</size>
         <input_file_ref idref="fl-f"/>
      </object_component>
      <object_component id="oc-267">
         <name>.text:SPIDataPut</name>
         <load_address>0x2000886e</load_address>
         <run_address>0x2000886e</run_address>
         <size>0x1e</size>
         <input_file_ref idref="fl-13"/>
      </object_component>
      <object_component id="oc-1f0">
         <name>.text:UARTCharPut</name>
         <load_address>0x2000888c</load_address>
         <run_address>0x2000888c</run_address>
         <size>0x1e</size>
         <input_file_ref idref="fl-16"/>
      </object_component>
      <object_component id="oc-fb">
         <name>.text:UARTIntRegister</name>
         <load_address>0x200088aa</load_address>
         <run_address>0x200088aa</run_address>
         <size>0x1e</size>
         <input_file_ref idref="fl-16"/>
      </object_component>
      <object_component id="oc-dd">
         <name>.text:UARTIntStatus</name>
         <load_address>0x200088c8</load_address>
         <run_address>0x200088c8</run_address>
         <size>0x1e</size>
         <input_file_ref idref="fl-16"/>
      </object_component>
      <object_component id="oc-17b">
         <name>.text:SysTickIntRegister</name>
         <load_address>0x200088e8</load_address>
         <run_address>0x200088e8</run_address>
         <size>0x1c</size>
         <input_file_ref idref="fl-14"/>
      </object_component>
      <object_component id="oc-e9">
         <name>.text:UARTCharGetNonBlocking</name>
         <load_address>0x20008904</load_address>
         <run_address>0x20008904</run_address>
         <size>0x1c</size>
         <input_file_ref idref="fl-16"/>
      </object_component>
      <object_component id="oc-49">
         <name>.text:decompress:ZI:__TI_zero_init_nomemset:__TI_zero_init_nomemset</name>
         <load_address>0x20008920</load_address>
         <run_address>0x20008920</run_address>
         <size>0x1c</size>
         <input_file_ref idref="fl-d3"/>
      </object_component>
      <object_component id="oc-334">
         <name>.text:free_list_remove</name>
         <load_address>0x2000893c</load_address>
         <run_address>0x2000893c</run_address>
         <size>0x1c</size>
         <input_file_ref idref="fl-d7"/>
      </object_component>
      <object_component id="oc-3dd">
         <name>.text:memccpy</name>
         <load_address>0x20008958</load_address>
         <run_address>0x20008958</run_address>
         <size>0x1c</size>
         <input_file_ref idref="fl-ee"/>
      </object_component>
      <object_component id="oc-19f">
         <name>.text:GPIOIntEnable</name>
         <load_address>0x20008974</load_address>
         <run_address>0x20008974</run_address>
         <size>0x1a</size>
         <input_file_ref idref="fl-f"/>
      </object_component>
      <object_component id="oc-2c3">
         <name>.text:PinTypeSPI</name>
         <load_address>0x2000898e</load_address>
         <run_address>0x2000898e</run_address>
         <size>0x1a</size>
         <input_file_ref idref="fl-11"/>
      </object_component>
      <object_component id="oc-2c9">
         <name>.text:PinTypeUART</name>
         <load_address>0x200089a8</load_address>
         <run_address>0x200089a8</run_address>
         <size>0x1a</size>
         <input_file_ref idref="fl-11"/>
      </object_component>
      <object_component id="oc-273">
         <name>.text:SPICSDisable</name>
         <load_address>0x200089c2</load_address>
         <run_address>0x200089c2</run_address>
         <size>0x18</size>
         <input_file_ref idref="fl-13"/>
      </object_component>
      <object_component id="oc-261">
         <name>.text:SPICSEnable</name>
         <load_address>0x200089da</load_address>
         <run_address>0x200089da</run_address>
         <size>0x18</size>
         <input_file_ref idref="fl-13"/>
      </object_component>
      <object_component id="oc-157">
         <name>.text:SPIEnable</name>
         <load_address>0x200089f2</load_address>
         <run_address>0x200089f2</run_address>
         <size>0x18</size>
         <input_file_ref idref="fl-13"/>
      </object_component>
      <object_component id="oc-175">
         <name>.text:SysTickPeriodSet</name>
         <load_address>0x20008a0c</load_address>
         <run_address>0x20008a0c</run_address>
         <size>0x18</size>
         <input_file_ref idref="fl-14"/>
      </object_component>
      <object_component id="oc-ef">
         <name>.text:UARTCharsAvail</name>
         <load_address>0x20008a24</load_address>
         <run_address>0x20008a24</run_address>
         <size>0x18</size>
         <input_file_ref idref="fl-16"/>
      </object_component>
      <object_component id="oc-101">
         <name>.text:UARTIntEnable</name>
         <load_address>0x20008a3c</load_address>
         <run_address>0x20008a3c</run_address>
         <size>0x18</size>
         <input_file_ref idref="fl-16"/>
      </object_component>
      <object_component id="oc-319">
         <name>.text:_outc</name>
         <load_address>0x20008a54</load_address>
         <run_address>0x20008a54</run_address>
         <size>0x18</size>
         <input_file_ref idref="fl-cf"/>
      </object_component>
      <object_component id="oc-11c">
         <name>.text</name>
         <load_address>0x20008a6c</load_address>
         <run_address>0x20008a6c</run_address>
         <size>0x18</size>
         <input_file_ref idref="fl-d0"/>
      </object_component>
      <object_component id="oc-299">
         <name>.text:PRCMHIBRegRead</name>
         <load_address>0x20008a84</load_address>
         <run_address>0x20008a84</run_address>
         <size>0x16</size>
         <input_file_ref idref="fl-12"/>
      </object_component>
      <object_component id="oc-29f">
         <name>.text:PRCMHIBRegWrite</name>
         <load_address>0x20008a9a</load_address>
         <run_address>0x20008a9a</run_address>
         <size>0x16</size>
         <input_file_ref idref="fl-12"/>
      </object_component>
      <object_component id="oc-473">
         <name>.text:strchr</name>
         <load_address>0x20008ab0</load_address>
         <run_address>0x20008ab0</run_address>
         <size>0x16</size>
         <input_file_ref idref="fl-ef"/>
      </object_component>
      <object_component id="oc-288">
         <name>.text:CPUcpsie</name>
         <load_address>0x20008ac6</load_address>
         <run_address>0x20008ac6</run_address>
         <size>0x14</size>
         <input_file_ref idref="fl-18"/>
      </object_component>
      <object_component id="oc-133">
         <name>.text:GPIOIntClear</name>
         <load_address>0x20008ada</load_address>
         <run_address>0x20008ada</run_address>
         <size>0x14</size>
         <input_file_ref idref="fl-f"/>
      </object_component>
      <object_component id="oc-15d">
         <name>.text:IntVTableBaseSet</name>
         <load_address>0x20008af0</load_address>
         <run_address>0x20008af0</run_address>
         <size>0x14</size>
         <input_file_ref idref="fl-10"/>
      </object_component>
      <object_component id="oc-121">
         <name>.text:strcpy</name>
         <load_address>0x20008b04</load_address>
         <run_address>0x20008b04</run_address>
         <size>0x14</size>
         <input_file_ref idref="fl-d8"/>
      </object_component>
      <object_component id="oc-d7">
         <name>.text:strlen</name>
         <load_address>0x20008b18</load_address>
         <run_address>0x20008b18</run_address>
         <size>0x14</size>
         <input_file_ref idref="fl-d9"/>
      </object_component>
      <object_component id="oc-e3">
         <name>.text:UARTIntClear</name>
         <load_address>0x20008b2c</load_address>
         <run_address>0x20008b2c</run_address>
         <size>0x12</size>
         <input_file_ref idref="fl-16"/>
      </object_component>
      <object_component id="oc-3e3">
         <name>.text:wcslen</name>
         <load_address>0x20008b3e</load_address>
         <run_address>0x20008b3e</run_address>
         <size>0x12</size>
         <input_file_ref idref="fl-f1"/>
      </object_component>
      <object_component id="oc-187">
         <name>.text:SysTickEnable</name>
         <load_address>0x20008b50</load_address>
         <run_address>0x20008b50</run_address>
         <size>0x10</size>
         <input_file_ref idref="fl-14"/>
      </object_component>
      <object_component id="oc-181">
         <name>.text:SysTickIntEnable</name>
         <load_address>0x20008b60</load_address>
         <run_address>0x20008b60</run_address>
         <size>0x10</size>
         <input_file_ref idref="fl-14"/>
      </object_component>
      <object_component id="oc-1b">
         <name>.text:decompress:none:__TI_decompress_none</name>
         <load_address>0x20008b70</load_address>
         <run_address>0x20008b70</run_address>
         <size>0xe</size>
         <input_file_ref idref="fl-d4"/>
      </object_component>
      <object_component id="oc-29">
         <name>.text</name>
         <load_address>0x20008b7e</load_address>
         <run_address>0x20008b7e</run_address>
         <size>0xe</size>
         <input_file_ref idref="fl-4"/>
      </object_component>
      <object_component id="oc-111">
         <name>.text:SysTickValueGet</name>
         <load_address>0x20008b8c</load_address>
         <run_address>0x20008b8c</run_address>
         <size>0xc</size>
         <input_file_ref idref="fl-14"/>
      </object_component>
      <object_component id="oc-4b0">
         <name>.text:copysign</name>
         <load_address>0x20008b98</load_address>
         <run_address>0x20008b98</run_address>
         <size>0xc</size>
         <input_file_ref idref="fl-f4"/>
      </object_component>
      <object_component id="oc-163">
         <name>.text:IntMasterEnable</name>
         <load_address>0x20008ba4</load_address>
         <run_address>0x20008ba4</run_address>
         <size>0xa</size>
         <input_file_ref idref="fl-10"/>
      </object_component>
      <object_component id="oc-3e9">
         <name>.text:__aeabi_errno_addr</name>
         <load_address>0x20008bb0</load_address>
         <run_address>0x20008bb0</run_address>
         <size>0x8</size>
         <input_file_ref idref="fl-f0"/>
      </object_component>
      <object_component id="oc-202">
         <name>.text:malloc</name>
         <load_address>0x20008bb8</load_address>
         <run_address>0x20008bb8</run_address>
         <size>0x8</size>
         <input_file_ref idref="fl-d7"/>
      </object_component>
      <object_component id="oc-1a5">
         <name>.text:UtilsDelay</name>
         <load_address>0x20008bc0</load_address>
         <run_address>0x20008bc0</run_address>
         <size>0x6</size>
         <input_file_ref idref="fl-17"/>
      </object_component>
      <object_component id="oc-91">
         <name>.text:_system_pre_init</name>
         <load_address>0x20008bc6</load_address>
         <run_address>0x20008bc6</run_address>
         <size>0x4</size>
         <input_file_ref idref="fl-e6"/>
      </object_component>
      <object_component id="oc-1ac">
         <name>.text:abort:abort</name>
         <load_address>0x20008bca</load_address>
         <run_address>0x20008bca</run_address>
         <size>0x4</size>
         <input_file_ref idref="fl-e8"/>
      </object_component>
      <object_component id="oc-225">
         <name>.const:.string:font</name>
         <load_address>0x20008bd0</load_address>
         <run_address>0x20008bd0</run_address>
         <size>0x4fb</size>
         <input_file_ref idref="fl-7"/>
      </object_component>
      <object_component id="oc-421">
         <name>.const:.string:_ctypes_</name>
         <load_address>0x200090cb</load_address>
         <run_address>0x200090cb</run_address>
         <size>0x101</size>
         <input_file_ref idref="fl-ed"/>
      </object_component>
      <object_component id="oc-380">
         <name>.const:g_ulPinToPadMap</name>
         <load_address>0x200091cc</load_address>
         <run_address>0x200091cc</run_address>
         <size>0x100</size>
         <input_file_ref idref="fl-11"/>
      </object_component>
      <object_component id="oc-27d">
         <name>.const:PRCM_PeriphRegsList</name>
         <load_address>0x200092cc</load_address>
         <run_address>0x200092cc</run_address>
         <size>0xa8</size>
         <input_file_ref idref="fl-12"/>
      </object_component>
      <object_component id="oc-28f">
         <name>.const:g_pulEnRegs</name>
         <load_address>0x20009374</load_address>
         <run_address>0x20009374</run_address>
         <size>0x18</size>
         <input_file_ref idref="fl-10"/>
      </object_component>
      <object_component id="oc-35b">
         <name>.const:g_ppulUARTIntMap</name>
         <load_address>0x2000938c</load_address>
         <run_address>0x2000938c</run_address>
         <size>0x10</size>
         <input_file_ref idref="fl-16"/>
      </object_component>
      <object_component id="oc-507">
         <name>.cinit..data.load</name>
         <load_address>0x200093a0</load_address>
         <run_address>0x200093a0</run_address>
         <size>0x54</size>
      </object_component>
      <object_component id="oc-505">
         <name>__TI_handler_table</name>
         <load_address>0x200093f4</load_address>
         <run_address>0x200093f4</run_address>
         <size>0xc</size>
      </object_component>
      <object_component id="oc-508">
         <name>.cinit..bss.load</name>
         <load_address>0x20009400</load_address>
         <run_address>0x20009400</run_address>
         <size>0x8</size>
      </object_component>
      <object_component id="oc-506">
         <name>__TI_cinit_table</name>
         <load_address>0x20009408</load_address>
         <run_address>0x20009408</run_address>
         <size>0x10</size>
      </object_component>
      <object_component id="oc-10b">
         <name>.data</name>
         <load_address>0x20017938</load_address>
         <run_address>0x20017938</run_address>
         <size>0x48</size>
         <input_file_ref idref="fl-2"/>
      </object_component>
      <object_component id="oc-228">
         <name>.data</name>
         <load_address>0x20017980</load_address>
         <run_address>0x20017980</run_address>
         <size>0x15</size>
         <input_file_ref idref="fl-7"/>
      </object_component>
      <object_component id="oc-401">
         <name>.data:$O1$$</name>
         <load_address>0x200179a0</load_address>
         <run_address>0x200179a0</run_address>
         <size>0x8</size>
         <input_file_ref idref="fl-d7"/>
      </object_component>
      <object_component id="oc-2e3">
         <name>.data:$O1$$</name>
         <load_address>0x20017998</load_address>
         <run_address>0x20017998</run_address>
         <size>0x8</size>
         <input_file_ref idref="fl-e9"/>
      </object_component>
      <object_component id="oc-483">
         <name>.data</name>
         <load_address>0x200179a8</load_address>
         <run_address>0x200179a8</run_address>
         <size>0x4</size>
         <input_file_ref idref="fl-f0"/>
      </object_component>
      <object_component id="oc-214">
         <name>.bss</name>
         <uninitialized>true</uninitialized>
         <run_address>0x2001792c</run_address>
         <size>0x4</size>
         <input_file_ref idref="fl-6"/>
      </object_component>
      <object_component id="oc-10e">
         <name>.common:charCounter</name>
         <uninitialized>true</uninitialized>
         <run_address>0x20017930</run_address>
         <size>0x4</size>
      </object_component>
      <object_component id="oc-107">
         <name>.common:currentChar</name>
         <uninitialized>true</uninitialized>
         <run_address>0x20017934</run_address>
         <size>0x1</size>
      </object_component>
      <object_component id="oc-10a">
         <name>.common:output</name>
         <uninitialized>true</uninitialized>
         <run_address>0x20017800</run_address>
         <size>0x64</size>
      </object_component>
      <object_component id="oc-10f">
         <name>.common:storedOutput</name>
         <uninitialized>true</uninitialized>
         <run_address>0x20017864</run_address>
         <size>0x64</size>
      </object_component>
      <object_component id="oc-110">
         <name>.common:txBuffer</name>
         <uninitialized>true</uninitialized>
         <run_address>0x200178c8</run_address>
         <size>0x64</size>
      </object_component>
      <object_component id="oc-23">
         <name>.sysmem</name>
         <uninitialized>true</uninitialized>
         <run_address>0x20017000</run_address>
         <size>0x10</size>
         <input_file_ref idref="fl-d7"/>
      </object_component>
      <object_component id="oc-50b">
         <name>.sysmem</name>
         <uninitialized>true</uninitialized>
         <run_address>0x20017000</run_address>
         <size>0x0</size>
      </object_component>
      <object_component id="oc-26">
         <name>.stack</name>
         <uninitialized>true</uninitialized>
         <run_address>0x2002ff00</run_address>
         <size>0x4</size>
         <input_file_ref idref="fl-db"/>
      </object_component>
      <object_component id="oc-50a">
         <name>.stack</name>
         <uninitialized>true</uninitialized>
         <run_address>0x2002ff00</run_address>
         <size>0x0</size>
      </object_component>
      <object_component id="oc-108">
         <name>.debug_info</name>
         <load_address>0x0</load_address>
         <run_address>0x0</run_address>
         <size>0x922</size>
         <input_file_ref idref="fl-2"/>
      </object_component>
      <object_component id="oc-10c">
         <name>.debug_info</name>
         <load_address>0x922</load_address>
         <run_address>0x922</run_address>
         <size>0x34a</size>
         <input_file_ref idref="fl-2"/>
      </object_component>
      <object_component id="oc-98">
         <name>.debug_info</name>
         <load_address>0xc6c</load_address>
         <run_address>0xc6c</run_address>
         <size>0xcb6</size>
         <input_file_ref idref="fl-2"/>
      </object_component>
      <object_component id="oc-24a">
         <name>.debug_info</name>
         <load_address>0x1922</load_address>
         <run_address>0x1922</run_address>
         <size>0x26b</size>
         <input_file_ref idref="fl-2"/>
      </object_component>
      <object_component id="oc-372">
         <name>.debug_info</name>
         <load_address>0x1b8d</load_address>
         <run_address>0x1b8d</run_address>
         <size>0x62</size>
         <input_file_ref idref="fl-2"/>
      </object_component>
      <object_component id="oc-38">
         <name>.debug_info</name>
         <load_address>0x1bef</load_address>
         <run_address>0x1bef</run_address>
         <size>0x84</size>
         <input_file_ref idref="fl-2"/>
      </object_component>
      <object_component id="oc-2da">
         <name>.debug_info</name>
         <load_address>0x1c73</load_address>
         <run_address>0x1c73</run_address>
         <size>0x2a4</size>
         <input_file_ref idref="fl-2"/>
      </object_component>
      <object_component id="oc-1a7">
         <name>.debug_info</name>
         <load_address>0x1f17</load_address>
         <run_address>0x1f17</run_address>
         <size>0xbb</size>
         <input_file_ref idref="fl-2"/>
      </object_component>
      <object_component id="oc-230">
         <name>.debug_info</name>
         <load_address>0x1fd2</load_address>
         <run_address>0x1fd2</run_address>
         <size>0x2c</size>
         <input_file_ref idref="fl-2"/>
      </object_component>
      <object_component id="oc-219">
         <name>.debug_info</name>
         <load_address>0x1ffe</load_address>
         <run_address>0x1ffe</run_address>
         <size>0x2c</size>
         <input_file_ref idref="fl-2"/>
      </object_component>
      <object_component id="oc-18f">
         <name>.debug_info</name>
         <load_address>0x202a</load_address>
         <run_address>0x202a</run_address>
         <size>0x3ab</size>
         <input_file_ref idref="fl-3"/>
      </object_component>
      <object_component id="oc-31">
         <name>.debug_info</name>
         <load_address>0x23d5</load_address>
         <run_address>0x23d5</run_address>
         <size>0x190</size>
         <input_file_ref idref="fl-4"/>
      </object_component>
      <object_component id="oc-13">
         <name>.debug_info</name>
         <load_address>0x2565</load_address>
         <run_address>0x2565</run_address>
         <size>0x10f</size>
         <input_file_ref idref="fl-4"/>
      </object_component>
      <object_component id="oc-2a">
         <name>.debug_info</name>
         <load_address>0x2674</load_address>
         <run_address>0x2674</run_address>
         <size>0x430</size>
         <input_file_ref idref="fl-4"/>
      </object_component>
      <object_component id="oc-218">
         <name>.debug_info</name>
         <load_address>0x2aa4</load_address>
         <run_address>0x2aa4</run_address>
         <size>0x3ae</size>
         <input_file_ref idref="fl-6"/>
      </object_component>
      <object_component id="oc-215">
         <name>.debug_info</name>
         <load_address>0x2e52</load_address>
         <run_address>0x2e52</run_address>
         <size>0xd9</size>
         <input_file_ref idref="fl-6"/>
      </object_component>
      <object_component id="oc-c6">
         <name>.debug_info</name>
         <load_address>0x2f2b</load_address>
         <run_address>0x2f2b</run_address>
         <size>0x63f</size>
         <input_file_ref idref="fl-6"/>
      </object_component>
      <object_component id="oc-21e">
         <name>.debug_info</name>
         <load_address>0x356a</load_address>
         <run_address>0x356a</run_address>
         <size>0x110</size>
         <input_file_ref idref="fl-6"/>
      </object_component>
      <object_component id="oc-34c">
         <name>.debug_info</name>
         <load_address>0x367a</load_address>
         <run_address>0x367a</run_address>
         <size>0x35</size>
         <input_file_ref idref="fl-6"/>
      </object_component>
      <object_component id="oc-22c">
         <name>.debug_info</name>
         <load_address>0x36af</load_address>
         <run_address>0x36af</run_address>
         <size>0x225</size>
         <input_file_ref idref="fl-7"/>
      </object_component>
      <object_component id="oc-226">
         <name>.debug_info</name>
         <load_address>0x38d4</load_address>
         <run_address>0x38d4</run_address>
         <size>0xd7</size>
         <input_file_ref idref="fl-7"/>
      </object_component>
      <object_component id="oc-229">
         <name>.debug_info</name>
         <load_address>0x39ab</load_address>
         <run_address>0x39ab</run_address>
         <size>0x185</size>
         <input_file_ref idref="fl-7"/>
      </object_component>
      <object_component id="oc-d2">
         <name>.debug_info</name>
         <load_address>0x3b30</load_address>
         <run_address>0x3b30</run_address>
         <size>0x15f7</size>
         <input_file_ref idref="fl-7"/>
      </object_component>
      <object_component id="oc-27a">
         <name>.debug_info</name>
         <load_address>0x5127</load_address>
         <run_address>0x5127</run_address>
         <size>0x226</size>
         <input_file_ref idref="fl-8"/>
      </object_component>
      <object_component id="oc-12b">
         <name>.debug_info</name>
         <load_address>0x534d</load_address>
         <run_address>0x534d</run_address>
         <size>0xed4</size>
         <input_file_ref idref="fl-8"/>
      </object_component>
      <object_component id="oc-bc">
         <name>.debug_info</name>
         <load_address>0x6221</load_address>
         <run_address>0x6221</run_address>
         <size>0x2c</size>
         <input_file_ref idref="fl-8"/>
      </object_component>
      <object_component id="oc-2d7">
         <name>.debug_info</name>
         <load_address>0x624d</load_address>
         <run_address>0x624d</run_address>
         <size>0x1e0</size>
         <input_file_ref idref="fl-f"/>
      </object_component>
      <object_component id="oc-2d2">
         <name>.debug_info</name>
         <load_address>0x642d</load_address>
         <run_address>0x642d</run_address>
         <size>0x19e</size>
         <input_file_ref idref="fl-f"/>
      </object_component>
      <object_component id="oc-2bf">
         <name>.debug_info</name>
         <load_address>0x65cb</load_address>
         <run_address>0x65cb</run_address>
         <size>0x1dd</size>
         <input_file_ref idref="fl-f"/>
      </object_component>
      <object_component id="oc-19b">
         <name>.debug_info</name>
         <load_address>0x67a8</load_address>
         <run_address>0x67a8</run_address>
         <size>0x1e8</size>
         <input_file_ref idref="fl-f"/>
      </object_component>
      <object_component id="oc-1a1">
         <name>.debug_info</name>
         <load_address>0x6990</load_address>
         <run_address>0x6990</run_address>
         <size>0x1bf</size>
         <input_file_ref idref="fl-f"/>
      </object_component>
      <object_component id="oc-12f">
         <name>.debug_info</name>
         <load_address>0x6b4f</load_address>
         <run_address>0x6b4f</run_address>
         <size>0x1b7</size>
         <input_file_ref idref="fl-f"/>
      </object_component>
      <object_component id="oc-135">
         <name>.debug_info</name>
         <load_address>0x6d06</load_address>
         <run_address>0x6d06</run_address>
         <size>0x1bd</size>
         <input_file_ref idref="fl-f"/>
      </object_component>
      <object_component id="oc-195">
         <name>.debug_info</name>
         <load_address>0x6ec3</load_address>
         <run_address>0x6ec3</run_address>
         <size>0x208</size>
         <input_file_ref idref="fl-f"/>
      </object_component>
      <object_component id="oc-25f">
         <name>.debug_info</name>
         <load_address>0x70cb</load_address>
         <run_address>0x70cb</run_address>
         <size>0x1d4</size>
         <input_file_ref idref="fl-f"/>
      </object_component>
      <object_component id="oc-360">
         <name>.debug_info</name>
         <load_address>0x729f</load_address>
         <run_address>0x729f</run_address>
         <size>0x201</size>
         <input_file_ref idref="fl-10"/>
      </object_component>
      <object_component id="oc-290">
         <name>.debug_info</name>
         <load_address>0x74a0</load_address>
         <run_address>0x74a0</run_address>
         <size>0xf4</size>
         <input_file_ref idref="fl-10"/>
      </object_component>
      <object_component id="oc-164">
         <name>.debug_info</name>
         <load_address>0x7594</load_address>
         <run_address>0x7594</run_address>
         <size>0x17c</size>
         <input_file_ref idref="fl-10"/>
      </object_component>
      <object_component id="oc-15e">
         <name>.debug_info</name>
         <load_address>0x7710</load_address>
         <run_address>0x7710</run_address>
         <size>0x1ae</size>
         <input_file_ref idref="fl-10"/>
      </object_component>
      <object_component id="oc-240">
         <name>.debug_info</name>
         <load_address>0x78be</load_address>
         <run_address>0x78be</run_address>
         <size>0x1f8</size>
         <input_file_ref idref="fl-10"/>
      </object_component>
      <object_component id="oc-16a">
         <name>.debug_info</name>
         <load_address>0x7ab6</load_address>
         <run_address>0x7ab6</run_address>
         <size>0x19f</size>
         <input_file_ref idref="fl-10"/>
      </object_component>
      <object_component id="oc-410">
         <name>.debug_info</name>
         <load_address>0x7c55</load_address>
         <run_address>0x7c55</run_address>
         <size>0x14e</size>
         <input_file_ref idref="fl-11"/>
      </object_component>
      <object_component id="oc-381">
         <name>.debug_info</name>
         <load_address>0x7da3</load_address>
         <run_address>0x7da3</run_address>
         <size>0xf6</size>
         <input_file_ref idref="fl-11"/>
      </object_component>
      <object_component id="oc-2b3">
         <name>.debug_info</name>
         <load_address>0x7e99</load_address>
         <run_address>0x7e99</run_address>
         <size>0x1bf</size>
         <input_file_ref idref="fl-11"/>
      </object_component>
      <object_component id="oc-387">
         <name>.debug_info</name>
         <load_address>0x8058</load_address>
         <run_address>0x8058</run_address>
         <size>0x20d</size>
         <input_file_ref idref="fl-11"/>
      </object_component>
      <object_component id="oc-2cb">
         <name>.debug_info</name>
         <load_address>0x8265</load_address>
         <run_address>0x8265</run_address>
         <size>0x1d4</size>
         <input_file_ref idref="fl-11"/>
      </object_component>
      <object_component id="oc-2c5">
         <name>.debug_info</name>
         <load_address>0x8439</load_address>
         <run_address>0x8439</run_address>
         <size>0x1d2</size>
         <input_file_ref idref="fl-11"/>
      </object_component>
      <object_component id="oc-2ba">
         <name>.debug_info</name>
         <load_address>0x860b</load_address>
         <run_address>0x860b</run_address>
         <size>0x222</size>
         <input_file_ref idref="fl-11"/>
      </object_component>
      <object_component id="oc-282">
         <name>.debug_info</name>
         <load_address>0x882d</load_address>
         <run_address>0x882d</run_address>
         <size>0x25e</size>
         <input_file_ref idref="fl-12"/>
      </object_component>
      <object_component id="oc-27e">
         <name>.debug_info</name>
         <load_address>0x8a8b</load_address>
         <run_address>0x8a8b</run_address>
         <size>0xff</size>
         <input_file_ref idref="fl-12"/>
      </object_component>
      <object_component id="oc-294">
         <name>.debug_info</name>
         <load_address>0x8b8a</load_address>
         <run_address>0x8b8a</run_address>
         <size>0x1a6</size>
         <input_file_ref idref="fl-12"/>
      </object_component>
      <object_component id="oc-13a">
         <name>.debug_info</name>
         <load_address>0x8d30</load_address>
         <run_address>0x8d30</run_address>
         <size>0x1eb</size>
         <input_file_ref idref="fl-12"/>
      </object_component>
      <object_component id="oc-2a6">
         <name>.debug_info</name>
         <load_address>0x8f1b</load_address>
         <run_address>0x8f1b</run_address>
         <size>0x1ed</size>
         <input_file_ref idref="fl-12"/>
      </object_component>
      <object_component id="oc-14c">
         <name>.debug_info</name>
         <load_address>0x9108</load_address>
         <run_address>0x9108</run_address>
         <size>0x216</size>
         <input_file_ref idref="fl-12"/>
      </object_component>
      <object_component id="oc-140">
         <name>.debug_info</name>
         <load_address>0x931e</load_address>
         <run_address>0x931e</run_address>
         <size>0x1c0</size>
         <input_file_ref idref="fl-12"/>
      </object_component>
      <object_component id="oc-170">
         <name>.debug_info</name>
         <load_address>0x94de</load_address>
         <run_address>0x94de</run_address>
         <size>0x283</size>
         <input_file_ref idref="fl-12"/>
      </object_component>
      <object_component id="oc-29a">
         <name>.debug_info</name>
         <load_address>0x9761</load_address>
         <run_address>0x9761</run_address>
         <size>0x1bf</size>
         <input_file_ref idref="fl-12"/>
      </object_component>
      <object_component id="oc-2a0">
         <name>.debug_info</name>
         <load_address>0x9920</load_address>
         <run_address>0x9920</run_address>
         <size>0x1d4</size>
         <input_file_ref idref="fl-12"/>
      </object_component>
      <object_component id="oc-36a">
         <name>.debug_info</name>
         <load_address>0x9af4</load_address>
         <run_address>0x9af4</run_address>
         <size>0x232</size>
         <input_file_ref idref="fl-13"/>
      </object_component>
      <object_component id="oc-158">
         <name>.debug_info</name>
         <load_address>0x9d26</load_address>
         <run_address>0x9d26</run_address>
         <size>0x179</size>
         <input_file_ref idref="fl-13"/>
      </object_component>
      <object_component id="oc-146">
         <name>.debug_info</name>
         <load_address>0x9e9f</load_address>
         <run_address>0x9e9f</run_address>
         <size>0x177</size>
         <input_file_ref idref="fl-13"/>
      </object_component>
      <object_component id="oc-152">
         <name>.debug_info</name>
         <load_address>0xa016</load_address>
         <run_address>0xa016</run_address>
         <size>0x28e</size>
         <input_file_ref idref="fl-13"/>
      </object_component>
      <object_component id="oc-26e">
         <name>.debug_info</name>
         <load_address>0xa2a4</load_address>
         <run_address>0xa2a4</run_address>
         <size>0x1aa</size>
         <input_file_ref idref="fl-13"/>
      </object_component>
      <object_component id="oc-268">
         <name>.debug_info</name>
         <load_address>0xa44e</load_address>
         <run_address>0xa44e</run_address>
         <size>0x1a6</size>
         <input_file_ref idref="fl-13"/>
      </object_component>
      <object_component id="oc-262">
         <name>.debug_info</name>
         <load_address>0xa5f4</load_address>
         <run_address>0xa5f4</run_address>
         <size>0x17d</size>
         <input_file_ref idref="fl-13"/>
      </object_component>
      <object_component id="oc-274">
         <name>.debug_info</name>
         <load_address>0xa771</load_address>
         <run_address>0xa771</run_address>
         <size>0x17f</size>
         <input_file_ref idref="fl-13"/>
      </object_component>
      <object_component id="oc-2ae">
         <name>.debug_info</name>
         <load_address>0xa8f0</load_address>
         <run_address>0xa8f0</run_address>
         <size>0x199</size>
         <input_file_ref idref="fl-14"/>
      </object_component>
      <object_component id="oc-18a">
         <name>.debug_info</name>
         <load_address>0xaa89</load_address>
         <run_address>0xaa89</run_address>
         <size>0x15f</size>
         <input_file_ref idref="fl-14"/>
      </object_component>
      <object_component id="oc-17d">
         <name>.debug_info</name>
         <load_address>0xabe8</load_address>
         <run_address>0xabe8</run_address>
         <size>0x1b6</size>
         <input_file_ref idref="fl-14"/>
      </object_component>
      <object_component id="oc-182">
         <name>.debug_info</name>
         <load_address>0xad9e</load_address>
         <run_address>0xad9e</run_address>
         <size>0x165</size>
         <input_file_ref idref="fl-14"/>
      </object_component>
      <object_component id="oc-177">
         <name>.debug_info</name>
         <load_address>0xaf03</load_address>
         <run_address>0xaf03</run_address>
         <size>0x198</size>
         <input_file_ref idref="fl-14"/>
      </object_component>
      <object_component id="oc-112">
         <name>.debug_info</name>
         <load_address>0xb09b</load_address>
         <run_address>0xb09b</run_address>
         <size>0x16a</size>
         <input_file_ref idref="fl-14"/>
      </object_component>
      <object_component id="oc-246">
         <name>.debug_info</name>
         <load_address>0xb205</load_address>
         <run_address>0xb205</run_address>
         <size>0x209</size>
         <input_file_ref idref="fl-16"/>
      </object_component>
      <object_component id="oc-35c">
         <name>.debug_info</name>
         <load_address>0xb40e</load_address>
         <run_address>0xb40e</run_address>
         <size>0xf9</size>
         <input_file_ref idref="fl-16"/>
      </object_component>
      <object_component id="oc-23a">
         <name>.debug_info</name>
         <load_address>0xb507</load_address>
         <run_address>0xb507</run_address>
         <size>0x19e</size>
         <input_file_ref idref="fl-16"/>
      </object_component>
      <object_component id="oc-1eb">
         <name>.debug_info</name>
         <load_address>0xb6a5</load_address>
         <run_address>0xb6a5</run_address>
         <size>0x25c</size>
         <input_file_ref idref="fl-16"/>
      </object_component>
      <object_component id="oc-306">
         <name>.debug_info</name>
         <load_address>0xb901</load_address>
         <run_address>0xb901</run_address>
         <size>0x17e</size>
         <input_file_ref idref="fl-16"/>
      </object_component>
      <object_component id="oc-300">
         <name>.debug_info</name>
         <load_address>0xba7f</load_address>
         <run_address>0xba7f</run_address>
         <size>0x180</size>
         <input_file_ref idref="fl-16"/>
      </object_component>
      <object_component id="oc-f0">
         <name>.debug_info</name>
         <load_address>0xbbff</load_address>
         <run_address>0xbbff</run_address>
         <size>0x18a</size>
         <input_file_ref idref="fl-16"/>
      </object_component>
      <object_component id="oc-ea">
         <name>.debug_info</name>
         <load_address>0xbd89</load_address>
         <run_address>0xbd89</run_address>
         <size>0x19a</size>
         <input_file_ref idref="fl-16"/>
      </object_component>
      <object_component id="oc-f6">
         <name>.debug_info</name>
         <load_address>0xbf23</load_address>
         <run_address>0xbf23</run_address>
         <size>0x1c5</size>
         <input_file_ref idref="fl-16"/>
      </object_component>
      <object_component id="oc-1f1">
         <name>.debug_info</name>
         <load_address>0xc0e8</load_address>
         <run_address>0xc0e8</run_address>
         <size>0x1ab</size>
         <input_file_ref idref="fl-16"/>
      </object_component>
      <object_component id="oc-fc">
         <name>.debug_info</name>
         <load_address>0xc293</load_address>
         <run_address>0xc293</run_address>
         <size>0x210</size>
         <input_file_ref idref="fl-16"/>
      </object_component>
      <object_component id="oc-102">
         <name>.debug_info</name>
         <load_address>0xc4a3</load_address>
         <run_address>0xc4a3</run_address>
         <size>0x1bf</size>
         <input_file_ref idref="fl-16"/>
      </object_component>
      <object_component id="oc-de">
         <name>.debug_info</name>
         <load_address>0xc662</load_address>
         <run_address>0xc662</run_address>
         <size>0x1b7</size>
         <input_file_ref idref="fl-16"/>
      </object_component>
      <object_component id="oc-e4">
         <name>.debug_info</name>
         <load_address>0xc819</load_address>
         <run_address>0xc819</run_address>
         <size>0x1bd</size>
         <input_file_ref idref="fl-16"/>
      </object_component>
      <object_component id="oc-28b">
         <name>.debug_info</name>
         <load_address>0xc9d6</load_address>
         <run_address>0xc9d6</run_address>
         <size>0x14e</size>
         <input_file_ref idref="fl-18"/>
      </object_component>
      <object_component id="oc-320">
         <name>.debug_info</name>
         <load_address>0xcb24</load_address>
         <run_address>0xcb24</run_address>
         <size>0x212</size>
         <input_file_ref idref="fl-cf"/>
      </object_component>
      <object_component id="oc-1f9">
         <name>.debug_info</name>
         <load_address>0xcd36</load_address>
         <run_address>0xcd36</run_address>
         <size>0x208</size>
         <input_file_ref idref="fl-cf"/>
      </object_component>
      <object_component id="oc-314">
         <name>.debug_info</name>
         <load_address>0xcf3e</load_address>
         <run_address>0xcf3e</run_address>
         <size>0x1c6</size>
         <input_file_ref idref="fl-cf"/>
      </object_component>
      <object_component id="oc-31a">
         <name>.debug_info</name>
         <load_address>0xd104</load_address>
         <run_address>0xd104</run_address>
         <size>0x179</size>
         <input_file_ref idref="fl-cf"/>
      </object_component>
      <object_component id="oc-321">
         <name>.debug_info</name>
         <load_address>0xd27d</load_address>
         <run_address>0xd27d</run_address>
         <size>0x2c</size>
         <input_file_ref idref="fl-cf"/>
      </object_component>
      <object_component id="oc-326">
         <name>.debug_info</name>
         <load_address>0xd2a9</load_address>
         <run_address>0xd2a9</run_address>
         <size>0x69</size>
         <input_file_ref idref="fl-cf"/>
      </object_component>
      <object_component id="oc-11d">
         <name>.debug_info</name>
         <load_address>0xd312</load_address>
         <run_address>0xd312</run_address>
         <size>0x122</size>
         <input_file_ref idref="fl-d0"/>
      </object_component>
      <object_component id="oc-3e">
         <name>.debug_info</name>
         <load_address>0xd434</load_address>
         <run_address>0xd434</run_address>
         <size>0x119</size>
         <input_file_ref idref="fl-d1"/>
      </object_component>
      <object_component id="oc-118">
         <name>.debug_info</name>
         <load_address>0xd54d</load_address>
         <run_address>0xd54d</run_address>
         <size>0x134</size>
         <input_file_ref idref="fl-d2"/>
      </object_component>
      <object_component id="oc-8a">
         <name>.debug_info</name>
         <load_address>0xd681</load_address>
         <run_address>0xd681</run_address>
         <size>0x1a6</size>
         <input_file_ref idref="fl-d3"/>
      </object_component>
      <object_component id="oc-4a">
         <name>.debug_info</name>
         <load_address>0xd827</load_address>
         <run_address>0xd827</run_address>
         <size>0x1d2</size>
         <input_file_ref idref="fl-d3"/>
      </object_component>
      <object_component id="oc-85">
         <name>.debug_info</name>
         <load_address>0xd9f9</load_address>
         <run_address>0xd9f9</run_address>
         <size>0x46</size>
         <input_file_ref idref="fl-d3"/>
      </object_component>
      <object_component id="oc-48">
         <name>.debug_info</name>
         <load_address>0xda3f</load_address>
         <run_address>0xda3f</run_address>
         <size>0x17a</size>
         <input_file_ref idref="fl-d4"/>
      </object_component>
      <object_component id="oc-1c">
         <name>.debug_info</name>
         <load_address>0xdbb9</load_address>
         <run_address>0xdbb9</run_address>
         <size>0x1ea</size>
         <input_file_ref idref="fl-d4"/>
      </object_component>
      <object_component id="oc-43">
         <name>.debug_info</name>
         <load_address>0xdda3</load_address>
         <run_address>0xdda3</run_address>
         <size>0x46</size>
         <input_file_ref idref="fl-d4"/>
      </object_component>
      <object_component id="oc-7d">
         <name>.debug_info</name>
         <load_address>0xdde9</load_address>
         <run_address>0xdde9</run_address>
         <size>0x2c</size>
         <input_file_ref idref="fl-d4"/>
      </object_component>
      <object_component id="oc-7b">
         <name>.debug_info</name>
         <load_address>0xde15</load_address>
         <run_address>0xde15</run_address>
         <size>0x170</size>
         <input_file_ref idref="fl-d5"/>
      </object_component>
      <object_component id="oc-19">
         <name>.debug_info</name>
         <load_address>0xdf85</load_address>
         <run_address>0xdf85</run_address>
         <size>0x250</size>
         <input_file_ref idref="fl-d5"/>
      </object_component>
      <object_component id="oc-33">
         <name>.debug_info</name>
         <load_address>0xe1d5</load_address>
         <run_address>0xe1d5</run_address>
         <size>0x60</size>
         <input_file_ref idref="fl-d5"/>
      </object_component>
      <object_component id="oc-b5">
         <name>.debug_info</name>
         <load_address>0xe235</load_address>
         <run_address>0xe235</run_address>
         <size>0x46</size>
         <input_file_ref idref="fl-d5"/>
      </object_component>
      <object_component id="oc-76">
         <name>.debug_info</name>
         <load_address>0xe27b</load_address>
         <run_address>0xe27b</run_address>
         <size>0x39</size>
         <input_file_ref idref="fl-d5"/>
      </object_component>
      <object_component id="oc-32c">
         <name>.debug_info</name>
         <load_address>0xe2b4</load_address>
         <run_address>0xe2b4</run_address>
         <size>0x172</size>
         <input_file_ref idref="fl-d6"/>
      </object_component>
      <object_component id="oc-1fe">
         <name>.debug_info</name>
         <load_address>0xe426</load_address>
         <run_address>0xe426</run_address>
         <size>0x1a9</size>
         <input_file_ref idref="fl-d6"/>
      </object_component>
      <object_component id="oc-6f">
         <name>.debug_info</name>
         <load_address>0xe5cf</load_address>
         <run_address>0xe5cf</run_address>
         <size>0x284</size>
         <input_file_ref idref="fl-d7"/>
      </object_component>
      <object_component id="oc-24">
         <name>.debug_info</name>
         <load_address>0xe853</load_address>
         <run_address>0xe853</run_address>
         <size>0x10c</size>
         <input_file_ref idref="fl-d7"/>
      </object_component>
      <object_component id="oc-402">
         <name>.debug_info</name>
         <load_address>0xe95f</load_address>
         <run_address>0xe95f</run_address>
         <size>0x13f</size>
         <input_file_ref idref="fl-d7"/>
      </object_component>
      <object_component id="oc-205">
         <name>.debug_info</name>
         <load_address>0xea9e</load_address>
         <run_address>0xea9e</run_address>
         <size>0x168</size>
         <input_file_ref idref="fl-d7"/>
      </object_component>
      <object_component id="oc-336">
         <name>.debug_info</name>
         <load_address>0xec06</load_address>
         <run_address>0xec06</run_address>
         <size>0x18e</size>
         <input_file_ref idref="fl-d7"/>
      </object_component>
      <object_component id="oc-342">
         <name>.debug_info</name>
         <load_address>0xed94</load_address>
         <run_address>0xed94</run_address>
         <size>0x19f</size>
         <input_file_ref idref="fl-d7"/>
      </object_component>
      <object_component id="oc-211">
         <name>.debug_info</name>
         <load_address>0xef33</load_address>
         <run_address>0xef33</run_address>
         <size>0x203</size>
         <input_file_ref idref="fl-d7"/>
      </object_component>
      <object_component id="oc-33d">
         <name>.debug_info</name>
         <load_address>0xf136</load_address>
         <run_address>0xf136</run_address>
         <size>0x1db</size>
         <input_file_ref idref="fl-d7"/>
      </object_component>
      <object_component id="oc-209">
         <name>.debug_info</name>
         <load_address>0xf311</load_address>
         <run_address>0xf311</run_address>
         <size>0x26e</size>
         <input_file_ref idref="fl-d7"/>
      </object_component>
      <object_component id="oc-330">
         <name>.debug_info</name>
         <load_address>0xf57f</load_address>
         <run_address>0xf57f</run_address>
         <size>0x299</size>
         <input_file_ref idref="fl-d7"/>
      </object_component>
      <object_component id="oc-b0">
         <name>.debug_info</name>
[...]
         <name>drawFastHLine</name>
         <value>0x2000652d</value>
         <object_component_ref idref="oc-127"/>
      </symbol>
      <symbol id="sm-260">
         <name>goTo</name>
         <value>0x2000633b</value>
         <object_component_ref idref="oc-127"/>
      </symbol>
      <symbol id="sm-261">
         <name>fillScreen</name>
         <value>0x200063c1</value>
         <object_component_ref idref="oc-127"/>
      </symbol>
      <symbol id="sm-262">
         <name>Adafruit_Init</name>
         <value>0x20006209</value>
         <object_component_ref idref="oc-127"/>
      </symbol>
      <symbol id="sm-263">
         <name>writeData</name>
         <value>0x200061c5</value>
         <object_component_ref idref="oc-127"/>
      </symbol>
      <symbol id="sm-264">
         <name>writeCommand</name>
         <value>0x20006181</value>
         <object_component_ref idref="oc-127"/>
      </symbol>
      <symbol id="sm-265">
         <name>fillRect</name>
         <value>0x200063d7</value>
         <object_component_ref idref="oc-127"/>
      </symbol>
      <symbol id="sm-266">
         <name>drawFastVLine</name>
         <value>0x2000648d</value>
         <object_component_ref idref="oc-127"/>
      </symbol>
      <symbol id="sm-267">
         <name>invert</name>
         <value>0x20006607</value>
         <object_component_ref idref="oc-127"/>
      </symbol>
      <symbol id="sm-2c0">
         <name>GPIOIntRegister</name>
         <value>0x20008851</value>
         <object_component_ref idref="oc-193"/>
      </symbol>
      <symbol id="sm-2c1">
         <name>GPIOIntEnable</name>
         <value>0x20008975</value>
         <object_component_ref idref="oc-19f"/>
      </symbol>
      <symbol id="sm-2c2">
         <name>GPIOIntTypeSet</name>
         <value>0x20007ead</value>
         <object_component_ref idref="oc-199"/>
      </symbol>
      <symbol id="sm-2c3">
         <name>GPIOIntClear</name>
         <value>0x20008adb</value>
         <object_component_ref idref="oc-133"/>
      </symbol>
      <symbol id="sm-2c4">
         <name>GPIOIntStatus</name>
         <value>0x200087ad</value>
         <object_component_ref idref="oc-12d"/>
      </symbol>
      <symbol id="sm-2c5">
         <name>GPIODirModeSet</name>
         <value>0x20008579</value>
         <object_component_ref idref="oc-2bd"/>
      </symbol>
      <symbol id="sm-2c6">
         <name>GPIOPinWrite</name>
         <value>0x200087f1</value>
         <object_component_ref idref="oc-25b"/>
      </symbol>
      <symbol id="sm-2ff">
         <name>IntVTableBaseSet</name>
         <value>0x20008af1</value>
         <object_component_ref idref="oc-15d"/>
      </symbol>
      <symbol id="sm-300">
         <name>IntEnable</name>
         <value>0x20007a09</value>
         <object_component_ref idref="oc-169"/>
      </symbol>
      <symbol id="sm-301">
         <name>IntRegister</name>
         <value>0x20008811</value>
         <object_component_ref idref="oc-23f"/>
      </symbol>
      <symbol id="sm-302">
         <name>IntMasterEnable</name>
         <value>0x20008ba5</value>
         <object_component_ref idref="oc-163"/>
      </symbol>
      <symbol id="sm-341">
         <name>PinTypeUART</name>
         <value>0x200089a9</value>
         <object_component_ref idref="oc-2c9"/>
      </symbol>
      <symbol id="sm-342">
         <name>PinTypeGPIO</name>
         <value>0x200085af</value>
         <object_component_ref idref="oc-2b7"/>
      </symbol>
      <symbol id="sm-343">
         <name>PinConfigSet</name>
         <value>0x20007d19</value>
         <object_component_ref idref="oc-384"/>
      </symbol>
      <symbol id="sm-344">
         <name>PinTypeSPI</name>
         <value>0x2000898f</value>
         <object_component_ref idref="oc-2c3"/>
      </symbol>
      <symbol id="sm-345">
         <name>PinModeSet</name>
         <value>0x2000847d</value>
         <object_component_ref idref="oc-2b1"/>
      </symbol>
      <symbol id="sm-3cb">
         <name>PRCMPeripheralReset</name>
         <value>0x200081c5</value>
         <object_component_ref idref="oc-13f"/>
      </symbol>
      <symbol id="sm-3cc">
         <name>PRCMPeripheralClkEnable</name>
         <value>0x2000853d</value>
         <object_component_ref idref="oc-139"/>
      </symbol>
      <symbol id="sm-3cd">
         <name>PRCMPeripheralClockGet</name>
         <value>0x20007c85</value>
         <object_component_ref idref="oc-14b"/>
      </symbol>
      <symbol id="sm-3ce">
         <name>PRCMCC3200MCUInit</name>
         <value>0x20006e8d</value>
         <object_component_ref idref="oc-16f"/>
      </symbol>
      <symbol id="sm-3cf">
         <name>PRCMHIBRegWrite</name>
         <value>0x20008a9b</value>
         <object_component_ref idref="oc-29f"/>
      </symbol>
      <symbol id="sm-3d0">
         <name>PRCMSysResetCauseGet</name>
         <value>0x2000869d</value>
         <object_component_ref idref="oc-293"/>
      </symbol>
      <symbol id="sm-3d1">
         <name>PRCMPeripheralClkDisable</name>
         <value>0x200086c9</value>
         <object_component_ref idref="oc-2a5"/>
      </symbol>
      <symbol id="sm-3d2">
         <name>PRCMHIBRegRead</name>
         <value>0x20008a85</value>
         <object_component_ref idref="oc-299"/>
      </symbol>
      <symbol id="sm-417">
         <name>SPICSEnable</name>
         <value>0x200089db</value>
         <object_component_ref idref="oc-261"/>
      </symbol>
      <symbol id="sm-418">
         <name>SPIDataPut</name>
         <value>0x2000886f</value>
         <object_component_ref idref="oc-267"/>
      </symbol>
      <symbol id="sm-419">
         <name>SPIEnable</name>
         <value>0x200089f3</value>
         <object_component_ref idref="oc-157"/>
      </symbol>
      <symbol id="sm-41a">
         <name>SPIDataGet</name>
         <value>0x20008831</value>
         <object_component_ref idref="oc-26d"/>
      </symbol>
      <symbol id="sm-41b">
         <name>SPIConfigSetExpClk</name>
         <value>0x20007ab1</value>
         <object_component_ref idref="oc-151"/>
      </symbol>
      <symbol id="sm-41c">
         <name>SPIReset</name>
         <value>0x200087cf</value>
         <object_component_ref idref="oc-145"/>
      </symbol>
      <symbol id="sm-41d">
         <name>SPICSDisable</name>
         <value>0x200089c3</value>
         <object_component_ref idref="oc-273"/>
      </symbol>
      <symbol id="sm-454">
         <name>SysTickEnable</name>
         <value>0x20008b51</value>
         <object_component_ref idref="oc-187"/>
      </symbol>
      <symbol id="sm-455">
         <name>SysTickIntRegister</name>
         <value>0x200088e9</value>
         <object_component_ref idref="oc-17b"/>
      </symbol>
      <symbol id="sm-456">
         <name>SysTickIntEnable</name>
         <value>0x20008b61</value>
         <object_component_ref idref="oc-181"/>
      </symbol>
      <symbol id="sm-457">
         <name>SysTickValueGet</name>
         <value>0x20008b8d</value>
         <object_component_ref idref="oc-111"/>
      </symbol>
      <symbol id="sm-458">
         <name>SysTickPeriodSet</name>
         <value>0x20008a0d</value>
         <object_component_ref idref="oc-175"/>
      </symbol>
      <symbol id="sm-4db">
         <name>UARTCharPutNonBlocking</name>
         <value>0x20008741</value>
         <object_component_ref idref="oc-f5"/>
      </symbol>
      <symbol id="sm-4dc">
         <name>UARTConfigSetExpClk</name>
         <value>0x20007fa9</value>
         <object_component_ref idref="oc-1ea"/>
      </symbol>
      <symbol id="sm-4dd">
         <name>UARTDisable</name>
         <value>0x200085e1</value>
         <object_component_ref idref="oc-2ff"/>
      </symbol>
      <symbol id="sm-4de">
         <name>UARTIntEnable</name>
         <value>0x20008a3d</value>
         <object_component_ref idref="oc-101"/>
      </symbol>
      <symbol id="sm-4df">
         <name>UARTCharsAvail</name>
         <value>0x20008a25</value>
         <object_component_ref idref="oc-ef"/>
      </symbol>
      <symbol id="sm-4e0">
         <name>UARTCharGetNonBlocking</name>
         <value>0x20008905</value>
         <object_component_ref idref="oc-e9"/>
      </symbol>
      <symbol id="sm-4e1">
         <name>UARTCharPut</name>
         <value>0x2000888d</value>
         <object_component_ref idref="oc-1f0"/>
      </symbol>
      <symbol id="sm-4e2">
         <name>UARTEnable</name>
         <value>0x20008765</value>
         <object_component_ref idref="oc-305"/>
      </symbol>
      <symbol id="sm-4e3">
         <name>UARTIntClear</name>
         <value>0x20008b2d</value>
         <object_component_ref idref="oc-e3"/>
      </symbol>
      <symbol id="sm-4e4">
         <name>UARTIntStatus</name>
         <value>0x200088c9</value>
         <object_component_ref idref="oc-dd"/>
      </symbol>
      <symbol id="sm-4e5">
         <name>UARTIntRegister</name>
         <value>0x200088ab</value>
         <object_component_ref idref="oc-fb"/>
      </symbol>
      <symbol id="sm-4e9">
         <name>UtilsDelay</name>
         <value>0x20008bc1</value>
         <object_component_ref idref="oc-1a5"/>
      </symbol>
      <symbol id="sm-4f3">
         <name>CPUcpsie</name>
         <value>0x20008ac7</value>
         <object_component_ref idref="oc-288"/>
      </symbol>
      <symbol id="sm-523">
         <name>vsnprintf</name>
         <value>0x200084bd</value>
         <object_component_ref idref="oc-1f6"/>
      </symbol>
      <symbol id="sm-52c">
         <name>__aeabi_lmul</name>
         <value>0x20008a6d</value>
         <object_component_ref idref="oc-11c"/>
      </symbol>
      <symbol id="sm-547">
         <name>memcpy</name>
         <value>0x20007b51</value>
         <object_component_ref idref="oc-3d"/>
      </symbol>
      <symbol id="sm-548">
         <name>__aeabi_memcpy</name>
         <value>0x20007b51</value>
         <object_component_ref idref="oc-3d"/>
      </symbol>
      <symbol id="sm-549">
         <name>__aeabi_memcpy8</name>
         <value>0x20007b51</value>
         <object_component_ref idref="oc-3d"/>
      </symbol>
      <symbol id="sm-54a">
         <name>__aeabi_memcpy4</name>
         <value>0x20007b51</value>
         <object_component_ref idref="oc-3d"/>
      </symbol>
      <symbol id="sm-557">
         <name>__aeabi_uldivmod</name>
         <value>0x20007bed</value>
         <object_component_ref idref="oc-117"/>
      </symbol>
      <symbol id="sm-56b">
         <name>__TI_zero_init_nomemset</name>
         <value>0x20008921</value>
         <object_component_ref idref="oc-49"/>
      </symbol>
      <symbol id="sm-582">
         <name>__TI_decompress_none</name>
         <value>0x20008b71</value>
         <object_component_ref idref="oc-1b"/>
      </symbol>
      <symbol id="sm-5a5">
         <name>__TI_decompress_lzss</name>
         <value>0x200080ff</value>
         <object_component_ref idref="oc-15"/>
      </symbol>
      <symbol id="sm-5b6">
         <name>memmove</name>
         <value>0x20008719</value>
         <object_component_ref idref="oc-1fc"/>
      </symbol>
      <symbol id="sm-654">
         <name>_sys_memory</name>
         <value>0x20017000</value>
         <object_component_ref idref="oc-23"/>
      </symbol>
      <symbol id="sm-655">
         <name>free</name>
         <value>0x200076bd</value>
         <object_component_ref idref="oc-20e"/>
      </symbol>
      <symbol id="sm-656">
         <name>realloc</name>
         <value>0x200077a1</value>
         <object_component_ref idref="oc-208"/>
      </symbol>
      <symbol id="sm-657">
         <name>memalign</name>
         <value>0x200074c1</value>
         <object_component_ref idref="oc-32d"/>
      </symbol>
      <symbol id="sm-658">
         <name>malloc</name>
         <value>0x20008bb9</value>
         <object_component_ref idref="oc-202"/>
      </symbol>
      <symbol id="sm-659">
         <name>aligned_alloc</name>
         <value>0x200074c1</value>
         <object_component_ref idref="oc-32d"/>
      </symbol>
      <symbol id="sm-667">
         <name>strcpy</name>
         <value>0x20008b05</value>
         <object_component_ref idref="oc-121"/>
      </symbol>
      <symbol id="sm-675">
         <name>strlen</name>
         <value>0x20008b19</value>
         <object_component_ref idref="oc-d7"/>
      </symbol>
      <symbol id="sm-686">
         <name>strncat</name>
         <value>0x2000866f</value>
         <object_component_ref idref="oc-cb"/>
      </symbol>
      <symbol id="sm-698">
         <name>__stack</name>
         <value>0x2002ff00</value>
         <object_component_ref idref="oc-26"/>
      </symbol>
      <symbol id="sm-699">
         <name>_c_int00_noargs</name>
         <value>0x20008789</value>
         <object_component_ref idref="oc-5b"/>
      </symbol>
      <symbol id="sm-7fe">
         <name>__TI_printfi</name>
         <value>0x20004e81</value>
         <object_component_ref idref="oc-30d"/>
      </symbol>
      <symbol id="sm-808">
         <name>__aeabi_idiv0</name>
         <value>0x20006623</value>
         <object_component_ref idref="oc-252"/>
      </symbol>
      <symbol id="sm-809">
         <name>__aeabi_ldiv0</name>
         <value>0x20006623</value>
         <object_component_ref idref="oc-252"/>
      </symbol>
      <symbol id="sm-820">
         <name>__aeabi_dsub</name>
         <value>0x20006cd5</value>
         <object_component_ref idref="oc-447"/>
      </symbol>
      <symbol id="sm-821">
         <name>__aeabi_dadd</name>
         <value>0x20006cdf</value>
         <object_component_ref idref="oc-447"/>
      </symbol>
      <symbol id="sm-843">
         <name>__aeabi_cdcmpeq</name>
         <value>0x20007da1</value>
         <object_component_ref idref="oc-3c0"/>
      </symbol>
      <symbol id="sm-844">
         <name>__aeabi_cdcmple</name>
         <value>0x20007da1</value>
         <object_component_ref idref="oc-3c0"/>
      </symbol>
      <symbol id="sm-845">
         <name>__aeabi_cdrcmple</name>
         <value>0x20007e27</value>
         <object_component_ref idref="oc-432"/>
      </symbol>
      <symbol id="sm-859">
         <name>__aeabi_ddiv</name>
         <value>0x20007141</value>
         <object_component_ref idref="oc-42d"/>
      </symbol>
      <symbol id="sm-864">
         <name>__aeabi_dmul</name>
         <value>0x200075c1</value>
         <object_component_ref idref="oc-428"/>
      </symbol>
      <symbol id="sm-86e">
         <name>__aeabi_d2iz</name>
         <value>0x200083ad</value>
         <object_component_ref idref="oc-437"/>
      </symbol>
      <symbol id="sm-878">
         <name>__aeabi_i2d</name>
         <value>0x20008641</value>
         <object_component_ref idref="oc-442"/>
      </symbol>
      <symbol id="sm-887">
         <name>__aeabi_memset</name>
         <value>0x20007f31</value>
         <object_component_ref idref="oc-8b"/>
      </symbol>
      <symbol id="sm-888">
         <name>memset</name>
         <value>0x20007f37</value>
         <object_component_ref idref="oc-8b"/>
      </symbol>
      <symbol id="sm-889">
         <name>__aeabi_memset8</name>
         <value>0x20007f31</value>
         <object_component_ref idref="oc-8b"/>
      </symbol>
      <symbol id="sm-88a">
         <name>__aeabi_memset4</name>
         <value>0x20007f31</value>
         <object_component_ref idref="oc-8b"/>
      </symbol>
      <symbol id="sm-88b">
         <name>__aeabi_memclr8</name>
         <value>0x20007f2f</value>
         <object_component_ref idref="oc-8b"/>
      </symbol>
      <symbol id="sm-88c">
         <name>__aeabi_memclr4</name>
         <value>0x20007f2f</value>
         <object_component_ref idref="oc-8b"/>
      </symbol>
      <symbol id="sm-88d">
         <name>__aeabi_memclr</name>
         <value>0x20007f2f</value>
         <object_component_ref idref="oc-8b"/>
      </symbol>
      <symbol id="sm-8b5">
         <name>__TI_auto_init_nobinit_nopinit</name>
         <value>0x20008439</value>
         <object_component_ref idref="oc-1b8"/>
      </symbol>
      <symbol id="sm-8bf">
         <name>_system_pre_init</name>
         <value>0x20008bc7</value>
         <object_component_ref idref="oc-91"/>
      </symbol>
      <symbol id="sm-8cb">
         <name>C$$EXIT</name>
         <value>0x20008bcb</value>
         <object_component_ref idref="oc-1ac"/>
      </symbol>
      <symbol id="sm-8cc">
         <name>abort</name>
         <value>0x20008bcb</value>
         <object_component_ref idref="oc-1ac"/>
      </symbol>
      <symbol id="sm-8e1">
         <name>_nop</name>
         <value>0x200058cf</value>
         <object_component_ref idref="oc-393"/>
      </symbol>
      <symbol id="sm-8e2">
         <name>_lock</name>
         <value>0x20017998</value>
         <object_component_ref idref="oc-2e3"/>
      </symbol>
      <symbol id="sm-8e3">
         <name>_unlock</name>
         <value>0x2001799c</value>
         <object_component_ref idref="oc-2e3"/>
      </symbol>
      <symbol id="sm-8f2">
         <name>__TI_ltoa</name>
         <value>0x20008273</value>
         <object_component_ref idref="oc-43c"/>
      </symbol>
      <symbol id="sm-909">
         <name>atoi</name>
         <value>0x20008319</value>
         <object_component_ref idref="oc-3b4"/>
      </symbol>
      <symbol id="sm-914">
         <name>_ctypes_</name>
         <value>0x200090cb</value>
         <object_component_ref idref="oc-421"/>
      </symbol>
      <symbol id="sm-924">
         <name>memccpy</name>
         <value>0x20008959</value>
         <object_component_ref idref="oc-3dd"/>
      </symbol>
      <symbol id="sm-934">
         <name>strchr</name>
         <value>0x20008ab1</value>
         <object_component_ref idref="oc-473"/>
      </symbol>
      <symbol id="sm-94a">
         <name>__aeabi_errno_addr</name>
         <value>0x20008bb1</value>
         <object_component_ref idref="oc-3e9"/>
      </symbol>
      <symbol id="sm-94b">
         <name>errno</name>
         <value>0x200179a8</value>
         <object_component_ref idref="oc-483"/>
      </symbol>
      <symbol id="sm-964">
         <name>wcslen</name>
         <value>0x20008b3f</value>
         <object_component_ref idref="oc-3e3"/>
      </symbol>
      <symbol id="sm-984">
         <name>frexpl</name>
         <value>0x20008169</value>
         <object_component_ref idref="oc-467"/>
      </symbol>
      <symbol id="sm-985">
         <name>frexp</name>
         <value>0x20008169</value>
         <object_component_ref idref="oc-467"/>
      </symbol>
      <symbol id="sm-9a3">
         <name>scalbn</name>
         <value>0x20007885</value>
         <object_component_ref idref="oc-46d"/>
      </symbol>
      <symbol id="sm-9a4">
         <name>scalbnl</name>
         <value>0x20007885</value>
         <object_component_ref idref="oc-46d"/>
      </symbol>
      <symbol id="sm-9a5">
         <name>ldexpl</name>
         <value>0x20007885</value>
         <object_component_ref idref="oc-46d"/>
      </symbol>
      <symbol id="sm-9a6">
         <name>ldexp</name>
         <value>0x20007885</value>
         <object_component_ref idref="oc-46d"/>
      </symbol>
      <symbol id="sm-9b0">
         <name>copysign</name>
         <value>0x20008b99</value>
         <object_component_ref idref="oc-4b0"/>
      </symbol>
      <symbol id="sm-9b1">
         <name>copysignl</name>
         <value>0x20008b99</value>
         <object_component_ref idref="oc-4b0"/>
      </symbol>
      <symbol id="sm-9b2">
         <name>__TI_static_base__</name>
         <value>0x200093a0</value>
      </symbol>
      <symbol id="sm-9b5">
         <name>__mpu_init</name>
         <value>0x0</value>
      </symbol>
      <symbol id="sm-9b6">
         <name>_system_post_cinit</name>
         <value>0x0</value>
      </symbol>
   </symbol_table>
   <title>Link successful</title>
</link_info>
