<?xml version="1.0" encoding="ISO-8859-1" ?>
<link_info>
   <banner>TI ARM Linker PC v20.2.7.LTS</banner>
   <copyright>Copyright (c) 1996-2018 Texas Instruments Incorporated</copyright>
   <link_time>0x6635d9bd</link_time>
   <link_errors>0x0</link_errors>
   <output_file>uart_demo.out</output_file>
   <entry_point>
      <name>_c_int00_noargs</name>
      <address>0x200070c1</address>
   </entry_point>
   <input_file_list>
      <input_file id="fl-2">
         <path>.\</path>
         <kind>object</kind>
         <file>main.obj</file>
         <name>main.obj</name>
      </input_file>
      <input_file id="fl-3">
         <path>.\</path>
         <kind>object</kind>
         <file>pin_mux_config.obj</file>
         <name>pin_mux_config.obj</name>
      </input_file>
      <input_file id="fl-4">
         <path>.\</path>
         <kind>object</kind>
         <file>startup_ccs.obj</file>
         <name>startup_ccs.obj</name>
      </input_file>
      <input_file id="fl-5">
         <path>.\</path>
         <kind>object</kind>
         <file>uart_if.obj</file>
         <name>uart_if.obj</name>
      </input_file>
      <input_file id="fl-a">
         <kind>object</kind>
         <file>&lt;internal&gt;</file>
         <name>&lt;internal&gt;</name>
      </input_file>
      <input_file id="fl-b">
         <path>C:\ti\CC3200SDK_1.5.0\cc3200-sdk\driverlib\ccs\Release\</path>
         <kind>archive</kind>
         <file>driverlib.a</file>
         <name>gpio.obj</name>
      </input_file>
      <input_file id="fl-c">
         <path>C:\ti\CC3200SDK_1.5.0\cc3200-sdk\driverlib\ccs\Release\</path>
         <kind>archive</kind>
         <file>driverlib.a</file>
         <name>interrupt.obj</name>
      </input_file>
      <input_file id="fl-d">
         <path>C:\ti\CC3200SDK_1.5.0\cc3200-sdk\driverlib\ccs\Release\</path>
         <kind>archive</kind>
         <file>driverlib.a</file>
         <name>pin.obj</name>
      </input_file>
      <input_file id="fl-e">
         <path>C:\ti\CC3200SDK_1.5.0\cc3200-sdk\driverlib\ccs\Release\</path>
         <kind>archive</kind>
         <file>driverlib.a</file>
         <name>prcm.obj</name>
      </input_file>
      <input_file id="fl-f">
         <path>C:\ti\CC3200SDK_1.5.0\cc3200-sdk\driverlib\ccs\Release\</path>
         <kind>archive</kind>
         <file>driverlib.a</file>
         <name>uart.obj</name>
      </input_file>
      <input_file id="fl-10">
         <path>C:\ti\CC3200SDK_1.5.0\cc3200-sdk\driverlib\ccs\Release\</path>
         <kind>archive</kind>
         <file>driverlib.a</file>
         <name>utils.obj</name>
      </input_file>
      <input_file id="fl-11">
         <path>C:\ti\CC3200SDK_1.5.0\cc3200-sdk\driverlib\ccs\Release\</path>
         <kind>archive</kind>
         <file>driverlib.a</file>
         <name>cpu.obj</name>
      </input_file>
      <input_file id="fl-12">
         <path>C:\ti\CC3200SDK_1.5.0\cc3200-sdk\driverlib\ccs\Release\</path>
         <kind>archive</kind>
         <file>driverlib.a</file>
         <name>flash.obj</name>
      </input_file>
      <input_file id="fl-c8">
         <path>C:\ti\ccs1270\ccs\tools\compiler\ti-cgt-arm_20.2.7.LTS\lib\</path>
         <kind>archive</kind>
         <file>rtsv7M4_T_le_eabi.lib</file>
         <name>vsnprintf.c.obj</name>
      </input_file>
      <input_file id="fl-c9">
         <path>C:\ti\ccs1270\ccs\tools\compiler\ti-cgt-arm_20.2.7.LTS\lib\</path>
         <kind>archive</kind>
         <file>rtsv7M4_T_le_eabi.lib</file>
         <name>memcpy_t2.asm.obj</name>
      </input_file>
      <input_file id="fl-ca">
         <path>C:\ti\ccs1270\ccs\tools\compiler\ti-cgt-arm_20.2.7.LTS\lib\</path>
         <kind>archive</kind>
         <file>rtsv7M4_T_le_eabi.lib</file>
         <name>ull_div_t2.asm.obj</name>
      </input_file>
      <input_file id="fl-cb">
         <path>C:\ti\ccs1270\ccs\tools\compiler\ti-cgt-arm_20.2.7.LTS\lib\</path>
         <kind>archive</kind>
         <file>rtsv7M4_T_le_eabi.lib</file>
         <name>copy_zero_init.c.obj</name>
      </input_file>
      <input_file id="fl-cc">
         <path>C:\ti\ccs1270\ccs\tools\compiler\ti-cgt-arm_20.2.7.LTS\lib\</path>
         <kind>archive</kind>
         <file>rtsv7M4_T_le_eabi.lib</file>
         <name>copy_decompress_none.c.obj</name>
      </input_file>
      <input_file id="fl-cd">
         <path>C:\ti\ccs1270\ccs\tools\compiler\ti-cgt-arm_20.2.7.LTS\lib\</path>
         <kind>archive</kind>
         <file>rtsv7M4_T_le_eabi.lib</file>
         <name>copy_decompress_lzss.c.obj</name>
      </input_file>
      <input_file id="fl-ce">
         <path>C:\ti\ccs1270\ccs\tools\compiler\ti-cgt-arm_20.2.7.LTS\lib\</path>
         <kind>archive</kind>
         <file>rtsv7M4_T_le_eabi.lib</file>
         <name>memmov.c.obj</name>
      </input_file>
      <input_file id="fl-cf">
         <path>C:\ti\ccs1270\ccs\tools\compiler\ti-cgt-arm_20.2.7.LTS\lib\</path>
         <kind>archive</kind>
         <file>rtsv7M4_T_le_eabi.lib</file>
         <name>memory.c.obj</name>
      </input_file>
      <input_file id="fl-d0">
         <path>C:\ti\ccs1270\ccs\tools\compiler\ti-cgt-arm_20.2.7.LTS\lib\</path>
         <kind>archive</kind>
         <file>rtsv7M4_T_le_eabi.lib</file>
         <name>strlen.c.obj</name>
      </input_file>
      <input_file id="fl-d1">
         <path>C:\ti\ccs1270\ccs\tools\compiler\ti-cgt-arm_20.2.7.LTS\lib\</path>
         <kind>archive</kind>
         <file>rtsv7M4_T_le_eabi.lib</file>
         <name>boot_cortex_m.c.obj</name>
      </input_file>
      <input_file id="fl-d2">
         <path>C:\ti\ccs1270\ccs\tools\compiler\ti-cgt-arm_20.2.7.LTS\lib\</path>
         <kind>archive</kind>
         <file>rtsv7M4_T_le_eabi.lib</file>
         <name>_printfi.c.obj</name>
      </input_file>
      <input_file id="fl-d3">
         <path>C:\ti\ccs1270\ccs\tools\compiler\ti-cgt-arm_20.2.7.LTS\lib\</path>
         <kind>archive</kind>
         <file>rtsv7M4_T_le_eabi.lib</file>
         <name>div0.asm.obj</name>
      </input_file>
      <input_file id="fl-d4">
         <path>C:\ti\ccs1270\ccs\tools\compiler\ti-cgt-arm_20.2.7.LTS\lib\</path>
         <kind>archive</kind>
         <file>rtsv7M4_T_le_eabi.lib</file>
         <name>fd_add_t2.asm.obj</name>
      </input_file>
      <input_file id="fl-d5">
         <path>C:\ti\ccs1270\ccs\tools\compiler\ti-cgt-arm_20.2.7.LTS\lib\</path>
         <kind>archive</kind>
         <file>rtsv7M4_T_le_eabi.lib</file>
         <name>fd_cmp_t2.asm.obj</name>
      </input_file>
      <input_file id="fl-d6">
         <path>C:\ti\ccs1270\ccs\tools\compiler\ti-cgt-arm_20.2.7.LTS\lib\</path>
         <kind>archive</kind>
         <file>rtsv7M4_T_le_eabi.lib</file>
         <name>fd_div_t2.asm.obj</name>
      </input_file>
      <input_file id="fl-d7">
         <path>C:\ti\ccs1270\ccs\tools\compiler\ti-cgt-arm_20.2.7.LTS\lib\</path>
         <kind>archive</kind>
         <file>rtsv7M4_T_le_eabi.lib</file>
         <name>fd_mul_t2.asm.obj</name>
      </input_file>
      <input_file id="fl-d8">
         <path>C:\ti\ccs1270\ccs\tools\compiler\ti-cgt-arm_20.2.7.LTS\lib\</path>
         <kind>archive</kind>
         <file>rtsv7M4_T_le_eabi.lib</file>
         <name>fd_toi_t2.asm.obj</name>
      </input_file>
      <input_file id="fl-d9">
         <path>C:\ti\ccs1270\ccs\tools\compiler\ti-cgt-arm_20.2.7.LTS\lib\</path>
         <kind>archive</kind>
         <file>rtsv7M4_T_le_eabi.lib</file>
         <name>i_tofd_t2.asm.obj</name>
      </input_file>
      <input_file id="fl-da">
         <path>C:\ti\ccs1270\ccs\tools\compiler\ti-cgt-arm_20.2.7.LTS\lib\</path>
         <kind>archive</kind>
         <file>rtsv7M4_T_le_eabi.lib</file>
         <name>memset_t2.asm.obj</name>
      </input_file>
      <input_file id="fl-db">
         <path>C:\ti\ccs1270\ccs\tools\compiler\ti-cgt-arm_20.2.7.LTS\lib\</path>
         <kind>archive</kind>
         <file>rtsv7M4_T_le_eabi.lib</file>
         <name>autoinit.c.obj</name>
      </input_file>
      <input_file id="fl-dc">
         <path>C:\ti\ccs1270\ccs\tools\compiler\ti-cgt-arm_20.2.7.LTS\lib\</path>
         <kind>archive</kind>
         <file>rtsv7M4_T_le_eabi.lib</file>
         <name>pre_init.c.obj</name>
      </input_file>
      <input_file id="fl-dd">
         <path>C:\ti\ccs1270\ccs\tools\compiler\ti-cgt-arm_20.2.7.LTS\lib\</path>
         <kind>archive</kind>
         <file>rtsv7M4_T_le_eabi.lib</file>
         <name>cpy_tbl.c.obj</name>
      </input_file>
      <input_file id="fl-de">
         <path>C:\ti\ccs1270\ccs\tools\compiler\ti-cgt-arm_20.2.7.LTS\lib\</path>
         <kind>archive</kind>
         <file>rtsv7M4_T_le_eabi.lib</file>
         <name>exit.c.obj</name>
      </input_file>
      <input_file id="fl-df">
         <path>C:\ti\ccs1270\ccs\tools\compiler\ti-cgt-arm_20.2.7.LTS\lib\</path>
         <kind>archive</kind>
         <file>rtsv7M4_T_le_eabi.lib</file>
         <name>_lock.c.obj</name>
      </input_file>
      <input_file id="fl-e0">
         <path>C:\ti\ccs1270\ccs\tools\compiler\ti-cgt-arm_20.2.7.LTS\lib\</path>
         <kind>archive</kind>
         <file>rtsv7M4_T_le_eabi.lib</file>
         <name>_ltoa.c.obj</name>
      </input_file>
      <input_file id="fl-e1">
         <path>C:\ti\ccs1270\ccs\tools\compiler\ti-cgt-arm_20.2.7.LTS\lib\</path>
         <kind>archive</kind>
         <file>rtsv7M4_T_le_eabi.lib</file>
         <name>args_main.c.obj</name>
      </input_file>
      <input_file id="fl-e2">
         <path>C:\ti\ccs1270\ccs\tools\compiler\ti-cgt-arm_20.2.7.LTS\lib\</path>
         <kind>archive</kind>
         <file>rtsv7M4_T_le_eabi.lib</file>
         <name>atoi.c.obj</name>
      </input_file>
      <input_file id="fl-e3">
         <path>C:\ti\ccs1270\ccs\tools\compiler\ti-cgt-arm_20.2.7.LTS\lib\</path>
         <kind>archive</kind>
         <file>rtsv7M4_T_le_eabi.lib</file>
         <name>ctype.c.obj</name>
      </input_file>
      <input_file id="fl-e4">
         <path>C:\ti\ccs1270\ccs\tools\compiler\ti-cgt-arm_20.2.7.LTS\lib\</path>
         <kind>archive</kind>
         <file>rtsv7M4_T_le_eabi.lib</file>
         <name>memccpy.c.obj</name>
      </input_file>
      <input_file id="fl-e5">
         <path>C:\ti\ccs1270\ccs\tools\compiler\ti-cgt-arm_20.2.7.LTS\lib\</path>
         <kind>archive</kind>
         <file>rtsv7M4_T_le_eabi.lib</file>
         <name>strchr.c.obj</name>
      </input_file>
      <input_file id="fl-e6">
         <path>C:\ti\ccs1270\ccs\tools\compiler\ti-cgt-arm_20.2.7.LTS\lib\</path>
         <kind>archive</kind>
         <file>rtsv7M4_T_le_eabi.lib</file>
         <name>errno.c.obj</name>
      </input_file>
      <input_file id="fl-e7">
         <path>C:\ti\ccs1270\ccs\tools\compiler\ti-cgt-arm_20.2.7.LTS\lib\</path>
         <kind>archive</kind>
         <file>rtsv7M4_T_le_eabi.lib</file>
         <name>wcslen.c.obj</name>
      </input_file>
      <input_file id="fl-e8">
         <path>C:\ti\ccs1270\ccs\tools\compiler\ti-cgt-arm_20.2.7.LTS\lib\</path>
         <kind>archive</kind>
         <file>rtsv7M4_T_le_eabi.lib</file>
         <name>s_frexp.c.obj</name>
      </input_file>
      <input_file id="fl-e9">
         <path>C:\ti\ccs1270\ccs\tools\compiler\ti-cgt-arm_20.2.7.LTS\lib\</path>
         <kind>archive</kind>
         <file>rtsv7M4_T_le_eabi.lib</file>
         <name>s_scalbn.c.obj</name>
      </input_file>
      <input_file id="fl-ea">
         <path>C:\ti\ccs1270\ccs\tools\compiler\ti-cgt-arm_20.2.7.LTS\lib\</path>
         <kind>archive</kind>
         <file>rtsv7M4_T_le_eabi.lib</file>
         <name>s_copysign.c.obj</name>
      </input_file>
   </input_file_list>
   <object_component_list>
      <object_component id="oc-12">
         <name>.intvecs</name>
         <load_address>0x20004000</load_address>
         <run_address>0x20004000</run_address>
         <size>0x400</size>
         <input_file_ref idref="fl-4"/>
      </object_component>
      <object_component id="oc-25f">
         <name>.text:__TI_printfi</name>
         <load_address>0x20004400</load_address>
         <run_address>0x20004400</run_address>
         <size>0xa4e</size>
         <input_file_ref idref="fl-d2"/>
      </object_component>
      <object_component id="oc-2b2">
         <name>.text:_nop</name>
         <load_address>0x20004e4e</load_address>
         <run_address>0x20004e4e</run_address>
         <size>0x2</size>
         <input_file_ref idref="fl-df"/>
      </object_component>
      <object_component id="oc-ef">
         <name>.text</name>
         <load_address>0x20004e50</load_address>
         <run_address>0x20004e50</run_address>
         <size>0x27c</size>
         <input_file_ref idref="fl-5"/>
      </object_component>
      <object_component id="oc-97">
         <name>.text</name>
         <load_address>0x200050cc</load_address>
         <run_address>0x200050cc</run_address>
         <size>0x26c</size>
         <input_file_ref idref="fl-2"/>
      </object_component>
      <object_component id="oc-305">
         <name>.text:_pconv_a</name>
         <load_address>0x20005338</load_address>
         <run_address>0x20005338</run_address>
         <size>0x268</size>
         <input_file_ref idref="fl-d2"/>
      </object_component>
      <object_component id="oc-2f3">
         <name>.text:_pconv_g</name>
         <load_address>0x200055a0</load_address>
         <run_address>0x200055a0</run_address>
         <size>0x1cc</size>
         <input_file_ref idref="fl-d2"/>
      </object_component>
      <object_component id="oc-374">
         <name>.text</name>
         <load_address>0x2000576c</load_address>
         <run_address>0x2000576c</run_address>
         <size>0x1b6</size>
         <input_file_ref idref="fl-d4"/>
      </object_component>
      <object_component id="oc-3c8">
         <name>.text</name>
         <load_address>0x20005922</load_address>
         <run_address>0x20005922</run_address>
         <size>0x2</size>
         <input_file_ref idref="fl-d3"/>
      </object_component>
      <object_component id="oc-e3">
         <name>.text:PRCMCC3200MCUInit</name>
         <load_address>0x20005924</load_address>
         <run_address>0x20005924</run_address>
         <size>0x178</size>
         <input_file_ref idref="fl-e"/>
      </object_component>
      <object_component id="oc-2ff">
         <name>.text:_pconv_e</name>
         <load_address>0x20005a9c</load_address>
         <run_address>0x20005a9c</run_address>
         <size>0x13c</size>
         <input_file_ref idref="fl-d2"/>
      </object_component>
      <object_component id="oc-35a">
         <name>.text</name>
         <load_address>0x20005bd8</load_address>
         <run_address>0x20005bd8</run_address>
         <size>0x136</size>
         <input_file_ref idref="fl-d6"/>
      </object_component>
      <object_component id="oc-386">
         <name>.text:fcvt</name>
         <load_address>0x20005d10</load_address>
         <run_address>0x20005d10</run_address>
         <size>0x120</size>
         <input_file_ref idref="fl-d2"/>
      </object_component>
      <object_component id="oc-283">
         <name>.text:aligned_alloc</name>
         <load_address>0x20005e30</load_address>
         <run_address>0x20005e30</run_address>
         <size>0x100</size>
         <input_file_ref idref="fl-cf"/>
      </object_component>
      <object_component id="oc-e9">
         <name>.text</name>
         <load_address>0x20005f30</load_address>
         <run_address>0x20005f30</run_address>
         <size>0xfc</size>
         <input_file_ref idref="fl-3"/>
      </object_component>
      <object_component id="oc-355">
         <name>.text</name>
         <load_address>0x2000602c</load_address>
         <run_address>0x2000602c</run_address>
         <size>0xfc</size>
         <input_file_ref idref="fl-d7"/>
      </object_component>
      <object_component id="oc-1df">
         <name>.text:free</name>
         <load_address>0x20006128</load_address>
         <run_address>0x20006128</run_address>
         <size>0xe4</size>
         <input_file_ref idref="fl-cf"/>
      </object_component>
      <object_component id="oc-1d9">
         <name>.text:realloc</name>
         <load_address>0x2000620c</load_address>
         <run_address>0x2000620c</run_address>
         <size>0xe4</size>
         <input_file_ref idref="fl-cf"/>
      </object_component>
      <object_component id="oc-39a">
         <name>.text:scalbn</name>
         <load_address>0x200062f0</load_address>
         <run_address>0x200062f0</run_address>
         <size>0xd0</size>
         <input_file_ref idref="fl-e9"/>
      </object_component>
      <object_component id="oc-2e8">
         <name>.text:_ltostr</name>
         <load_address>0x200063c0</load_address>
         <run_address>0x200063c0</run_address>
         <size>0xb1</size>
         <input_file_ref idref="fl-d2"/>
      </object_component>
      <object_component id="oc-dd">
         <name>.text:IntEnable</name>
         <load_address>0x20006474</load_address>
         <run_address>0x20006474</run_address>
         <size>0xa8</size>
         <input_file_ref idref="fl-c"/>
      </object_component>
      <object_component id="oc-3d">
         <name>.text</name>
         <load_address>0x2000651c</load_address>
         <run_address>0x2000651c</run_address>
         <size>0x9c</size>
         <input_file_ref idref="fl-c9"/>
      </object_component>
      <object_component id="oc-34e">
         <name>.text</name>
         <load_address>0x200065b8</load_address>
         <run_address>0x200065b8</run_address>
         <size>0x96</size>
         <input_file_ref idref="fl-ca"/>
      </object_component>
      <object_component id="oc-1a3">
         <name>.text:PRCMPeripheralClockGet</name>
         <load_address>0x20006650</load_address>
         <run_address>0x20006650</run_address>
         <size>0x94</size>
         <input_file_ref idref="fl-e"/>
      </object_component>
      <object_component id="oc-247">
         <name>.text:PinConfigSet</name>
         <load_address>0x200066e4</load_address>
         <run_address>0x200066e4</run_address>
         <size>0x88</size>
         <input_file_ref idref="fl-d"/>
      </object_component>
      <object_component id="oc-2ee">
         <name>.text:__aeabi_cdcmple</name>
         <load_address>0x2000676c</load_address>
         <run_address>0x2000676c</run_address>
         <size>0x86</size>
         <input_file_ref idref="fl-d5"/>
      </object_component>
      <object_component id="oc-35f">
         <name>.text:__aeabi_cdrcmple</name>
         <load_address>0x200067f2</load_address>
         <run_address>0x200067f2</run_address>
         <size>0x86</size>
         <input_file_ref idref="fl-d5"/>
      </object_component>
      <object_component id="oc-fb">
         <name>.text:GPIOIntTypeSet</name>
         <load_address>0x20006878</load_address>
         <run_address>0x20006878</run_address>
         <size>0x82</size>
         <input_file_ref idref="fl-b"/>
      </object_component>
      <object_component id="oc-8b">
         <name>.text</name>
         <load_address>0x200068fa</load_address>
         <run_address>0x200068fa</run_address>
         <size>0x7a</size>
         <input_file_ref idref="fl-da"/>
      </object_component>
      <object_component id="oc-1a9">
         <name>.text:UARTConfigSetExpClk</name>
         <load_address>0x20006974</load_address>
         <run_address>0x20006974</run_address>
         <size>0x76</size>
         <input_file_ref idref="fl-f"/>
      </object_component>
      <object_component id="oc-290">
         <name>.text:split</name>
         <load_address>0x200069ec</load_address>
         <run_address>0x200069ec</run_address>
         <size>0x70</size>
         <input_file_ref idref="fl-cf"/>
      </object_component>
      <object_component id="oc-37f">
         <name>.text:_mcpy</name>
         <load_address>0x20006a5c</load_address>
         <run_address>0x20006a5c</run_address>
         <size>0x6e</size>
         <input_file_ref idref="fl-d2"/>
      </object_component>
      <object_component id="oc-15">
         <name>.text:decompress:lzss:__TI_decompress_lzss</name>
         <load_address>0x20006aca</load_address>
         <run_address>0x20006aca</run_address>
         <size>0x68</size>
         <input_file_ref idref="fl-cd"/>
      </object_component>
      <object_component id="oc-394">
         <name>.text:frexp</name>
         <load_address>0x20006b34</load_address>
         <run_address>0x20006b34</run_address>
         <size>0x5c</size>
         <input_file_ref idref="fl-e8"/>
      </object_component>
      <object_component id="oc-17d">
         <name>.text:PRCMPeripheralReset</name>
         <load_address>0x20006b90</load_address>
         <run_address>0x20006b90</run_address>
         <size>0x58</size>
         <input_file_ref idref="fl-e"/>
      </object_component>
      <object_component id="oc-2f9">
         <name>.text:_pconv_f</name>
         <load_address>0x20006be8</load_address>
         <run_address>0x20006be8</run_address>
         <size>0x56</size>
         <input_file_ref idref="fl-d2"/>
      </object_component>
      <object_component id="oc-369">
         <name>.text:__TI_ltoa</name>
         <load_address>0x20006c3e</load_address>
         <run_address>0x20006c3e</run_address>
         <size>0x54</size>
         <input_file_ref idref="fl-e0"/>
      </object_component>
      <object_component id="oc-379">
         <name>.text:_ecpy</name>
         <load_address>0x20006c92</load_address>
         <run_address>0x20006c92</run_address>
         <size>0x52</size>
         <input_file_ref idref="fl-d2"/>
      </object_component>
      <object_component id="oc-2e2">
         <name>.text:atoi</name>
         <load_address>0x20006ce4</load_address>
         <run_address>0x20006ce4</run_address>
         <size>0x4c</size>
         <input_file_ref idref="fl-e2"/>
      </object_component>
      <object_component id="oc-1f4">
         <name>.text:GPIOGetIntNumber</name>
         <load_address>0x20006d30</load_address>
         <run_address>0x20006d30</run_address>
         <size>0x48</size>
         <input_file_ref idref="fl-b"/>
      </object_component>
      <object_component id="oc-364">
         <name>.text</name>
         <load_address>0x20006d78</load_address>
         <run_address>0x20006d78</run_address>
         <size>0x48</size>
         <input_file_ref idref="fl-d8"/>
      </object_component>
      <object_component id="oc-120">
         <name>.text:__TI_auto_init_nobinit_nopinit:__TI_auto_init_nobinit_nopinit</name>
         <load_address>0x20006dc0</load_address>
         <run_address>0x20006dc0</run_address>
         <size>0x44</size>
         <input_file_ref idref="fl-db"/>
      </object_component>
      <object_component id="oc-18a">
         <name>.text:PinModeSet</name>
         <load_address>0x20006e04</load_address>
         <run_address>0x20006e04</run_address>
         <size>0x40</size>
         <input_file_ref idref="fl-d"/>
      </object_component>
      <object_component id="oc-1b5">
         <name>.text:vsnprintf</name>
         <load_address>0x20006e44</load_address>
         <run_address>0x20006e44</run_address>
         <size>0x40</size>
         <input_file_ref idref="fl-c8"/>
      </object_component>
      <object_component id="oc-38c">
         <name>.text:_fcpy</name>
         <load_address>0x20006e84</load_address>
         <run_address>0x20006e84</run_address>
         <size>0x3e</size>
         <input_file_ref idref="fl-d2"/>
      </object_component>
      <object_component id="oc-177">
         <name>.text:PRCMPeripheralClkEnable</name>
         <load_address>0x20006ec4</load_address>
         <run_address>0x20006ec4</run_address>
         <size>0x3c</size>
         <input_file_ref idref="fl-e"/>
      </object_component>
      <object_component id="oc-196">
         <name>.text:GPIODirModeSet</name>
         <load_address>0x20006f00</load_address>
         <run_address>0x20006f00</run_address>
         <size>0x36</size>
         <input_file_ref idref="fl-b"/>
      </object_component>
      <object_component id="oc-190">
         <name>.text:PinTypeGPIO</name>
         <load_address>0x20006f36</load_address>
         <run_address>0x20006f36</run_address>
         <size>0x30</size>
         <input_file_ref idref="fl-d"/>
      </object_component>
      <object_component id="oc-251">
         <name>.text:UARTDisable</name>
         <load_address>0x20006f68</load_address>
         <run_address>0x20006f68</run_address>
         <size>0x30</size>
         <input_file_ref idref="fl-f"/>
      </object_component>
      <object_component id="oc-265">
         <name>.text:_outs</name>
         <load_address>0x20006f98</load_address>
         <run_address>0x20006f98</run_address>
         <size>0x30</size>
         <input_file_ref idref="fl-c8"/>
      </object_component>
      <object_component id="oc-36f">
         <name>.text</name>
         <load_address>0x20006fc8</load_address>
         <run_address>0x20006fc8</run_address>
         <size>0x2e</size>
         <input_file_ref idref="fl-d9"/>
      </object_component>
      <object_component id="oc-165">
         <name>.text:PRCMSysResetCauseGet</name>
         <load_address>0x20006ff8</load_address>
         <run_address>0x20006ff8</run_address>
         <size>0x2c</size>
         <input_file_ref idref="fl-e"/>
      </object_component>
      <object_component id="oc-183">
         <name>.text:PRCMPeripheralClkDisable</name>
         <load_address>0x20007024</load_address>
         <run_address>0x20007024</run_address>
         <size>0x28</size>
         <input_file_ref idref="fl-e"/>
      </object_component>
      <object_component id="oc-297">
         <name>.text:free_list_insert</name>
         <load_address>0x2000704c</load_address>
         <run_address>0x2000704c</run_address>
         <size>0x28</size>
         <input_file_ref idref="fl-cf"/>
      </object_component>
      <object_component id="oc-1cd">
         <name>.text:memmove</name>
         <load_address>0x20007074</load_address>
         <run_address>0x20007074</run_address>
         <size>0x28</size>
         <input_file_ref idref="fl-ce"/>
      </object_component>
      <object_component id="oc-257">
         <name>.text:UARTEnable</name>
         <load_address>0x2000709c</load_address>
         <run_address>0x2000709c</run_address>
         <size>0x24</size>
         <input_file_ref idref="fl-f"/>
      </object_component>
      <object_component id="oc-5b">
         <name>.text:_c_int00_noargs:_c_int00_noargs</name>
         <load_address>0x200070c0</load_address>
         <run_address>0x200070c0</run_address>
         <size>0x24</size>
         <input_file_ref idref="fl-d1"/>
      </object_component>
      <object_component id="oc-c5">
         <name>.text:GPIOIntStatus</name>
         <load_address>0x200070e4</load_address>
         <run_address>0x200070e4</run_address>
         <size>0x22</size>
         <input_file_ref idref="fl-b"/>
      </object_component>
      <object_component id="oc-1fa">
         <name>.text:IntRegister</name>
         <load_address>0x20007108</load_address>
         <run_address>0x20007108</run_address>
         <size>0x20</size>
         <input_file_ref idref="fl-c"/>
      </object_component>
      <object_component id="oc-f5">
         <name>.text:GPIOIntRegister</name>
         <load_address>0x20007128</load_address>
         <run_address>0x20007128</run_address>
         <size>0x1e</size>
         <input_file_ref idref="fl-b"/>
      </object_component>
      <object_component id="oc-1af">
         <name>.text:UARTCharPut</name>
         <load_address>0x20007146</load_address>
         <run_address>0x20007146</run_address>
         <size>0x1e</size>
         <input_file_ref idref="fl-f"/>
      </object_component>
      <object_component id="oc-1c1">
         <name>.text:UARTCharGetNonBlocking</name>
         <load_address>0x20007164</load_address>
         <run_address>0x20007164</run_address>
         <size>0x1c</size>
         <input_file_ref idref="fl-f"/>
      </object_component>
      <object_component id="oc-49">
         <name>.text:decompress:ZI:__TI_zero_init_nomemset:__TI_zero_init_nomemset</name>
         <load_address>0x20007180</load_address>
         <run_address>0x20007180</run_address>
         <size>0x1c</size>
         <input_file_ref idref="fl-cb"/>
      </object_component>
      <object_component id="oc-28a">
         <name>.text:free_list_remove</name>
         <load_address>0x2000719c</load_address>
         <run_address>0x2000719c</run_address>
         <size>0x1c</size>
         <input_file_ref idref="fl-cf"/>
      </object_component>
      <object_component id="oc-30b">
         <name>.text:memccpy</name>
         <load_address>0x200071b8</load_address>
         <run_address>0x200071b8</run_address>
         <size>0x1c</size>
         <input_file_ref idref="fl-e4"/>
      </object_component>
      <object_component id="oc-101">
         <name>.text:GPIOIntEnable</name>
         <load_address>0x200071d4</load_address>
         <run_address>0x200071d4</run_address>
         <size>0x1a</size>
         <input_file_ref idref="fl-b"/>
      </object_component>
      <object_component id="oc-19c">
         <name>.text:PinTypeUART</name>
         <load_address>0x200071ee</load_address>
         <run_address>0x200071ee</run_address>
         <size>0x1a</size>
         <input_file_ref idref="fl-d"/>
      </object_component>
      <object_component id="oc-1bb">
         <name>.text:UARTCharsAvail</name>
         <load_address>0x20007208</load_address>
         <run_address>0x20007208</run_address>
         <size>0x18</size>
         <input_file_ref idref="fl-f"/>
      </object_component>
      <object_component id="oc-26b">
         <name>.text:_outc</name>
         <load_address>0x20007220</load_address>
         <run_address>0x20007220</run_address>
         <size>0x18</size>
         <input_file_ref idref="fl-c8"/>
      </object_component>
      <object_component id="oc-16b">
         <name>.text:PRCMHIBRegRead</name>
         <load_address>0x20007238</load_address>
         <run_address>0x20007238</run_address>
         <size>0x16</size>
         <input_file_ref idref="fl-e"/>
      </object_component>
      <object_component id="oc-171">
         <name>.text:PRCMHIBRegWrite</name>
         <load_address>0x2000724e</load_address>
         <run_address>0x2000724e</run_address>
         <size>0x16</size>
         <input_file_ref idref="fl-e"/>
      </object_component>
      <object_component id="oc-3a0">
         <name>.text:strchr</name>
         <load_address>0x20007264</load_address>
         <run_address>0x20007264</run_address>
         <size>0x16</size>
         <input_file_ref idref="fl-e5"/>
      </object_component>
      <object_component id="oc-15a">
         <name>.text:CPUcpsie</name>
         <load_address>0x2000727a</load_address>
         <run_address>0x2000727a</run_address>
         <size>0x14</size>
         <input_file_ref idref="fl-11"/>
      </object_component>
      <object_component id="oc-cb">
         <name>.text:GPIOIntClear</name>
         <load_address>0x2000728e</load_address>
         <run_address>0x2000728e</run_address>
         <size>0x14</size>
         <input_file_ref idref="fl-b"/>
      </object_component>
      <object_component id="oc-d1">
         <name>.text:IntVTableBaseSet</name>
         <load_address>0x200072a4</load_address>
         <run_address>0x200072a4</run_address>
         <size>0x14</size>
         <input_file_ref idref="fl-c"/>
      </object_component>
      <object_component id="oc-1c7">
         <name>.text:strlen</name>
         <load_address>0x200072b8</load_address>
         <run_address>0x200072b8</run_address>
         <size>0x14</size>
         <input_file_ref idref="fl-d0"/>
      </object_component>
      <object_component id="oc-311">
         <name>.text:wcslen</name>
         <load_address>0x200072cc</load_address>
         <run_address>0x200072cc</run_address>
         <size>0x12</size>
         <input_file_ref idref="fl-e7"/>
      </object_component>
      <object_component id="oc-1b">
         <name>.text:decompress:none:__TI_decompress_none</name>
         <load_address>0x200072de</load_address>
         <run_address>0x200072de</run_address>
         <size>0xe</size>
         <input_file_ref idref="fl-cc"/>
      </object_component>
      <object_component id="oc-29">
         <name>.text</name>
         <load_address>0x200072ec</load_address>
         <run_address>0x200072ec</run_address>
         <size>0xe</size>
         <input_file_ref idref="fl-4"/>
      </object_component>
      <object_component id="oc-3e1">
         <name>.text:copysign</name>
         <load_address>0x200072fa</load_address>
         <run_address>0x200072fa</run_address>
         <size>0xc</size>
         <input_file_ref idref="fl-ea"/>
      </object_component>
      <object_component id="oc-d7">
         <name>.text:IntMasterEnable</name>
         <load_address>0x20007306</load_address>
         <run_address>0x20007306</run_address>
         <size>0xa</size>
         <input_file_ref idref="fl-c"/>
      </object_component>
      <object_component id="oc-317">
         <name>.text:__aeabi_errno_addr</name>
         <load_address>0x20007310</load_address>
         <run_address>0x20007310</run_address>
         <size>0x8</size>
         <input_file_ref idref="fl-e6"/>
      </object_component>
      <object_component id="oc-1d3">
         <name>.text:malloc</name>
         <load_address>0x20007318</load_address>
         <run_address>0x20007318</run_address>
         <size>0x8</size>
         <input_file_ref idref="fl-cf"/>
      </object_component>
      <object_component id="oc-239">
         <name>.text:UtilsDelay</name>
         <load_address>0x20007320</load_address>
         <run_address>0x20007320</run_address>
         <size>0x6</size>
         <input_file_ref idref="fl-10"/>
      </object_component>
      <object_component id="oc-91">
         <name>.text:_system_pre_init</name>
         <load_address>0x20007326</load_address>
         <run_address>0x20007326</run_address>
         <size>0x4</size>
         <input_file_ref idref="fl-dc"/>
      </object_component>
      <object_component id="oc-114">
         <name>.text:abort:abort</name>
         <load_address>0x2000732a</load_address>
         <run_address>0x2000732a</run_address>
         <size>0x4</size>
         <input_file_ref idref="fl-de"/>
      </object_component>
      <object_component id="oc-349">
         <name>.const:.string:_ctypes_</name>
         <load_address>0x20007330</load_address>
         <run_address>0x20007330</run_address>
         <size>0x101</size>
         <input_file_ref idref="fl-e3"/>
      </object_component>
      <object_component id="oc-243">
         <name>.const:g_ulPinToPadMap</name>
         <load_address>0x20007434</load_address>
         <run_address>0x20007434</run_address>
         <size>0x100</size>
         <input_file_ref idref="fl-d"/>
      </object_component>
      <object_component id="oc-23c">
         <name>.const:PRCM_PeriphRegsList</name>
         <load_address>0x20007534</load_address>
         <run_address>0x20007534</run_address>
         <size>0xa8</size>
         <input_file_ref idref="fl-e"/>
      </object_component>
      <object_component id="oc-161">
         <name>.const:g_pulEnRegs</name>
         <load_address>0x200075dc</load_address>
         <run_address>0x200075dc</run_address>
         <size>0x18</size>
         <input_file_ref idref="fl-c"/>
      </object_component>
      <object_component id="oc-10b">
         <name>.const:switch2</name>
         <load_address>0x200075f4</load_address>
         <run_address>0x200075f4</run_address>
         <size>0x8</size>
         <input_file_ref idref="fl-2"/>
      </object_component>
      <object_component id="oc-110">
         <name>.const:switch3</name>
         <load_address>0x200075fc</load_address>
         <run_address>0x200075fc</run_address>
         <size>0x8</size>
         <input_file_ref idref="fl-2"/>
      </object_component>
      <object_component id="oc-439">
         <name>.cinit..data.load</name>
         <load_address>0x20007608</load_address>
         <run_address>0x20007608</run_address>
         <size>0xd</size>
      </object_component>
      <object_component id="oc-437">
         <name>__TI_handler_table</name>
         <load_address>0x20007618</load_address>
         <run_address>0x20007618</run_address>
         <size>0xc</size>
      </object_component>
      <object_component id="oc-43a">
         <name>.cinit..bss.load</name>
         <load_address>0x20007628</load_address>
         <run_address>0x20007628</run_address>
         <size>0x8</size>
      </object_component>
      <object_component id="oc-438">
         <name>__TI_cinit_table</name>
         <load_address>0x20007630</load_address>
         <run_address>0x20007630</run_address>
         <size>0x10</size>
      </object_component>
      <object_component id="oc-331">
         <name>.data:$O1$$</name>
         <load_address>0x20017808</load_address>
         <run_address>0x20017808</run_address>
         <size>0x8</size>
         <input_file_ref idref="fl-cf"/>
      </object_component>
      <object_component id="oc-218">
         <name>.data:$O1$$</name>
         <load_address>0x20017800</load_address>
         <run_address>0x20017800</run_address>
         <size>0x8</size>
         <input_file_ref idref="fl-df"/>
      </object_component>
      <object_component id="oc-3b0">
         <name>.data</name>
         <load_address>0x20017810</load_address>
         <run_address>0x20017810</run_address>
         <size>0x4</size>
         <input_file_ref idref="fl-e6"/>
      </object_component>
      <object_component id="oc-1e5">
         <name>.bss</name>
         <uninitialized>true</uninitialized>
         <run_address>0x20017814</run_address>
         <size>0x4</size>
         <input_file_ref idref="fl-5"/>
      </object_component>
      <object_component id="oc-10e">
         <name>.common:SW2_intcount</name>
         <uninitialized>true</uninitialized>
         <run_address>0x20017818</run_address>
         <size>0x4</size>
      </object_component>
      <object_component id="oc-107">
         <name>.common:SW3_intcount</name>
         <uninitialized>true</uninitialized>
         <run_address>0x2001781c</run_address>
         <size>0x4</size>
      </object_component>
      <object_component id="oc-10f">
         <name>.common:SW2_intflag</name>
         <uninitialized>true</uninitialized>
         <run_address>0x20017820</run_address>
         <size>0x1</size>
      </object_component>
      <object_component id="oc-10a">
         <name>.common:SW3_intflag</name>
         <uninitialized>true</uninitialized>
         <run_address>0x20017821</run_address>
         <size>0x1</size>
      </object_component>
      <object_component id="oc-23">
         <name>.sysmem</name>
         <uninitialized>true</uninitialized>
         <run_address>0x20017000</run_address>
         <size>0x10</size>
         <input_file_ref idref="fl-cf"/>
      </object_component>
      <object_component id="oc-43d">
         <name>.sysmem</name>
         <uninitialized>true</uninitialized>
         <run_address>0x20017000</run_address>
         <size>0x0</size>
      </object_component>
      <object_component id="oc-26">
         <name>.stack</name>
         <uninitialized>true</uninitialized>
         <run_address>0x2002ff00</run_address>
         <size>0x4</size>
         <input_file_ref idref="fl-d1"/>
      </object_component>
      <object_component id="oc-43c">
         <name>.stack</name>
         <uninitialized>true</uninitialized>
         <run_address>0x2002ff00</run_address>
         <size>0x0</size>
      </object_component>
      <object_component id="oc-108">
         <name>.debug_info</name>
         <load_address>0x0</load_address>
         <run_address>0x0</run_address>
         <size>0x486</size>
         <input_file_ref idref="fl-2"/>
      </object_component>
      <object_component id="oc-10c">
         <name>.debug_info</name>
         <load_address>0x486</load_address>
         <run_address>0x486</run_address>
         <size>0xe8</size>
         <input_file_ref idref="fl-2"/>
      </object_component>
      <object_component id="oc-111">
         <name>.debug_info</name>
         <load_address>0x56e</load_address>
         <run_address>0x56e</run_address>
         <size>0xe8</size>
         <input_file_ref idref="fl-2"/>
      </object_component>
      <object_component id="oc-98">
         <name>.debug_info</name>
         <load_address>0x656</load_address>
         <run_address>0x656</run_address>
         <size>0x451</size>
         <input_file_ref idref="fl-2"/>
      </object_component>
      <object_component id="oc-20b">
         <name>.debug_info</name>
         <load_address>0xaa7</load_address>
         <run_address>0xaa7</run_address>
         <size>0x26b</size>
         <input_file_ref idref="fl-2"/>
      </object_component>
      <object_component id="oc-206">
         <name>.debug_info</name>
         <load_address>0xd12</load_address>
         <run_address>0xd12</run_address>
         <size>0x62</size>
         <input_file_ref idref="fl-2"/>
      </object_component>
      <object_component id="oc-2d7">
         <name>.debug_info</name>
         <load_address>0xd74</load_address>
         <run_address>0xd74</run_address>
         <size>0x62</size>
         <input_file_ref idref="fl-2"/>
      </object_component>
      <object_component id="oc-38">
         <name>.debug_info</name>
         <load_address>0xdd6</load_address>
         <run_address>0xdd6</run_address>
         <size>0x84</size>
         <input_file_ref idref="fl-2"/>
      </object_component>
      <object_component id="oc-2a7">
         <name>.debug_info</name>
         <load_address>0xe5a</load_address>
         <run_address>0xe5a</run_address>
         <size>0x2a4</size>
         <input_file_ref idref="fl-2"/>
      </object_component>
      <object_component id="oc-153">
         <name>.debug_info</name>
         <load_address>0x10fe</load_address>
         <run_address>0x10fe</run_address>
         <size>0x2c</size>
         <input_file_ref idref="fl-2"/>
      </object_component>
      <object_component id="oc-1ea">
         <name>.debug_info</name>
         <load_address>0x112a</load_address>
         <run_address>0x112a</run_address>
         <size>0x2c</size>
         <input_file_ref idref="fl-2"/>
      </object_component>
      <object_component id="oc-ed">
         <name>.debug_info</name>
         <load_address>0x1156</load_address>
         <run_address>0x1156</run_address>
         <size>0x35b</size>
         <input_file_ref idref="fl-3"/>
      </object_component>
      <object_component id="oc-31">
         <name>.debug_info</name>
         <load_address>0x14b1</load_address>
         <run_address>0x14b1</run_address>
         <size>0x1a8</size>
         <input_file_ref idref="fl-4"/>
      </object_component>
      <object_component id="oc-13">
         <name>.debug_info</name>
         <load_address>0x1659</load_address>
         <run_address>0x1659</run_address>
         <size>0x127</size>
         <input_file_ref idref="fl-4"/>
      </object_component>
      <object_component id="oc-2a">
         <name>.debug_info</name>
         <load_address>0x1780</load_address>
         <run_address>0x1780</run_address>
         <size>0x448</size>
         <input_file_ref idref="fl-4"/>
      </object_component>
      <object_component id="oc-1e9">
         <name>.debug_info</name>
         <load_address>0x1bc8</load_address>
         <run_address>0x1bc8</run_address>
         <size>0x3c6</size>
         <input_file_ref idref="fl-5"/>
      </object_component>
      <object_component id="oc-1e6">
         <name>.debug_info</name>
         <load_address>0x1f8e</load_address>
         <run_address>0x1f8e</run_address>
         <size>0xf1</size>
         <input_file_ref idref="fl-5"/>
      </object_component>
      <object_component id="oc-f1">
         <name>.debug_info</name>
         <load_address>0x207f</load_address>
         <run_address>0x207f</run_address>
         <size>0x657</size>
         <input_file_ref idref="fl-5"/>
      </object_component>
      <object_component id="oc-1ef">
         <name>.debug_info</name>
         <load_address>0x26d6</load_address>
         <run_address>0x26d6</run_address>
         <size>0x110</size>
         <input_file_ref idref="fl-5"/>
      </object_component>
      <object_component id="oc-2a2">
         <name>.debug_info</name>
         <load_address>0x27e6</load_address>
         <run_address>0x27e6</run_address>
         <size>0x35</size>
         <input_file_ref idref="fl-5"/>
      </object_component>
      <object_component id="oc-201">
         <name>.debug_info</name>
         <load_address>0x281b</load_address>
         <run_address>0x281b</run_address>
         <size>0x1e0</size>
         <input_file_ref idref="fl-b"/>
      </object_component>
      <object_component id="oc-1f7">
         <name>.debug_info</name>
         <load_address>0x29fb</load_address>
         <run_address>0x29fb</run_address>
         <size>0x19e</size>
         <input_file_ref idref="fl-b"/>
      </object_component>
      <object_component id="oc-19a">
         <name>.debug_info</name>
         <load_address>0x2b99</load_address>
         <run_address>0x2b99</run_address>
         <size>0x1dd</size>
         <input_file_ref idref="fl-b"/>
      </object_component>
      <object_component id="oc-fe">
         <name>.debug_info</name>
         <load_address>0x2d76</load_address>
         <run_address>0x2d76</run_address>
         <size>0x1e8</size>
         <input_file_ref idref="fl-b"/>
      </object_component>
      <object_component id="oc-105">
         <name>.debug_info</name>
         <load_address>0x2f5e</load_address>
         <run_address>0x2f5e</run_address>
         <size>0x1bf</size>
         <input_file_ref idref="fl-b"/>
      </object_component>
      <object_component id="oc-c9">
         <name>.debug_info</name>
         <load_address>0x311d</load_address>
         <run_address>0x311d</run_address>
         <size>0x1b7</size>
         <input_file_ref idref="fl-b"/>
      </object_component>
      <object_component id="oc-cf">
         <name>.debug_info</name>
         <load_address>0x32d4</load_address>
         <run_address>0x32d4</run_address>
         <size>0x1bd</size>
         <input_file_ref idref="fl-b"/>
      </object_component>
      <object_component id="oc-f9">
         <name>.debug_info</name>
         <load_address>0x3491</load_address>
         <run_address>0x3491</run_address>
         <size>0x208</size>
         <input_file_ref idref="fl-b"/>
      </object_component>
      <object_component id="oc-237">
         <name>.debug_info</name>
         <load_address>0x3699</load_address>
         <run_address>0x3699</run_address>
         <size>0x201</size>
         <input_file_ref idref="fl-c"/>
      </object_component>
      <object_component id="oc-162">
         <name>.debug_info</name>
         <load_address>0x389a</load_address>
         <run_address>0x389a</run_address>
         <size>0xf4</size>
         <input_file_ref idref="fl-c"/>
      </object_component>
      <object_component id="oc-d8">
         <name>.debug_info</name>
         <load_address>0x398e</load_address>
         <run_address>0x398e</run_address>
         <size>0x17c</size>
         <input_file_ref idref="fl-c"/>
      </object_component>
      <object_component id="oc-d2">
         <name>.debug_info</name>
         <load_address>0x3b0a</load_address>
         <run_address>0x3b0a</run_address>
         <size>0x1ae</size>
         <input_file_ref idref="fl-c"/>
      </object_component>
      <object_component id="oc-1fb">
         <name>.debug_info</name>
         <load_address>0x3cb8</load_address>
         <run_address>0x3cb8</run_address>
         <size>0x1f8</size>
         <input_file_ref idref="fl-c"/>
      </object_component>
      <object_component id="oc-de">
         <name>.debug_info</name>
         <load_address>0x3eb0</load_address>
         <run_address>0x3eb0</run_address>
         <size>0x19f</size>
         <input_file_ref idref="fl-c"/>
      </object_component>
      <object_component id="oc-2de">
         <name>.debug_info</name>
         <load_address>0x404f</load_address>
         <run_address>0x404f</run_address>
         <size>0x14e</size>
         <input_file_ref idref="fl-d"/>
      </object_component>
      <object_component id="oc-244">
         <name>.debug_info</name>
         <load_address>0x419d</load_address>
         <run_address>0x419d</run_address>
         <size>0xf6</size>
         <input_file_ref idref="fl-d"/>
      </object_component>
      <object_component id="oc-18c">
         <name>.debug_info</name>
         <load_address>0x4293</load_address>
         <run_address>0x4293</run_address>
         <size>0x1bf</size>
         <input_file_ref idref="fl-d"/>
      </object_component>
      <object_component id="oc-248">
         <name>.debug_info</name>
         <load_address>0x4452</load_address>
         <run_address>0x4452</run_address>
         <size>0x20d</size>
         <input_file_ref idref="fl-d"/>
      </object_component>
      <object_component id="oc-19e">
         <name>.debug_info</name>
         <load_address>0x465f</load_address>
         <run_address>0x465f</run_address>
         <size>0x1d4</size>
         <input_file_ref idref="fl-d"/>
      </object_component>
      <object_component id="oc-191">
         <name>.debug_info</name>
         <load_address>0x4833</load_address>
         <run_address>0x4833</run_address>
         <size>0x222</size>
         <input_file_ref idref="fl-d"/>
      </object_component>
      <object_component id="oc-241">
         <name>.debug_info</name>
         <load_address>0x4a55</load_address>
         <run_address>0x4a55</run_address>
         <size>0x25e</size>
         <input_file_ref idref="fl-e"/>
      </object_component>
      <object_component id="oc-23d">
         <name>.debug_info</name>
         <load_address>0x4cb3</load_address>
         <run_address>0x4cb3</run_address>
         <size>0xff</size>
         <input_file_ref idref="fl-e"/>
      </object_component>
      <object_component id="oc-166">
         <name>.debug_info</name>
         <load_address>0x4db2</load_address>
         <run_address>0x4db2</run_address>
         <size>0x1a6</size>
         <input_file_ref idref="fl-e"/>
      </object_component>
      <object_component id="oc-178">
         <name>.debug_info</name>
         <load_address>0x4f58</load_address>
         <run_address>0x4f58</run_address>
         <size>0x1eb</size>
         <input_file_ref idref="fl-e"/>
      </object_component>
      <object_component id="oc-184">
         <name>.debug_info</name>
         <load_address>0x5143</load_address>
         <run_address>0x5143</run_address>
         <size>0x1ed</size>
         <input_file_ref idref="fl-e"/>
      </object_component>
      <object_component id="oc-1a4">
         <name>.debug_info</name>
         <load_address>0x5330</load_address>
         <run_address>0x5330</run_address>
         <size>0x216</size>
         <input_file_ref idref="fl-e"/>
      </object_component>
      <object_component id="oc-17e">
         <name>.debug_info</name>
         <load_address>0x5546</load_address>
         <run_address>0x5546</run_address>
         <size>0x1c0</size>
         <input_file_ref idref="fl-e"/>
      </object_component>
      <object_component id="oc-e4">
         <name>.debug_info</name>
         <load_address>0x5706</load_address>
         <run_address>0x5706</run_address>
         <size>0x283</size>
         <input_file_ref idref="fl-e"/>
      </object_component>
      <object_component id="oc-16c">
         <name>.debug_info</name>
         <load_address>0x5989</load_address>
         <run_address>0x5989</run_address>
         <size>0x1bf</size>
         <input_file_ref idref="fl-e"/>
      </object_component>
      <object_component id="oc-172">
         <name>.debug_info</name>
         <load_address>0x5b48</load_address>
         <run_address>0x5b48</run_address>
         <size>0x1d4</size>
         <input_file_ref idref="fl-e"/>
      </object_component>
      <object_component id="oc-1ac">
         <name>.debug_info</name>
         <load_address>0x5d1c</load_address>
         <run_address>0x5d1c</run_address>
         <size>0x25c</size>
         <input_file_ref idref="fl-f"/>
      </object_component>
      <object_component id="oc-25a">
         <name>.debug_info</name>
         <load_address>0x5f78</load_address>
         <run_address>0x5f78</run_address>
         <size>0x17e</size>
         <input_file_ref idref="fl-f"/>
      </object_component>
      <object_component id="oc-254">
         <name>.debug_info</name>
         <load_address>0x60f6</load_address>
         <run_address>0x60f6</run_address>
         <size>0x180</size>
         <input_file_ref idref="fl-f"/>
      </object_component>
      <object_component id="oc-1bd">
         <name>.debug_info</name>
         <load_address>0x6276</load_address>
         <run_address>0x6276</run_address>
         <size>0x18a</size>
         <input_file_ref idref="fl-f"/>
      </object_component>
      <object_component id="oc-1c3">
         <name>.debug_info</name>
         <load_address>0x6400</load_address>
         <run_address>0x6400</run_address>
         <size>0x19a</size>
         <input_file_ref idref="fl-f"/>
      </object_component>
      <object_component id="oc-1b1">
         <name>.debug_info</name>
         <load_address>0x659a</load_address>
         <run_address>0x659a</run_address>
         <size>0x1ab</size>
         <input_file_ref idref="fl-f"/>
      </object_component>
      <object_component id="oc-15c">
         <name>.debug_info</name>
         <load_address>0x6745</load_address>
         <run_address>0x6745</run_address>
         <size>0x14e</size>
         <input_file_ref idref="fl-11"/>
      </object_component>
      <object_component id="oc-272">
         <name>.debug_info</name>
         <load_address>0x6893</load_address>
         <run_address>0x6893</run_address>
         <size>0x212</size>
         <input_file_ref idref="fl-c8"/>
      </object_component>
      <object_component id="oc-1b7">
         <name>.debug_info</name>
         <load_address>0x6aa5</load_address>
         <run_address>0x6aa5</run_address>
         <size>0x208</size>
         <input_file_ref idref="fl-c8"/>
      </object_component>
      <object_component id="oc-269">
         <name>.debug_info</name>
         <load_address>0x6cad</load_address>
         <run_address>0x6cad</run_address>
         <size>0x1c6</size>
         <input_file_ref idref="fl-c8"/>
      </object_component>
      <object_component id="oc-26c">
         <name>.debug_info</name>
         <load_address>0x6e73</load_address>
         <run_address>0x6e73</run_address>
         <size>0x179</size>
         <input_file_ref idref="fl-c8"/>
      </object_component>
      <object_component id="oc-273">
         <name>.debug_info</name>
         <load_address>0x6fec</load_address>
         <run_address>0x6fec</run_address>
         <size>0x2c</size>
         <input_file_ref idref="fl-c8"/>
      </object_component>
      <object_component id="oc-278">
         <name>.debug_info</name>
         <load_address>0x7018</load_address>
         <run_address>0x7018</run_address>
         <size>0x69</size>
         <input_file_ref idref="fl-c8"/>
      </object_component>
      <object_component id="oc-3f">
         <name>.debug_info</name>
         <load_address>0x7081</load_address>
         <run_address>0x7081</run_address>
         <size>0x119</size>
         <input_file_ref idref="fl-c9"/>
      </object_component>
      <object_component id="oc-34f">
         <name>.debug_info</name>
         <load_address>0x719a</load_address>
         <run_address>0x719a</run_address>
         <size>0x134</size>
         <input_file_ref idref="fl-ca"/>
      </object_component>
      <object_component id="oc-8a">
         <name>.debug_info</name>
         <load_address>0x72ce</load_address>
         <run_address>0x72ce</run_address>
         <size>0x1a6</size>
         <input_file_ref idref="fl-cb"/>
      </object_component>
      <object_component id="oc-4a">
         <name>.debug_info</name>
         <load_address>0x7474</load_address>
         <run_address>0x7474</run_address>
         <size>0x1d2</size>
         <input_file_ref idref="fl-cb"/>
      </object_component>
      <object_component id="oc-85">
         <name>.debug_info</name>
         <load_address>0x7646</load_address>
         <run_address>0x7646</run_address>
         <size>0x46</size>
         <input_file_ref idref="fl-cb"/>
      </object_component>
      <object_component id="oc-bc">
         <name>.debug_info</name>
         <load_address>0x768c</load_address>
         <run_address>0x768c</run_address>
         <size>0x2c</size>
         <input_file_ref idref="fl-cb"/>
      </object_component>
      <object_component id="oc-48">
         <name>.debug_info</name>
         <load_address>0x76b8</load_address>
         <run_address>0x76b8</run_address>
         <size>0x17a</size>
         <input_file_ref idref="fl-cc"/>
      </object_component>
      <object_component id="oc-1e">
         <name>.debug_info</name>
         <load_address>0x7832</load_address>
         <run_address>0x7832</run_address>
         <size>0x1ea</size>
         <input_file_ref idref="fl-cc"/>
      </object_component>
      <object_component id="oc-43">
         <name>.debug_info</name>
         <load_address>0x7a1c</load_address>
         <run_address>0x7a1c</run_address>
         <size>0x46</size>
         <input_file_ref idref="fl-cc"/>
      </object_component>
      <object_component id="oc-7d">
         <name>.debug_info</name>
         <load_address>0x7a62</load_address>
         <run_address>0x7a62</run_address>
         <size>0x2c</size>
         <input_file_ref idref="fl-cc"/>
      </object_component>
      <object_component id="oc-7b">
         <name>.debug_info</name>
         <load_address>0x7a8e</load_address>
         <run_address>0x7a8e</run_address>
         <size>0x170</size>
         <input_file_ref idref="fl-cd"/>
      </object_component>
      <object_component id="oc-18">
         <name>.debug_info</name>
         <load_address>0x7bfe</load_address>
         <run_address>0x7bfe</run_address>
         <size>0x250</size>
         <input_file_ref idref="fl-cd"/>
      </object_component>
      <object_component id="oc-33">
         <name>.debug_info</name>
         <load_address>0x7e4e</load_address>
         <run_address>0x7e4e</run_address>
         <size>0x60</size>
         <input_file_ref idref="fl-cd"/>
      </object_component>
      <object_component id="oc-b5">
         <name>.debug_info</name>
         <load_address>0x7eae</load_address>
         <run_address>0x7eae</run_address>
         <size>0x46</size>
         <input_file_ref idref="fl-cd"/>
      </object_component>
      <object_component id="oc-76">
         <name>.debug_info</name>
         <load_address>0x7ef4</load_address>
         <run_address>0x7ef4</run_address>
         <size>0x39</size>
         <input_file_ref idref="fl-cd"/>
      </object_component>
      <object_component id="oc-282">
         <name>.debug_info</name>
         <load_address>0x7f2d</load_address>
         <run_address>0x7f2d</run_address>
         <size>0x172</size>
         <input_file_ref idref="fl-ce"/>
      </object_component>
      <object_component id="oc-1cf">
         <name>.debug_info</name>
         <load_address>0x809f</load_address>
         <run_address>0x809f</run_address>
         <size>0x1a9</size>
         <input_file_ref idref="fl-ce"/>
      </object_component>
      <object_component id="oc-6f">
         <name>.debug_info</name>
         <load_address>0x8248</load_address>
         <run_address>0x8248</run_address>
         <size>0x284</size>
         <input_file_ref idref="fl-cf"/>
      </object_component>
      <object_component id="oc-24">
         <name>.debug_info</name>
         <load_address>0x84cc</load_address>
         <run_address>0x84cc</run_address>
         <size>0x10c</size>
         <input_file_ref idref="fl-cf"/>
      </object_component>
      <object_component id="oc-332">
         <name>.debug_info</name>
         <load_address>0x85d8</load_address>
         <run_address>0x85d8</run_address>
         <size>0x13f</size>
         <input_file_ref idref="fl-cf"/>
      </object_component>
      <object_component id="oc-1d4">
         <name>.debug_info</name>
         <load_address>0x8717</load_address>
         <run_address>0x8717</run_address>
         <size>0x168</size>
         <input_file_ref idref="fl-cf"/>
      </object_component>
      <object_component id="oc-28b">
         <name>.debug_info</name>
         <load_address>0x887f</load_address>
         <run_address>0x887f</run_address>
         <size>0x18e</size>
         <input_file_ref idref="fl-cf"/>
      </object_component>
      <object_component id="oc-299">
         <name>.debug_info</name>
         <load_address>0x8a0d</load_address>
         <run_address>0x8a0d</run_address>
         <size>0x19f</size>
         <input_file_ref idref="fl-cf"/>
      </object_component>
      <object_component id="oc-1e0">
         <name>.debug_info</name>
         <load_address>0x8bac</load_address>
         <run_address>0x8bac</run_address>
         <size>0x203</size>
         <input_file_ref idref="fl-cf"/>
      </object_component>
      <object_component id="oc-292">
         <name>.debug_info</name>
         <load_address>0x8daf</load_address>
         <run_address>0x8daf</run_address>
         <size>0x1db</size>
         <input_file_ref idref="fl-cf"/>
      </object_component>
      <object_component id="oc-1da">
         <name>.debug_info</name>
         <load_address>0x8f8a</load_address>
         <run_address>0x8f8a</run_address>
         <size>0x26e</size>
         <input_file_ref idref="fl-cf"/>
      </object_component>
      <object_component id="oc-286">
         <name>.debug_info</name>
         <load_address>0x91f8</load_address>
         <run_address>0x91f8</run_address>
         <size>0x299</size>
         <input_file_ref idref="fl-cf"/>
      </object_component>
      <object_component id="oc-b0">
         <name>.debug_info</name>
         <load_address>0x9491</load_address>
         <run_address>0x9491</run_address>
         <size>0xb2</size>
         <input_file_ref idref="fl-cf"/>
      </object_component>
      <object_component id="oc-ab">
         <name>.debug_info</name>
         <load_address>0x9543</load_address>
         <run_address>0x9543</run_address>
         <size>0x2c</size>
         <input_file_ref idref="fl-cf"/>
      </object_component>
      <object_component id="oc-280">
         <name>.debug_info</name>
         <load_address>0x956f</load_address>
         <run_address>0x956f</run_address>
         <size>0x161</size>
         <input_file_ref idref="fl-d0"/>
      </object_component>
      <object_component id="oc-1cb">
         <name>.debug_info</name>
         <load_address>0x96d0</load_address>
         <run_address>0x96d0</run_address>
         <size>0x245</size>
         <input_file_ref idref="fl-d0"/>
      </object_component>
      <object_component id="oc-27">
         <name>.debug_info</name>
         <load_address>0x9915</load_address>
         <run_address>0x9915</run_address>
         <size>0x10b</size>
         <input_file_ref idref="fl-d1"/>
      </object_component>
      <object_component id="oc-5c">
         <name>.debug_info</name>
         <load_address>0x9a20</load_address>
         <run_address>0x9a20</run_address>
         <size>0x1a9</size>
         <input_file_ref idref="fl-d1"/>
      </object_component>
      <object_component id="oc-31e">
         <name>.debug_info</name>
         <load_address>0x9bc9</load_address>
         <run_address>0x9bc9</run_address>
         <size>0x462</size>
         <input_file_ref idref="fl-d2"/>
      </object_component>
      <object_component id="oc-2eb">
         <name>.debug_info</name>
         <load_address>0xa02b</load_address>
         <run_address>0xa02b</run_address>
         <size>0x21e</size>
         <input_file_ref idref="fl-d2"/>
      </object_component>
      <object_component id="oc-37c">
         <name>.debug_info</name>
         <load_address>0xa249</load_address>
         <run_address>0xa249</run_address>
         <size>0x1b3</size>
         <input_file_ref idref="fl-d2"/>
      </object_component>
      <object_component id="oc-382">
         <name>.debug_info</name>
         <load_address>0xa3fc</load_address>
         <run_address>0xa3fc</run_address>
         <size>0x21b</size>
         <input_file_ref idref="fl-d2"/>
      </object_component>
      <object_component id="oc-2f6">
         <name>.debug_info</name>
         <load_address>0xa617</load_address>
         <run_address>0xa617</run_address>
         <size>0x3bf</size>
         <input_file_ref idref="fl-d2"/>
      </object_component>
      <object_component id="oc-389">
         <name>.debug_info</name>
         <load_address>0xa9d6</load_address>
         <run_address>0xa9d6</run_address>
         <size>0x30b</size>
         <input_file_ref idref="fl-d2"/>
      </object_component>
      <object_component id="oc-38f">
         <name>.debug_info</name>
         <load_address>0xace1</load_address>
         <run_address>0xace1</run_address>
         <size>0x215</size>
         <input_file_ref idref="fl-d2"/>
      </object_component>
      <object_component id="oc-2fc">
         <name>.debug_info</name>
         <load_address>0xaef6</load_address>
         <run_address>0xaef6</run_address>
         <size>0x228</size>
         <input_file_ref idref="fl-d2"/>
      </object_component>
      <object_component id="oc-302">
         <name>.debug_info</name>
         <load_address>0xb11e</load_address>
         <run_address>0xb11e</run_address>
         <size>0x303</size>
         <input_file_ref idref="fl-d2"/>
      </object_component>
      <object_component id="oc-308">
         <name>.debug_info</name>
         <load_address>0xb421</load_address>
         <run_address>0xb421</run_address>
         <size>0x4b4</size>
         <input_file_ref idref="fl-d2"/>
      </object_component>
      <object_component id="oc-261">
         <name>.debug_info</name>
         <load_address>0xb8d5</load_address>
         <run_address>0xb8d5</run_address>
         <size>0x5f4</size>
         <input_file_ref idref="fl-d2"/>
      </object_component>
      <object_component id="oc-31f">
         <name>.debug_info</name>
         <load_address>0xbec9</load_address>
         <run_address>0xbec9</run_address>
         <size>0x86</size>
         <input_file_ref idref="fl-d2"/>
      </object_component>
      <object_component id="oc-3b7">
         <name>.debug_info</name>
         <load_address>0xbf4f</load_address>
         <run_address>0xbf4f</run_address>
         <size>0x39</size>
         <input_file_ref idref="fl-d2"/>
      </object_component>
      <object_component id="oc-3f8">
         <name>.debug_info</name>
         <load_address>0xbf88</load_address>
         <run_address>0xbf88</run_address>
         <size>0xb6</size>
         <input_file_ref idref="fl-d2"/>
      </object_component>
      <object_component id="oc-3bc">
         <name>.debug_info</name>
         <load_address>0xc03e</load_address>
         <run_address>0xc03e</run_address>
         <size>0x46</size>
         <input_file_ref idref="fl-d2"/>
      </object_component>
      <object_component id="oc-324">
         <name>.debug_info</name>
         <load_address>0xc084</load_address>
         <run_address>0xc084</run_address>
         <size>0x46</size>
         <input_file_ref idref="fl-d2"/>
      </object_component>
      <object_component id="oc-3c9">
         <name>.debug_info</name>
         <load_address>0xc0ca</load_address>
         <run_address>0xc0ca</run_address>
         <size>0x115</size>
         <input_file_ref idref="fl-d3"/>
      </object_component>
      <object_component id="oc-376">
         <name>.debug_info</name>
         <load_address>0xc1df</load_address>
         <run_address>0xc1df</run_address>
         <size>0x14c</size>
         <input_file_ref idref="fl-d4"/>
      </object_component>
      <object_component id="oc-2f0">
         <name>.debug_info</name>
         <load_address>0xc32b</load_address>
         <run_address>0xc32b</run_address>
         <size>0x128</size>
         <input_file_ref idref="fl-d5"/>
      </object_component>
      <object_component id="oc-360">
         <name>.debug_info</name>
         <load_address>0xc453</load_address>
         <run_address>0xc453</run_address>
         <size>0x12a</size>
         <input_file_ref idref="fl-d5"/>
      </object_component>
      <object_component id="oc-35d">
         <name>.debug_info</name>
         <load_address>0xc57d</load_address>
         <run_address>0xc57d</run_address>
         <size>0x13a</size>
         <input_file_ref idref="fl-d6"/>
      </object_component>
      <object_component id="oc-356">
         <name>.debug_info</name>
         <load_address>0xc6b7</load_address>
         <run_address>0xc6b7</run_address>
         <size>0x13a</size>
         <input_file_ref idref="fl-d7"/>
      </object_component>
      <object_component id="oc-365">
         <name>.debug_info</name>
         <load_address>0xc7f1</load_address>
         <run_address>0xc7f1</run_address>
         <size>0x12e</size>
         <input_file_ref idref="fl-d8"/>
      </object_component>
      <object_component id="oc-370">
         <name>.debug_info</name>
         <load_address>0xc91f</load_address>
         <run_address>0xc91f</run_address>
         <size>0x12c</size>
         <input_file_ref idref="fl-d9"/>
      </object_component>
      <object_component id="oc-8e">
         <name>.debug_info</name>
         <load_address>0xca4b</load_address>
         <run_address>0xca4b</run_address>
         <size>0x147</size>
         <input_file_ref idref="fl-da"/>
      </object_component>
      <object_component id="oc-21f">
         <name>.debug_info</name>
         <load_address>0xcb92</load_address>
         <run_address>0xcb92</run_address>
         <size>0x385</size>
         <input_file_ref idref="fl-db"/>
      </object_component>
      <object_component id="oc-124">
         <name>.debug_info</name>
         <load_address>0xcf17</load_address>
         <run_address>0xcf17</run_address>
         <size>0x1a6</size>
         <input_file_ref idref="fl-db"/>
      </object_component>
      <object_component id="oc-2c0">
         <name>.debug_info</name>
         <load_address>0xd0bd</load_address>
         <run_address>0xd0bd</run_address>
         <size>0x39</size>
         <input_file_ref idref="fl-db"/>
      </object_component>
      <object_component id="oc-33b">
         <name>.debug_info</name>
         <load_address>0xd0f6</load_address>
         <run_address>0xd0f6</run_address>
         <size>0x39</size>
         <input_file_ref idref="fl-db"/>
      </object_component>
      <object_component id="oc-2c5">
         <name>.debug_info</name>
         <load_address>0xd12f</load_address>
         <run_address>0xd12f</run_address>
         <size>0x39</size>
         <input_file_ref idref="fl-db"/>
      </object_component>
      <object_component id="oc-2ca">
         <name>.debug_info</name>
         <load_address>0xd168</load_address>
         <run_address>0xd168</run_address>
         <size>0xcd</size>
         <input_file_ref idref="fl-db"/>
      </object_component>
      <object_component id="oc-92">
         <name>.debug_info</name>
         <load_address>0xd235</load_address>
         <run_address>0xd235</run_address>
         <size>0x153</size>
         <input_file_ref idref="fl-dc"/>
      </object_component>
      <object_component id="oc-115">
         <name>.debug_info</name>
         <load_address>0xd388</load_address>
         <run_address>0xd388</run_address>
         <size>0x122</size>
         <input_file_ref idref="fl-de"/>
      </object_component>
      <object_component id="oc-2ba">
         <name>.debug_info</name>
         <load_address>0xd4aa</load_address>
         <run_address>0xd4aa</run_address>
         <size>0x19b</size>
         <input_file_ref idref="fl-df"/>
      </object_component>
      <object_component id="oc-219">
         <name>.debug_info</name>
         <load_address>0xd645</load_address>
         <run_address>0xd645</run_address>
         <size>0x11e</size>
         <input_file_ref idref="fl-df"/>
      </object_component>
      <object_component id="oc-2b3">
         <name>.debug_info</name>
         <load_address>0xd763</load_address>
         <run_address>0xd763</run_address>
         <size>0x12e</size>
         <input_file_ref idref="fl-df"/>
      </object_component>
      <object_component id="oc-3d3">
         <name>.debug_info</name>
         <load_address>0xd891</load_address>
         <run_address>0xd891</run_address>
         <size>0x16e</size>
         <input_file_ref idref="fl-e0"/>
      </object_component>
      <object_component id="oc-36a">
         <name>.debug_info</name>
         <load_address>0xd9ff</load_address>
         <run_address>0xd9ff</run_address>
         <size>0x1da</size>
         <input_file_ref idref="fl-e0"/>
      </object_component>
      <object_component id="oc-34d">
         <name>.debug_info</name>
         <load_address>0xdbd9</load_address>
         <run_address>0xdbd9</run_address>
         <size>0x18b</size>
         <input_file_ref idref="fl-e2"/>
      </object_component>
      <object_component id="oc-2e3">
         <name>.debug_info</name>
         <load_address>0xdd64</load_address>
         <run_address>0xdd64</run_address>
         <size>0x17c</size>
         <input_file_ref idref="fl-e2"/>
      </object_component>
      <object_component id="oc-3c5">
         <name>.debug_info</name>
         <load_address>0xdee0</load_address>
         <run_address>0xdee0</run_address>
         <size>0xf9</size>
         <input_file_ref idref="fl-e3"/>
      </object_component>
      <object_component id="oc-34a">
         <name>.debug_info</name>
         <load_address>0xdfd9</load_address>
         <run_address>0xdfd9</run_address>
         <size>0x105</size>
         <input_file_ref idref="fl-e3"/>
      </object_component>
      <object_component id="oc-3a8">
         <name>.debug_info</name>
         <load_address>0xe0de</load_address>
         <run_address>0xe0de</run_address>
         <size>0x179</size>
         <input_file_ref idref="fl-e4"/>
      </object_component>
      <object_component id="oc-30e">
         <name>.debug_info</name>
         <load_address>0xe257</load_address>
         <run_address>0xe257</run_address>
         <size>0x1b8</size>
         <input_file_ref idref="fl-e4"/>
      </object_component>
      <object_component id="oc-3ea">
         <name>.debug_info</name>
         <load_address>0xe40f</load_address>
         <run_address>0xe40f</run_address>
         <size>0x16c</size>
         <input_file_ref idref="fl-e5"/>
      </object_component>
      <object_component id="oc-3a1">
         <name>.debug_info</name>
         <load_address>0xe57b</load_address>
         <run_address>0xe57b</run_address>
         <size>0x262</size>
         <input_file_ref idref="fl-e5"/>
      </object_component>
      <object_component id="oc-3b4">
         <name>.debug_info</name>
         <load_address>0xe7dd</load_address>
         <run_address>0xe7dd</run_address>
         <size>0x15b</size>
         <input_file_ref idref="fl-e6"/>
      </object_component>
      <object_component id="oc-3b1">
         <name>.debug_info</name>
         <load_address>0xe938</load_address>
         <run_address>0xe938</run_address>
         <size>0x10e</size>
         <input_file_ref idref="fl-e6"/>
      </object_component>
      <object_component id="oc-318">
         <name>.debug_info</name>
         <load_address>0xea46</load_address>
         <run_address>0xea46</run_address>
         <size>0x14e</size>
         <input_file_ref idref="fl-e6"/>
      </object_component>
      <object_component id="oc-3af">
         <name>.debug_info</name>
         <load_address>0xeb94</load_address>
         <run_address>0xeb94</run_address>
         <size>0x161</size>
         <input_file_ref idref="fl-e7"/>
      </object_component>
      <object_component id="oc-315">
         <name>.debug_info</name>
         <load_address>0xecf5</load_address>
         <run_address>0xecf5</run_address>
         <size>0x15a</size>
         <input_file_ref idref="fl-e7"/>
      </object_component>
      <object_component id="oc-3ed">
         <name>.debug_info</name>
         <load_address>0xee4f</load_address>
         <run_address>0xee4f</run_address>
         <size>0x46</size>
         <input_file_ref idref="fl-e7"/>
      </object_component>
      <object_component id="oc-3aa">
         <name>.debug_info</name>
         <load_address>0xee95</load_address>
         <run_address>0xee95</run_address>
         <size>0x39</size>
         <input_file_ref idref="fl-e7"/>
      </object_component>
      <object_component id="oc-3db">
         <name>.debug_info</name>
         <load_address>0xeece</load_address>
         <run_address>0xeece</run_address>
         <size>0x167</size>
         <input_file_ref idref="fl-e8"/>
      </object_component>
      <object_component id="oc-395">
         <name>.debug_info</name>
         <load_address>0xf035</load_address>
         <run_address>0xf035</run_address>
         <size>0x194</size>
         <input_file_ref idref="fl-e8"/>
      </object_component>
      <object_component id="oc-404">
         <name>.debug_info</name>
         <load_address>0xf1c9</load_address>
         <run_address>0xf1c9</run_address>
         <size>0x39</size>
         <input_file_ref idref="fl-e8"/>
      </object_component>
      <object_component id="oc-3dc">
         <name>.debug_info</name>
         <load_address>0xf202</load_address>
         <run_address>0xf202</run_address>
         <size>0x2c</size>
         <input_file_ref idref="fl-e8"/>
      </object_component>
      <object_component id="oc-3e8">
         <name>.debug_info</name>
         <load_address>0xf22e</load_address>
         <run_address>0xf22e</run_address>
         <size>0x1ca</size>
         <input_file_ref idref="fl-e9"/>
      </object_component>
      <object_component id="oc-39b">
         <name>.debug_info</name>
         <load_address>0xf3f8</load_address>
         <run_address>0xf3f8</run_address>
         <size>0x1fb</size>
         <input_file_ref idref="fl-e9"/>
      </object_component>
      <object_component id="oc-3e2">
         <name>.debug_info</name>
         <load_address>0xf5f3</load_address>
         <run_address>0xf5f3</run_address>
         <size>0x15f</size>
         <input_file_ref idref="fl-ea"/>
      </object_component>
      <object_component id="oc-43e">
         <name>.debug_info</name>
         <load_address>0xf752</load_address>
         <run_address>0xf752</run_address>
         <size>0xba</size>
      </object_component>
      <object_component id="oc-205">
         <name>.debug_line</name>
         <load_address>0x0</load_address>
         <run_address>0x0</run_address>
         <size>0x125</size>
         <input_file_ref idref="fl-2"/>
      </object_component>
      <object_component id="oc-211">
         <name>.debug_line</name>
         <load_address>0x125</load_address>
[...]
      <cptbl>
         <name>__TI_cinit_table</name>
         <cprec>
            <name>.data</name>
            <load_address>0x20007608</load_address>
            <load_size>0xd</load_size>
            <run_address>0x20017800</run_address>
            <run_size>0x14</run_size>
            <compression>lzss</compression>
         </cprec>
         <cprec>
            <name>.bss</name>
            <load_address>0x20007628</load_address>
            <load_size>0x8</load_size>
            <run_address>0x20017814</run_address>
            <run_size>0xe</run_size>
            <compression>zero_init</compression>
         </cprec>
      </cptbl>
   </cptbl_list>
   <handler_table>
      <handler_table_name>__TI_handler_table</handler_table_name>
      <handler>
         <index>0x0</index>
         <name>__TI_decompress_lzss</name>
      </handler>
      <handler>
         <index>0x1</index>
         <name>__TI_decompress_none</name>
      </handler>
      <handler>
         <index>0x2</index>
         <name>__TI_zero_init</name>
      </handler>
   </handler_table>
   <symbol_table>
      <symbol id="sm-1">
         <name>__start___llvm_prf_cnts</name>
         <value>0x20017000</value>
      </symbol>
      <symbol id="sm-2">
         <name>__stop___llvm_prf_cnts</name>
         <value>0x20017000</value>
      </symbol>
      <symbol id="sm-3">
         <name>__TI_CINIT_Base</name>
         <value>0x20007630</value>
      </symbol>
      <symbol id="sm-4">
         <name>__TI_CINIT_Limit</name>
         <value>0x20007640</value>
      </symbol>
      <symbol id="sm-5">
         <name>__TI_Handler_Table_Base</name>
         <value>0x20007618</value>
      </symbol>
      <symbol id="sm-6">
         <name>__TI_Handler_Table_Limit</name>
         <value>0x20007624</value>
      </symbol>
      <symbol id="sm-7">
         <name>binit</name>
         <value>0xffffffff</value>
      </symbol>
      <symbol id="sm-8">
         <name>__binit__</name>
         <value>0xffffffff</value>
      </symbol>
      <symbol id="sm-9">
         <name>__STACK_SIZE</name>
         <value>0x100</value>
      </symbol>
      <symbol id="sm-a">
         <name>__STACK_END</name>
         <value>0x20030000</value>
      </symbol>
      <symbol id="sm-b">
         <name>__SYSMEM_SIZE</name>
         <value>0x800</value>
      </symbol>
      <symbol id="sm-c">
         <name>__c_args__</name>
         <value>0xffffffff</value>
      </symbol>
      <symbol id="sm-d">
         <name>__TI_pprof_out_hndl</name>
         <value>0xffffffff</value>
      </symbol>
      <symbol id="sm-e">
         <name>__TI_prof_data_start</name>
         <value>0xffffffff</value>
      </symbol>
      <symbol id="sm-f">
         <name>__TI_prof_data_size</name>
         <value>0xffffffff</value>
      </symbol>
      <symbol id="sm-81">
         <name>SW2_intcount</name>
         <value>0x20017818</value>
      </symbol>
      <symbol id="sm-82">
         <name>SW3_intcount</name>
         <value>0x2001781c</value>
      </symbol>
      <symbol id="sm-83">
         <name>SW2_intflag</name>
         <value>0x20017820</value>
      </symbol>
      <symbol id="sm-84">
         <name>SW3_intflag</name>
         <value>0x20017821</value>
      </symbol>
      <symbol id="sm-85">
         <name>main</name>
         <value>0x20005131</value>
         <object_component_ref idref="oc-97"/>
      </symbol>
      <symbol id="sm-92">
         <name>PinMuxConfig</name>
         <value>0x20005f31</value>
         <object_component_ref idref="oc-e9"/>
      </symbol>
      <symbol id="sm-b1">
         <name>ResetISR</name>
         <value>0x200072ed</value>
         <object_component_ref idref="oc-29"/>
      </symbol>
      <symbol id="sm-b2">
         <name>g_pfnVectors</name>
         <value>0x20004000</value>
         <object_component_ref idref="oc-12"/>
      </symbol>
      <symbol id="sm-f9">
         <name>GetCmd</name>
         <value>0x20004ed3</value>
         <object_component_ref idref="oc-ef"/>
      </symbol>
      <symbol id="sm-fa">
         <name>Message</name>
         <value>0x20004e6f</value>
         <object_component_ref idref="oc-ef"/>
      </symbol>
      <symbol id="sm-fb">
         <name>Report</name>
         <value>0x20005011</value>
         <object_component_ref idref="oc-ef"/>
      </symbol>
      <symbol id="sm-fc">
         <name>Error</name>
         <value>0x20004e9b</value>
         <object_component_ref idref="oc-ef"/>
      </symbol>
      <symbol id="sm-fd">
         <name>InitTerm</name>
         <value>0x20004e51</value>
         <object_component_ref idref="oc-ef"/>
      </symbol>
      <symbol id="sm-fe">
         <name>ClearTerm</name>
         <value>0x20004e91</value>
         <object_component_ref idref="oc-ef"/>
      </symbol>
      <symbol id="sm-ff">
         <name>TrimSpace</name>
         <value>0x20004f79</value>
         <object_component_ref idref="oc-ef"/>
      </symbol>
      <symbol id="sm-14f">
         <name>GPIOIntRegister</name>
         <value>0x20007129</value>
         <object_component_ref idref="oc-f5"/>
      </symbol>
      <symbol id="sm-150">
         <name>GPIOIntEnable</name>
         <value>0x200071d5</value>
         <object_component_ref idref="oc-101"/>
      </symbol>
      <symbol id="sm-151">
         <name>GPIOIntTypeSet</name>
         <value>0x20006879</value>
         <object_component_ref idref="oc-fb"/>
      </symbol>
      <symbol id="sm-152">
         <name>GPIOIntClear</name>
         <value>0x2000728f</value>
         <object_component_ref idref="oc-cb"/>
      </symbol>
      <symbol id="sm-153">
         <name>GPIOIntStatus</name>
         <value>0x200070e5</value>
         <object_component_ref idref="oc-c5"/>
      </symbol>
      <symbol id="sm-154">
         <name>GPIODirModeSet</name>
         <value>0x20006f01</value>
         <object_component_ref idref="oc-196"/>
      </symbol>
      <symbol id="sm-18d">
         <name>IntVTableBaseSet</name>
         <value>0x200072a5</value>
         <object_component_ref idref="oc-d1"/>
      </symbol>
      <symbol id="sm-18e">
         <name>IntEnable</name>
         <value>0x20006475</value>
         <object_component_ref idref="oc-dd"/>
      </symbol>
      <symbol id="sm-18f">
         <name>IntRegister</name>
         <value>0x20007109</value>
         <object_component_ref idref="oc-1fa"/>
      </symbol>
      <symbol id="sm-190">
         <name>IntMasterEnable</name>
         <value>0x20007307</value>
         <object_component_ref idref="oc-d7"/>
      </symbol>
      <symbol id="sm-1c7">
         <name>PinTypeUART</name>
         <value>0x200071ef</value>
         <object_component_ref idref="oc-19c"/>
      </symbol>
      <symbol id="sm-1c8">
         <name>PinTypeGPIO</name>
         <value>0x20006f37</value>
         <object_component_ref idref="oc-190"/>
      </symbol>
      <symbol id="sm-1c9">
         <name>PinConfigSet</name>
         <value>0x200066e5</value>
         <object_component_ref idref="oc-247"/>
      </symbol>
      <symbol id="sm-1ca">
         <name>PinModeSet</name>
         <value>0x20006e05</value>
         <object_component_ref idref="oc-18a"/>
      </symbol>
      <symbol id="sm-250">
         <name>PRCMPeripheralReset</name>
         <value>0x20006b91</value>
         <object_component_ref idref="oc-17d"/>
      </symbol>
      <symbol id="sm-251">
         <name>PRCMPeripheralClkEnable</name>
         <value>0x20006ec5</value>
         <object_component_ref idref="oc-177"/>
      </symbol>
      <symbol id="sm-252">
         <name>PRCMPeripheralClockGet</name>
         <value>0x20006651</value>
         <object_component_ref idref="oc-1a3"/>
      </symbol>
      <symbol id="sm-253">
         <name>PRCMCC3200MCUInit</name>
         <value>0x20005925</value>
         <object_component_ref idref="oc-e3"/>
      </symbol>
      <symbol id="sm-254">
         <name>PRCMHIBRegWrite</name>
         <value>0x2000724f</value>
         <object_component_ref idref="oc-171"/>
      </symbol>
      <symbol id="sm-255">
         <name>PRCMSysResetCauseGet</name>
         <value>0x20006ff9</value>
         <object_component_ref idref="oc-165"/>
      </symbol>
      <symbol id="sm-256">
         <name>PRCMPeripheralClkDisable</name>
         <value>0x20007025</value>
         <object_component_ref idref="oc-183"/>
      </symbol>
      <symbol id="sm-257">
         <name>PRCMHIBRegRead</name>
         <value>0x20007239</value>
         <object_component_ref idref="oc-16b"/>
      </symbol>
      <symbol id="sm-293">
         <name>UARTConfigSetExpClk</name>
         <value>0x20006975</value>
         <object_component_ref idref="oc-1a9"/>
      </symbol>
      <symbol id="sm-294">
         <name>UARTDisable</name>
         <value>0x20006f69</value>
         <object_component_ref idref="oc-251"/>
      </symbol>
      <symbol id="sm-295">
         <name>UARTCharsAvail</name>
         <value>0x20007209</value>
         <object_component_ref idref="oc-1bb"/>
      </symbol>
      <symbol id="sm-296">
         <name>UARTCharGetNonBlocking</name>
         <value>0x20007165</value>
         <object_component_ref idref="oc-1c1"/>
      </symbol>
      <symbol id="sm-297">
         <name>UARTCharPut</name>
         <value>0x20007147</value>
         <object_component_ref idref="oc-1af"/>
      </symbol>
      <symbol id="sm-298">
         <name>UARTEnable</name>
         <value>0x2000709d</value>
         <object_component_ref idref="oc-257"/>
      </symbol>
      <symbol id="sm-29c">
         <name>UtilsDelay</name>
         <value>0x20007321</value>
         <object_component_ref idref="oc-239"/>
      </symbol>
      <symbol id="sm-2a6">
         <name>CPUcpsie</name>
         <value>0x2000727b</value>
         <object_component_ref idref="oc-15a"/>
      </symbol>
      <symbol id="sm-2d6">
         <name>vsnprintf</name>
         <value>0x20006e45</value>
         <object_component_ref idref="oc-1b5"/>
      </symbol>
      <symbol id="sm-2f1">
         <name>memcpy</name>
         <value>0x2000651d</value>
         <object_component_ref idref="oc-3d"/>
      </symbol>
      <symbol id="sm-2f2">
         <name>__aeabi_memcpy</name>
         <value>0x2000651d</value>
         <object_component_ref idref="oc-3d"/>
      </symbol>
      <symbol id="sm-2f3">
         <name>__aeabi_memcpy8</name>
         <value>0x2000651d</value>
         <object_component_ref idref="oc-3d"/>
      </symbol>
      <symbol id="sm-2f4">
         <name>__aeabi_memcpy4</name>
         <value>0x2000651d</value>
         <object_component_ref idref="oc-3d"/>
      </symbol>
      <symbol id="sm-301">
         <name>__aeabi_uldivmod</name>
         <value>0x200065b9</value>
         <object_component_ref idref="oc-34e"/>
      </symbol>
      <symbol id="sm-31a">
         <name>__TI_zero_init_nomemset</name>
         <value>0x20007181</value>
         <object_component_ref idref="oc-49"/>
      </symbol>
      <symbol id="sm-331">
         <name>__TI_decompress_none</name>
         <value>0x200072df</value>
         <object_component_ref idref="oc-1b"/>
      </symbol>
      <symbol id="sm-354">
         <name>__TI_decompress_lzss</name>
         <value>0x20006acb</value>
         <object_component_ref idref="oc-15"/>
      </symbol>
      <symbol id="sm-365">
         <name>memmove</name>
         <value>0x20007075</value>
         <object_component_ref idref="oc-1cd"/>
      </symbol>
      <symbol id="sm-403">
         <name>_sys_memory</name>
         <value>0x20017000</value>
         <object_component_ref idref="oc-23"/>
      </symbol>
      <symbol id="sm-404">
         <name>free</name>
         <value>0x20006129</value>
         <object_component_ref idref="oc-1df"/>
      </symbol>
      <symbol id="sm-405">
         <name>realloc</name>
         <value>0x2000620d</value>
         <object_component_ref idref="oc-1d9"/>
      </symbol>
      <symbol id="sm-406">
         <name>memalign</name>
         <value>0x20005e31</value>
         <object_component_ref idref="oc-283"/>
      </symbol>
      <symbol id="sm-407">
         <name>malloc</name>
         <value>0x20007319</value>
         <object_component_ref idref="oc-1d3"/>
      </symbol>
      <symbol id="sm-408">
         <name>aligned_alloc</name>
         <value>0x20005e31</value>
         <object_component_ref idref="oc-283"/>
      </symbol>
      <symbol id="sm-416">
         <name>strlen</name>
         <value>0x200072b9</value>
         <object_component_ref idref="oc-1c7"/>
      </symbol>
      <symbol id="sm-428">
         <name>__stack</name>
         <value>0x2002ff00</value>
         <object_component_ref idref="oc-26"/>
      </symbol>
      <symbol id="sm-429">
         <name>_c_int00_noargs</name>
         <value>0x200070c1</value>
         <object_component_ref idref="oc-5b"/>
      </symbol>
      <symbol id="sm-58e">
         <name>__TI_printfi</name>
         <value>0x20004401</value>
         <object_component_ref idref="oc-25f"/>
      </symbol>
      <symbol id="sm-598">
         <name>__aeabi_idiv0</name>
         <value>0x20005923</value>
         <object_component_ref idref="oc-3c8"/>
      </symbol>
      <symbol id="sm-599">
         <name>__aeabi_ldiv0</name>
         <value>0x20005923</value>
         <object_component_ref idref="oc-3c8"/>
      </symbol>
      <symbol id="sm-5b0">
         <name>__aeabi_dsub</name>
         <value>0x2000576d</value>
         <object_component_ref idref="oc-374"/>
      </symbol>
      <symbol id="sm-5b1">
         <name>__aeabi_dadd</name>
         <value>0x20005777</value>
         <object_component_ref idref="oc-374"/>
      </symbol>
      <symbol id="sm-5d3">
         <name>__aeabi_cdcmpeq</name>
         <value>0x2000676d</value>
         <object_component_ref idref="oc-2ee"/>
      </symbol>
      <symbol id="sm-5d4">
         <name>__aeabi_cdcmple</name>
         <value>0x2000676d</value>
         <object_component_ref idref="oc-2ee"/>
      </symbol>
      <symbol id="sm-5d5">
         <name>__aeabi_cdrcmple</name>
         <value>0x200067f3</value>
         <object_component_ref idref="oc-35f"/>
      </symbol>
      <symbol id="sm-5e9">
         <name>__aeabi_ddiv</name>
         <value>0x20005bd9</value>
         <object_component_ref idref="oc-35a"/>
      </symbol>
      <symbol id="sm-5f4">
         <name>__aeabi_dmul</name>
         <value>0x2000602d</value>
         <object_component_ref idref="oc-355"/>
      </symbol>
      <symbol id="sm-5fe">
         <name>__aeabi_d2iz</name>
         <value>0x20006d79</value>
         <object_component_ref idref="oc-364"/>
      </symbol>
      <symbol id="sm-608">
         <name>__aeabi_i2d</name>
         <value>0x20006fc9</value>
         <object_component_ref idref="oc-36f"/>
      </symbol>
      <symbol id="sm-617">
         <name>__aeabi_memset</name>
         <value>0x200068fd</value>
         <object_component_ref idref="oc-8b"/>
      </symbol>
      <symbol id="sm-618">
         <name>memset</name>
         <value>0x20006903</value>
         <object_component_ref idref="oc-8b"/>
      </symbol>
      <symbol id="sm-619">
         <name>__aeabi_memset8</name>
         <value>0x200068fd</value>
         <object_component_ref idref="oc-8b"/>
      </symbol>
      <symbol id="sm-61a">
         <name>__aeabi_memset4</name>
         <value>0x200068fd</value>
         <object_component_ref idref="oc-8b"/>
      </symbol>
      <symbol id="sm-61b">
         <name>__aeabi_memclr8</name>
         <value>0x200068fb</value>
         <object_component_ref idref="oc-8b"/>
      </symbol>
      <symbol id="sm-61c">
         <name>__aeabi_memclr4</name>
         <value>0x200068fb</value>
         <object_component_ref idref="oc-8b"/>
      </symbol>
      <symbol id="sm-61d">
         <name>__aeabi_memclr</name>
         <value>0x200068fb</value>
         <object_component_ref idref="oc-8b"/>
      </symbol>
      <symbol id="sm-645">
         <name>__TI_auto_init_nobinit_nopinit</name>
         <value>0x20006dc1</value>
         <object_component_ref idref="oc-120"/>
      </symbol>
      <symbol id="sm-64f">
         <name>_system_pre_init</name>
         <value>0x20007327</value>
         <object_component_ref idref="oc-91"/>
      </symbol>
      <symbol id="sm-65b">
         <name>C$$EXIT</name>
         <value>0x2000732b</value>
         <object_component_ref idref="oc-114"/>
      </symbol>
      <symbol id="sm-65c">
         <name>abort</name>
         <value>0x2000732b</value>
         <object_component_ref idref="oc-114"/>
      </symbol>
      <symbol id="sm-671">
         <name>_nop</name>
         <value>0x20004e4f</value>
         <object_component_ref idref="oc-2b2"/>
      </symbol>
      <symbol id="sm-672">
         <name>_lock</name>
         <value>0x20017800</value>
         <object_component_ref idref="oc-218"/>
      </symbol>
      <symbol id="sm-673">
         <name>_unlock</name>
         <value>0x20017804</value>
         <object_component_ref idref="oc-218"/>
      </symbol>
      <symbol id="sm-682">
         <name>__TI_ltoa</name>
         <value>0x20006c3f</value>
         <object_component_ref idref="oc-369"/>
      </symbol>
      <symbol id="sm-699">
         <name>atoi</name>
         <value>0x20006ce5</value>
         <object_component_ref idref="oc-2e2"/>
      </symbol>
      <symbol id="sm-6a4">
         <name>_ctypes_</name>
         <value>0x20007330</value>
         <object_component_ref idref="oc-349"/>
      </symbol>
      <symbol id="sm-6b4">
         <name>memccpy</name>
         <value>0x200071b9</value>
         <object_component_ref idref="oc-30b"/>
      </symbol>
      <symbol id="sm-6c4">
         <name>strchr</name>
         <value>0x20007265</value>
         <object_component_ref idref="oc-3a0"/>
      </symbol>
      <symbol id="sm-6da">
         <name>__aeabi_errno_addr</name>
         <value>0x20007311</value>
         <object_component_ref idref="oc-317"/>
      </symbol>
      <symbol id="sm-6db">
         <name>errno</name>
         <value>0x20017810</value>
         <object_component_ref idref="oc-3b0"/>
      </symbol>
      <symbol id="sm-6f4">
         <name>wcslen</name>
         <value>0x200072cd</value>
         <object_component_ref idref="oc-311"/>
      </symbol>
      <symbol id="sm-714">
         <name>frexpl</name>
         <value>0x20006b35</value>
         <object_component_ref idref="oc-394"/>
      </symbol>
      <symbol id="sm-715">
         <name>frexp</name>
         <value>0x20006b35</value>
         <object_component_ref idref="oc-394"/>
      </symbol>
      <symbol id="sm-733">
         <name>scalbn</name>
         <value>0x200062f1</value>
         <object_component_ref idref="oc-39a"/>
      </symbol>
      <symbol id="sm-734">
         <name>scalbnl</name>
         <value>0x200062f1</value>
         <object_component_ref idref="oc-39a"/>
      </symbol>
      <symbol id="sm-735">
         <name>ldexpl</name>
         <value>0x200062f1</value>
         <object_component_ref idref="oc-39a"/>
      </symbol>
      <symbol id="sm-736">
         <name>ldexp</name>
         <value>0x200062f1</value>
         <object_component_ref idref="oc-39a"/>
      </symbol>
      <symbol id="sm-740">
         <name>copysign</name>
         <value>0x200072fb</value>
         <object_component_ref idref="oc-3e1"/>
      </symbol>
      <symbol id="sm-741">
         <name>copysignl</name>
         <value>0x200072fb</value>
         <object_component_ref idref="oc-3e1"/>
      </symbol>
      <symbol id="sm-742">
         <name>__TI_static_base__</name>
         <value>0x20007608</value>
      </symbol>
      <symbol id="sm-745">
         <name>__mpu_init</name>
         <value>0x0</value>
      </symbol>
      <symbol id="sm-746">
         <name>_system_post_cinit</name>
         <value>0x0</value>
      </symbol>
   </symbol_table>
   <title>Link successful</title>
</link_info>
