******************************************************************************
                  TI ARM Linker PC v20.2.7                     
******************************************************************************
>> Linked Fri May  3 23:46:21 2024

OUTPUT FILE NAME:   <uart_demo.out>
ENTRY POINT SYMBOL: "_c_int00_noargs"  address: 200070c1


MEMORY CONFIGURATION

         name            origin    length      used     unused   attr    fill
----------------------  --------  ---------  --------  --------  ----  --------
  SRAM_CODE             20004000   00013000  0000363a  0000f9c6  RW X
  SRAM_DATA             20017000   00019000  00000922  000186de  RW X


SEGMENT ALLOCATION MAP

run origin  load origin   length   init length attrs members
----------  ----------- ---------- ----------- ----- -------
20004000    20004000    00003640   00003640    r-x
  20004000    20004000    00000400   00000400    r-- .intvecs
  20004400    20004400    00002f2e   00002f2e    r-x .text
  20007330    20007330    000002d4   000002d4    r-- .const
  20007608    20007608    00000038   00000038    r-- .cinit
20017000    20017000    00000822   00000000    rw-
  20017000    20017000    00000800   00000000    rw- .sysmem
  20017800    20017800    00000014   00000000    rw- .data
  20017814    20017814    0000000e   00000000    rw- .bss
2002ff00    2002ff00    00000100   00000000    rw-
  2002ff00    2002ff00    00000100   00000000    rw- .stack


SECTION ALLOCATION MAP

 output                                  attributes/
section   page    origin      length       input sections
--------  ----  ----------  ----------   ----------------
.intvecs   0    20004000    00000400     
                  20004000    00000400     startup_ccs.obj (.intvecs)

.init_array 
*          0    20004000    00000000     UNINITIALIZED

.text      0    20004400    00002f2e     
                  20004400    00000a4e     rtsv7M4_T_le_eabi.lib : _printfi.c.obj (.text:__TI_printfi)
                  20004e4e    00000002                           : _lock.c.obj (.text:_nop)
                  20004e50    0000027c     uart_if.obj (.text)
                  200050cc    0000026c     main.obj (.text)
                  20005338    00000268     rtsv7M4_T_le_eabi.lib : _printfi.c.obj (.text:_pconv_a)
                  200055a0    000001cc                           : _printfi.c.obj (.text:_pconv_g)
                  2000576c    000001b6                           : fd_add_t2.asm.obj (.text)
                  20005922    00000002                           : div0.asm.obj (.text)
                  20005924    00000178     driverlib.a : prcm.obj (.text:PRCMCC3200MCUInit)
                  20005a9c    0000013c     rtsv7M4_T_le_eabi.lib : _printfi.c.obj (.text:_pconv_e)
                  20005bd8    00000136                           : fd_div_t2.asm.obj (.text)
                  20005d0e    00000002     --HOLE-- [fill = 0]
                  20005d10    00000120                           : _printfi.c.obj (.text:fcvt)
                  20005e30    00000100                           : memory.c.obj (.text:aligned_alloc)
                  20005f30    000000fc     pin_mux_config.obj (.text)
                  2000602c    000000fc     rtsv7M4_T_le_eabi.lib : fd_mul_t2.asm.obj (.text)
                  20006128    000000e4                           : memory.c.obj (.text:free)
                  2000620c    000000e4                           : memory.c.obj (.text:realloc)
                  200062f0    000000d0                           : s_scalbn.c.obj (.text:scalbn)
                  200063c0    000000b1                           : _printfi.c.obj (.text:_ltostr)
                  20006471    00000003     --HOLE-- [fill = 0]
                  20006474    000000a8     driverlib.a : interrupt.obj (.text:IntEnable)
                  2000651c    0000009c     rtsv7M4_T_le_eabi.lib : memcpy_t2.asm.obj (.text)
                  200065b8    00000096                           : ull_div_t2.asm.obj (.text)
                  2000664e    00000002     --HOLE-- [fill = 0]
                  20006650    00000094     driverlib.a : prcm.obj (.text:PRCMPeripheralClockGet)
                  200066e4    00000088                 : pin.obj (.text:PinConfigSet)
                  2000676c    00000086     rtsv7M4_T_le_eabi.lib : fd_cmp_t2.asm.obj (.text:__aeabi_cdcmple)
                  200067f2    00000086                           : fd_cmp_t2.asm.obj (.text:__aeabi_cdrcmple)
                  20006878    00000082     driverlib.a : gpio.obj (.text:GPIOIntTypeSet)
                  200068fa    0000007a     rtsv7M4_T_le_eabi.lib : memset_t2.asm.obj (.text)
                  20006974    00000076     driverlib.a : uart.obj (.text:UARTConfigSetExpClk)
                  200069ea    00000002     --HOLE-- [fill = 0]
                  200069ec    00000070     rtsv7M4_T_le_eabi.lib : memory.c.obj (.text:split)
                  20006a5c    0000006e                           : _printfi.c.obj (.text:_mcpy)
                  20006aca    00000068                           : copy_decompress_lzss.c.obj (.text:decompress:lzss:__TI_decompress_lzss)
                  20006b32    00000002     --HOLE-- [fill = 0]
                  20006b34    0000005c                           : s_frexp.c.obj (.text:frexp)
                  20006b90    00000058     driverlib.a : prcm.obj (.text:PRCMPeripheralReset)
                  20006be8    00000056     rtsv7M4_T_le_eabi.lib : _printfi.c.obj (.text:_pconv_f)
                  20006c3e    00000054                           : _ltoa.c.obj (.text:__TI_ltoa)
                  20006c92    00000052                           : _printfi.c.obj (.text:_ecpy)
                  20006ce4    0000004c                           : atoi.c.obj (.text:atoi)
                  20006d30    00000048     driverlib.a : gpio.obj (.text:GPIOGetIntNumber)
                  20006d78    00000048     rtsv7M4_T_le_eabi.lib : fd_toi_t2.asm.obj (.text)
                  20006dc0    00000044                           : autoinit.c.obj (.text:__TI_auto_init_nobinit_nopinit:__TI_auto_init_nobinit_nopinit)
                  20006e04    00000040     driverlib.a : pin.obj (.text:PinModeSet)
                  20006e44    00000040     rtsv7M4_T_le_eabi.lib : vsnprintf.c.obj (.text:vsnprintf)
                  20006e84    0000003e                           : _printfi.c.obj (.text:_fcpy)
                  20006ec2    00000002     --HOLE-- [fill = 0]
                  20006ec4    0000003c     driverlib.a : prcm.obj (.text:PRCMPeripheralClkEnable)
                  20006f00    00000036                 : gpio.obj (.text:GPIODirModeSet)
                  20006f36    00000030                 : pin.obj (.text:PinTypeGPIO)
                  20006f66    00000002     --HOLE-- [fill = 0]
                  20006f68    00000030                 : uart.obj (.text:UARTDisable)
                  20006f98    00000030     rtsv7M4_T_le_eabi.lib : vsnprintf.c.obj (.text:_outs)
                  20006fc8    0000002e                           : i_tofd_t2.asm.obj (.text)
                  20006ff6    00000002     --HOLE-- [fill = 0]
                  20006ff8    0000002c     driverlib.a : prcm.obj (.text:PRCMSysResetCauseGet)
                  20007024    00000028                 : prcm.obj (.text:PRCMPeripheralClkDisable)
                  2000704c    00000028     rtsv7M4_T_le_eabi.lib : memory.c.obj (.text:free_list_insert)
                  20007074    00000028                           : memmov.c.obj (.text:memmove)
                  2000709c    00000024     driverlib.a : uart.obj (.text:UARTEnable)
                  200070c0    00000024     rtsv7M4_T_le_eabi.lib : boot_cortex_m.c.obj (.text:_c_int00_noargs:_c_int00_noargs)
                  200070e4    00000022     driverlib.a : gpio.obj (.text:GPIOIntStatus)
                  20007106    00000002     --HOLE-- [fill = 0]
                  20007108    00000020                 : interrupt.obj (.text:IntRegister)
                  20007128    0000001e                 : gpio.obj (.text:GPIOIntRegister)
                  20007146    0000001e                 : uart.obj (.text:UARTCharPut)
                  20007164    0000001c                 : uart.obj (.text:UARTCharGetNonBlocking)
                  20007180    0000001c     rtsv7M4_T_le_eabi.lib : copy_zero_init.c.obj (.text:decompress:ZI:__TI_zero_init_nomemset:__TI_zero_init_nomemset)
                  2000719c    0000001c                           : memory.c.obj (.text:free_list_remove)
                  200071b8    0000001c                           : memccpy.c.obj (.text:memccpy)
                  200071d4    0000001a     driverlib.a : gpio.obj (.text:GPIOIntEnable)
                  200071ee    0000001a                 : pin.obj (.text:PinTypeUART)
                  20007208    00000018                 : uart.obj (.text:UARTCharsAvail)
                  20007220    00000018     rtsv7M4_T_le_eabi.lib : vsnprintf.c.obj (.text:_outc)
                  20007238    00000016     driverlib.a : prcm.obj (.text:PRCMHIBRegRead)
                  2000724e    00000016                 : prcm.obj (.text:PRCMHIBRegWrite)
                  20007264    00000016     rtsv7M4_T_le_eabi.lib : strchr.c.obj (.text:strchr)
                  2000727a    00000014     driverlib.a : cpu.obj (.text:CPUcpsie)
                  2000728e    00000014                 : gpio.obj (.text:GPIOIntClear)
                  200072a2    00000002     --HOLE-- [fill = 0]
                  200072a4    00000014                 : interrupt.obj (.text:IntVTableBaseSet)
                  200072b8    00000014     rtsv7M4_T_le_eabi.lib : strlen.c.obj (.text:strlen)
                  200072cc    00000012                           : wcslen.c.obj (.text:wcslen)
                  200072de    0000000e                           : copy_decompress_none.c.obj (.text:decompress:none:__TI_decompress_none)
                  200072ec    0000000e     startup_ccs.obj (.text)
                  200072fa    0000000c     rtsv7M4_T_le_eabi.lib : s_copysign.c.obj (.text:copysign)
                  20007306    0000000a     driverlib.a : interrupt.obj (.text:IntMasterEnable)
                  20007310    00000008     rtsv7M4_T_le_eabi.lib : errno.c.obj (.text:__aeabi_errno_addr)
                  20007318    00000008                           : memory.c.obj (.text:malloc)
                  20007320    00000006     driverlib.a : utils.obj (.text:UtilsDelay)
                  20007326    00000004     rtsv7M4_T_le_eabi.lib : pre_init.c.obj (.text:_system_pre_init)
                  2000732a    00000004                           : exit.c.obj (.text:abort:abort)

.const     0    20007330    000002d4     
                  20007330    00000101     rtsv7M4_T_le_eabi.lib : ctype.c.obj (.const:.string:_ctypes_)
                  20007431    00000003     --HOLE-- [fill = 0]
                  20007434    00000100     driverlib.a : pin.obj (.const:g_ulPinToPadMap)
                  20007534    000000a8                 : prcm.obj (.const:PRCM_PeriphRegsList)
                  200075dc    00000018                 : interrupt.obj (.const:g_pulEnRegs)
                  200075f4    00000008     main.obj (.const:switch2)
                  200075fc    00000008     main.obj (.const:switch3)

.cinit     0    20007608    00000038     
                  20007608    0000000d     (.cinit..data.load) [load image, compression = lzss]
                  20007615    00000003     --HOLE-- [fill = 0]
                  20007618    0000000c     (__TI_handler_table)
                  20007624    00000004     --HOLE-- [fill = 0]
                  20007628    00000008     (.cinit..bss.load) [load image, compression = zero_init]
                  20007630    00000010     (__TI_cinit_table)

.sysmem    0    20017000    00000800     UNINITIALIZED
                  20017000    00000010     rtsv7M4_T_le_eabi.lib : memory.c.obj (.sysmem)
                  20017010    000007f0     --HOLE--

.data      0    20017800    00000014     UNINITIALIZED
                  20017800    00000008     rtsv7M4_T_le_eabi.lib : _lock.c.obj (.data:$O1$$)
                  20017808    00000008                           : memory.c.obj (.data:$O1$$)
                  20017810    00000004                           : errno.c.obj (.data)

.bss       0    20017814    0000000e     UNINITIALIZED
                  20017814    00000004     uart_if.obj (.bss)
                  20017818    00000004     (.common:SW2_intcount)
                  2001781c    00000004     (.common:SW3_intcount)
                  20017820    00000001     (.common:SW2_intflag)
                  20017821    00000001     (.common:SW3_intflag)

.stack     0    2002ff00    00000100     UNINITIALIZED
                  2002ff00    00000004     rtsv7M4_T_le_eabi.lib : boot_cortex_m.c.obj (.stack)
                  2002ff04    000000fc     --HOLE--

__llvm_prf_cnts 
*          0    20017000    00000000     UNINITIALIZED

MODULE SUMMARY

       Module                       code    ro data   rw data
       ------                       ----    -------   -------
    .\
       startup_ccs.obj              14      1024      0      
       main.obj                     620     16        10     
       uart_if.obj                  636     0         4      
       pin_mux_config.obj           252     0         0      
    +--+----------------------------+-------+---------+---------+
       Total:                       1522    1040      14     
                                                             
    C:/ti/CC3200SDK_1.5.0/cc3200-sdk/driverlib/ccs/Release/driverlib.a
       prcm.obj                     800     168       0      
       pin.obj                      274     256       0      
       gpio.obj                     366     0         0      
       uart.obj                     284     0         0      
       interrupt.obj                230     24        0      
       cpu.obj                      20      0         0      
       utils.obj                    6       0         0      
    +--+----------------------------+-------+---------+---------+
       Total:                       1980    448       0      
                                                             
    C:\ti\ccs1270\ccs\tools\compiler\ti-cgt-arm_20.2.7.LTS\lib\rtsv7M4_T_le_eabi.lib
       _printfi.c.obj               4835    0         0      
       memory.c.obj                 900     0         8      
       fd_add_t2.asm.obj            438     0         0      
       fd_div_t2.asm.obj            310     0         0      
       fd_cmp_t2.asm.obj            268     0         0      
       ctype.c.obj                  0       257       0      
       fd_mul_t2.asm.obj            252     0         0      
       s_scalbn.c.obj               208     0         0      
       memcpy_t2.asm.obj            156     0         0      
       ull_div_t2.asm.obj           150     0         0      
       vsnprintf.c.obj              136     0         0      
       memset_t2.asm.obj            122     0         0      
       copy_decompress_lzss.c.obj   104     0         0      
       s_frexp.c.obj                92      0         0      
       _ltoa.c.obj                  84      0         0      
       atoi.c.obj                   76      0         0      
       fd_toi_t2.asm.obj            72      0         0      
       autoinit.c.obj               68      0         0      
       i_tofd_t2.asm.obj            46      0         0      
       memmov.c.obj                 40      0         0      
       boot_cortex_m.c.obj          36      0         0      
       copy_zero_init.c.obj         28      0         0      
       memccpy.c.obj                28      0         0      
       strchr.c.obj                 22      0         0      
       strlen.c.obj                 20      0         0      
       wcslen.c.obj                 18      0         0      
       copy_decompress_none.c.obj   14      0         0      
       errno.c.obj                  8       0         4      
       s_copysign.c.obj             12      0         0      
       _lock.c.obj                  2       0         8      
       exit.c.obj                   4       0         0      
       pre_init.c.obj               4       0         0      
       div0.asm.obj                 2       0         0      
    +--+----------------------------+-------+---------+---------+
       Total:                       8555    257       20     
                                                             
       Heap:                        0       0         2048   
       Stack:                       0       0         256    
       Linker Generated:            0       49        0      
    +--+----------------------------+-------+---------+---------+
       Grand Total:                 12057   1794      2338   


LINKER GENERATED COPY TABLES

__TI_cinit_table @ 20007630 records: 2, size/record: 8, table size: 16
	.data: load addr=20007608, load size=0000000d bytes, run addr=20017800, run size=00000014 bytes, compression=lzss
	.bss: load addr=20007628, load size=00000008 bytes, run addr=20017814, run size=0000000e bytes, compression=zero_init


LINKER GENERATED HANDLER TABLE

__TI_handler_table @ 20007618 records: 3, size/record: 4, table size: 12
	index: 0, handler: __TI_decompress_lzss
	index: 1, handler: __TI_decompress_none
	index: 2, handler: __TI_zero_init


GLOBAL SYMBOLS: SORTED ALPHABETICALLY BY Name 

address   name                          
-------   ----                          
2000732b  C$$EXIT                       
2000727b  CPUcpsie                      
20004e91  ClearTerm                     
20004e9b  Error                         
20006f01  GPIODirModeSet                
2000728f  GPIOIntClear                  
200071d5  GPIOIntEnable                 
20007129  GPIOIntRegister               
200070e5  GPIOIntStatus                 
20006879  GPIOIntTypeSet                
20004ed3  GetCmd                        
20004e51  InitTerm                      
20006475  IntEnable                     
20007307  IntMasterEnable               
20007109  IntRegister                   
200072a5  IntVTableBaseSet              
20004e6f  Message                       
20005925  PRCMCC3200MCUInit             
20007239  PRCMHIBRegRead                
2000724f  PRCMHIBRegWrite               
20007025  PRCMPeripheralClkDisable      
20006ec5  PRCMPeripheralClkEnable       
20006651  PRCMPeripheralClockGet        
20006b91  PRCMPeripheralReset           
20006ff9  PRCMSysResetCauseGet          
200066e5  PinConfigSet                  
20006e05  PinModeSet                    
20005f31  PinMuxConfig                  
20006f37  PinTypeGPIO                   
200071ef  PinTypeUART                   
20005011  Report                        
200072ed  ResetISR                      
20017818  SW2_intcount                  
20017820  SW2_intflag                   
2001781c  SW3_intcount                  
20017821  SW3_intflag                   
20004f79  TrimSpace                     
20007165  UARTCharGetNonBlocking        
20007147  UARTCharPut                   
20007209  UARTCharsAvail                
20006975  UARTConfigSetExpClk           
20006f69  UARTDisable                   
2000709d  UARTEnable                    
20007321  UtilsDelay                    
20030000  __STACK_END                   
00000100  __STACK_SIZE                  
00000800  __SYSMEM_SIZE                 
20007630  __TI_CINIT_Base               
20007640  __TI_CINIT_Limit              
20007618  __TI_Handler_Table_Base       
20007624  __TI_Handler_Table_Limit      
20006dc1  __TI_auto_init_nobinit_nopinit
20006acb  __TI_decompress_lzss          
200072df  __TI_decompress_none          
20006c3f  __TI_ltoa                     
ffffffff  __TI_pprof_out_hndl           
20004401  __TI_printfi                  
ffffffff  __TI_prof_data_size           
ffffffff  __TI_prof_data_start          
20007608  __TI_static_base__            
20007181  __TI_zero_init_nomemset       
2000676d  __aeabi_cdcmpeq               
2000676d  __aeabi_cdcmple               
200067f3  __aeabi_cdrcmple              
20006d79  __aeabi_d2iz                  
20005777  __aeabi_dadd                  
20005bd9  __aeabi_ddiv                  
2000602d  __aeabi_dmul                  
2000576d  __aeabi_dsub                  
20007311  __aeabi_errno_addr            
20006fc9  __aeabi_i2d                   
20005923  __aeabi_idiv0                 
20005923  __aeabi_ldiv0                 
200068fb  __aeabi_memclr                
200068fb  __aeabi_memclr4               
200068fb  __aeabi_memclr8               
2000651d  __aeabi_memcpy                
2000651d  __aeabi_memcpy4               
2000651d  __aeabi_memcpy8               
200068fd  __aeabi_memset                
200068fd  __aeabi_memset4               
200068fd  __aeabi_memset8               
200065b9  __aeabi_uldivmod              
ffffffff  __binit__                     
ffffffff  __c_args__                    
UNDEFED   __mpu_init                    
2002ff00  __stack                       
20017000  __start___llvm_prf_cnts       
20017000  __stop___llvm_prf_cnts        
200070c1  _c_int00_noargs               
20007330  _ctypes_                      
20017800  _lock                         
20004e4f  _nop                          
20017000  _sys_memory                   
UNDEFED   _system_post_cinit            
20007327  _system_pre_init              
20017804  _unlock                       
2000732b  abort                         
20005e31  aligned_alloc                 
20006ce5  atoi                          
ffffffff  binit                         
200072fb  copysign                      
200072fb  copysignl                     
20017810  errno                         
20006129  free                          
20006b35  frexp                         
20006b35  frexpl                        
20004000  g_pfnVectors                  
200062f1  ldexp                         
200062f1  ldexpl                        
20005131  main                          
20007319  malloc                        
20005e31  memalign                      
200071b9  memccpy                       
2000651d  memcpy                        
20007075  memmove                       
20006903  memset                        
2000620d  realloc                       
200062f1  scalbn                        
200062f1  scalbnl                       
20007265  strchr                        
200072b9  strlen                        
20006e45  vsnprintf                     
200072cd  wcslen                        


GLOBAL SYMBOLS: SORTED BY Symbol Address 

address   name                          
-------   ----                          
00000100  __STACK_SIZE                  
00000800  __SYSMEM_SIZE                 
20004000  g_pfnVectors                  
20004401  __TI_printfi                  
20004e4f  _nop                          
20004e51  InitTerm                      
20004e6f  Message                       
20004e91  ClearTerm                     
20004e9b  Error                         
20004ed3  GetCmd                        
20004f79  TrimSpace                     
20005011  Report                        
20005131  main                          
2000576d  __aeabi_dsub                  
20005777  __aeabi_dadd                  
20005923  __aeabi_idiv0                 
20005923  __aeabi_ldiv0                 
20005925  PRCMCC3200MCUInit             
20005bd9  __aeabi_ddiv                  
20005e31  aligned_alloc                 
20005e31  memalign                      
20005f31  PinMuxConfig                  
2000602d  __aeabi_dmul                  
20006129  free                          
2000620d  realloc                       
200062f1  ldexp                         
200062f1  ldexpl                        
200062f1  scalbn                        
200062f1  scalbnl                       
20006475  IntEnable                     
2000651d  __aeabi_memcpy                
2000651d  __aeabi_memcpy4               
2000651d  __aeabi_memcpy8               
2000651d  memcpy                        
200065b9  __aeabi_uldivmod              
20006651  PRCMPeripheralClockGet        
200066e5  PinConfigSet                  
2000676d  __aeabi_cdcmpeq               
2000676d  __aeabi_cdcmple               
200067f3  __aeabi_cdrcmple              
20006879  GPIOIntTypeSet                
200068fb  __aeabi_memclr                
200068fb  __aeabi_memclr4               
200068fb  __aeabi_memclr8               
200068fd  __aeabi_memset                
200068fd  __aeabi_memset4               
200068fd  __aeabi_memset8               
20006903  memset                        
20006975  UARTConfigSetExpClk           
20006acb  __TI_decompress_lzss          
20006b35  frexp                         
20006b35  frexpl                        
20006b91  PRCMPeripheralReset           
20006c3f  __TI_ltoa                     
20006ce5  atoi                          
20006d79  __aeabi_d2iz                  
20006dc1  __TI_auto_init_nobinit_nopinit
20006e05  PinModeSet                    
20006e45  vsnprintf                     
20006ec5  PRCMPeripheralClkEnable       
20006f01  GPIODirModeSet                
20006f37  PinTypeGPIO                   
20006f69  UARTDisable                   
20006fc9  __aeabi_i2d                   
20006ff9  PRCMSysResetCauseGet          
20007025  PRCMPeripheralClkDisable      
20007075  memmove                       
2000709d  UARTEnable                    
200070c1  _c_int00_noargs               
200070e5  GPIOIntStatus                 
20007109  IntRegister                   
20007129  GPIOIntRegister               
20007147  UARTCharPut                   
20007165  UARTCharGetNonBlocking        
20007181  __TI_zero_init_nomemset       
200071b9  memccpy                       
200071d5  GPIOIntEnable                 
200071ef  PinTypeUART                   
20007209  UARTCharsAvail                
20007239  PRCMHIBRegRead                
2000724f  PRCMHIBRegWrite               
20007265  strchr                        
2000727b  CPUcpsie                      
2000728f  GPIOIntClear                  
200072a5  IntVTableBaseSet              
200072b9  strlen                        
200072cd  wcslen                        
200072df  __TI_decompress_none          
200072ed  ResetISR                      
200072fb  copysign                      
200072fb  copysignl                     
20007307  IntMasterEnable               
20007311  __aeabi_errno_addr            
20007319  malloc                        
20007321  UtilsDelay                    
20007327  _system_pre_init              
2000732b  C$$EXIT                       
2000732b  abort                         
20007330  _ctypes_                      
20007608  __TI_static_base__            
20007618  __TI_Handler_Table_Base       
20007624  __TI_Handler_Table_Limit      
20007630  __TI_CINIT_Base               
20007640  __TI_CINIT_Limit              
20017000  __start___llvm_prf_cnts       
20017000  __stop___llvm_prf_cnts        
20017000  _sys_memory                   
20017800  _lock                         
20017804  _unlock                       
20017810  errno                         
20017818  SW2_intcount                  
2001781c  SW3_intcount                  
20017820  SW2_intflag                   
20017821  SW3_intflag                   
2002ff00  __stack                       
20030000  __STACK_END                   
ffffffff  __TI_pprof_out_hndl           
ffffffff  __TI_prof_data_size           
ffffffff  __TI_prof_data_start          
ffffffff  __binit__                     
ffffffff  __c_args__                    
ffffffff  binit                         
UNDEFED   __mpu_init                    
UNDEFED   _system_post_cinit            

[124 symbols]
